Component: ARM Compiler 5.06 update 6 (build 750) Tool: armlink [4d35ed]

==============================================================================

Section Cross References

    startup_gd32f407_427.o(RESET) refers to startup_gd32f407_427.o(STACK) for __initial_sp
    startup_gd32f407_427.o(RESET) refers to startup_gd32f407_427.o(.text) for Reset_Handler
    startup_gd32f407_427.o(RESET) refers to gd32f4xx_it.o(i.NMI_Handler) for NMI_Handler
    startup_gd32f407_427.o(RESET) refers to gd32f4xx_it.o(i.HardFault_Handler) for HardFault_Handler
    startup_gd32f407_427.o(RESET) refers to gd32f4xx_it.o(i.MemManage_Handler) for MemManage_Handler
    startup_gd32f407_427.o(RESET) refers to gd32f4xx_it.o(i.BusFault_Handler) for BusFault_Handler
    startup_gd32f407_427.o(RESET) refers to gd32f4xx_it.o(i.UsageFault_Handler) for UsageFault_Handler
    startup_gd32f407_427.o(RESET) refers to port.o(.emb_text) for SVC_Handler
    startup_gd32f407_427.o(RESET) refers to gd32f4xx_it.o(i.DebugMon_Handler) for DebugMon_Handler
    startup_gd32f407_427.o(RESET) refers to port.o(i.SysTick_Handler) for SysTick_Handler
    startup_gd32f407_427.o(RESET) refers to main.o(i.ENET_IRQHandler) for ENET_IRQHandler
    startup_gd32f407_427.o(.text) refers to system_gd32f4xx.o(i.SystemInit) for SystemInit
    startup_gd32f407_427.o(.text) refers to entry.o(.ARM.Collect$$$$00000000) for __main
    system_gd32f4xx.o(i.SystemCoreClockUpdate) refers to system_gd32f4xx.o(.data) for .data
    system_gd32f4xx.o(i.SystemInit) refers to system_gd32f4xx.o(i.system_clock_config) for system_clock_config
    system_gd32f4xx.o(i.system_clock_config) refers to system_gd32f4xx.o(i.system_clock_120m_25m_hxtal) for system_clock_120m_25m_hxtal
    gd32f4xx_fmc.o(i.fmc_bank0_erase) refers to gd32f4xx_fmc.o(i.fmc_ready_wait) for fmc_ready_wait
    gd32f4xx_fmc.o(i.fmc_bank1_erase) refers to gd32f4xx_fmc.o(i.fmc_ready_wait) for fmc_ready_wait
    gd32f4xx_fmc.o(i.fmc_byte_program) refers to gd32f4xx_fmc.o(i.fmc_ready_wait) for fmc_ready_wait
    gd32f4xx_fmc.o(i.fmc_halfword_program) refers to gd32f4xx_fmc.o(i.fmc_ready_wait) for fmc_ready_wait
    gd32f4xx_fmc.o(i.fmc_mass_erase) refers to gd32f4xx_fmc.o(i.fmc_ready_wait) for fmc_ready_wait
    gd32f4xx_fmc.o(i.fmc_ready_wait) refers to gd32f4xx_fmc.o(i.fmc_state_get) for fmc_state_get
    gd32f4xx_fmc.o(i.fmc_sector_erase) refers to gd32f4xx_fmc.o(i.fmc_ready_wait) for fmc_ready_wait
    gd32f4xx_fmc.o(i.fmc_word_program) refers to gd32f4xx_fmc.o(i.fmc_ready_wait) for fmc_ready_wait
    gd32f4xx_fmc.o(i.ob_drp_disable) refers to gd32f4xx_fmc.o(i.fmc_ready_wait) for fmc_ready_wait
    gd32f4xx_fmc.o(i.ob_drp_enable) refers to gd32f4xx_fmc.o(i.fmc_ready_wait) for fmc_ready_wait
    gd32f4xx_fmc.o(i.ob_erase) refers to gd32f4xx_fmc.o(i.fmc_ready_wait) for fmc_ready_wait
    gd32f4xx_fmc.o(i.ob_security_protection_config) refers to gd32f4xx_fmc.o(i.fmc_ready_wait) for fmc_ready_wait
    gd32f4xx_fmc.o(i.ob_user_write) refers to gd32f4xx_fmc.o(i.fmc_ready_wait) for fmc_ready_wait
    gd32f4xx_fmc.o(i.ob_write_protection_disable) refers to gd32f4xx_fmc.o(i.fmc_ready_wait) for fmc_ready_wait
    gd32f4xx_fmc.o(i.ob_write_protection_enable) refers to gd32f4xx_fmc.o(i.fmc_ready_wait) for fmc_ready_wait
    gd32f4xx_gpio.o(i.gpio_deinit) refers to gd32f4xx_rcu.o(i.rcu_periph_reset_enable) for rcu_periph_reset_enable
    gd32f4xx_gpio.o(i.gpio_deinit) refers to gd32f4xx_rcu.o(i.rcu_periph_reset_disable) for rcu_periph_reset_disable
    gd32f4xx_i2c.o(i.i2c_clock_config) refers to gd32f4xx_rcu.o(i.rcu_clock_freq_get) for rcu_clock_freq_get
    gd32f4xx_i2c.o(i.i2c_deinit) refers to gd32f4xx_rcu.o(i.rcu_periph_reset_enable) for rcu_periph_reset_enable
    gd32f4xx_i2c.o(i.i2c_deinit) refers to gd32f4xx_rcu.o(i.rcu_periph_reset_disable) for rcu_periph_reset_disable
    gd32f4xx_rcu.o(i.rcu_deinit) refers to gd32f4xx_rcu.o(i.rcu_osci_stab_wait) for rcu_osci_stab_wait
    gd32f4xx_rcu.o(i.rcu_osci_stab_wait) refers to gd32f4xx_rcu.o(i.rcu_flag_get) for rcu_flag_get
    gd32f4xx_rtc.o(i.rtc_coarse_calibration_config) refers to gd32f4xx_rtc.o(i.rtc_init_mode_enter) for rtc_init_mode_enter
    gd32f4xx_rtc.o(i.rtc_coarse_calibration_config) refers to gd32f4xx_rtc.o(i.rtc_init_mode_exit) for rtc_init_mode_exit
    gd32f4xx_rtc.o(i.rtc_coarse_calibration_disable) refers to gd32f4xx_rtc.o(i.rtc_init_mode_enter) for rtc_init_mode_enter
    gd32f4xx_rtc.o(i.rtc_coarse_calibration_disable) refers to gd32f4xx_rtc.o(i.rtc_init_mode_exit) for rtc_init_mode_exit
    gd32f4xx_rtc.o(i.rtc_coarse_calibration_enable) refers to gd32f4xx_rtc.o(i.rtc_init_mode_enter) for rtc_init_mode_enter
    gd32f4xx_rtc.o(i.rtc_coarse_calibration_enable) refers to gd32f4xx_rtc.o(i.rtc_init_mode_exit) for rtc_init_mode_exit
    gd32f4xx_rtc.o(i.rtc_deinit) refers to gd32f4xx_rtc.o(i.rtc_init_mode_enter) for rtc_init_mode_enter
    gd32f4xx_rtc.o(i.rtc_deinit) refers to gd32f4xx_rtc.o(i.rtc_register_sync_wait) for rtc_register_sync_wait
[...]
    vPortValidateInterruptPriority           0x08016455   Thumb Code    74  port.o(i.vPortValidateInterruptPriority)
    vQueueAddToRegistry                      0x080164a9   Thumb Code    96  queue.o(i.vQueueAddToRegistry)
    vQueueDelete                             0x0801650d   Thumb Code    64  queue.o(i.vQueueDelete)
    vQueueUnregisterQueue                    0x0801654d   Thumb Code    56  queue.o(i.vQueueUnregisterQueue)
    vQueueWaitForMessageRestricted           0x08016589   Thumb Code    70  queue.o(i.vQueueWaitForMessageRestricted)
    vTaskDelay                               0x080165d1   Thumb Code    78  tasks.o(i.vTaskDelay)
    vTaskInternalSetTimeOutState             0x08016629   Thumb Code    12  tasks.o(i.vTaskInternalSetTimeOutState)
    vTaskMissedYield                         0x08016639   Thumb Code     8  tasks.o(i.vTaskMissedYield)
    vTaskPlaceOnEventList                    0x08016645   Thumb Code    46  tasks.o(i.vTaskPlaceOnEventList)
    vTaskPlaceOnEventListRestricted          0x08016679   Thumb Code    88  tasks.o(i.vTaskPlaceOnEventListRestricted)
    vTaskPriorityDisinheritAfterTimeout      0x080166d5   Thumb Code   210  tasks.o(i.vTaskPriorityDisinheritAfterTimeout)
    vTaskStartScheduler                      0x080167b1   Thumb Code   144  tasks.o(i.vTaskStartScheduler)
    vTaskSuspendAll                          0x08016851   Thumb Code    10  tasks.o(i.vTaskSuspendAll)
    vTaskSwitchContext                       0x08016861   Thumb Code   102  tasks.o(i.vTaskSwitchContext)
    xPortStartScheduler                      0x080168d1   Thumb Code   222  port.o(i.xPortStartScheduler)
    xQueueCreateCountingSemaphore            0x080169c5   Thumb Code    44  queue.o(i.xQueueCreateCountingSemaphore)
    xQueueCreateMutex                        0x080169f1   Thumb Code    24  queue.o(i.xQueueCreateMutex)
    xQueueGenericCreate                      0x08016a09   Thumb Code    86  queue.o(i.xQueueGenericCreate)
    xQueueGenericCreateStatic                0x08016a5f   Thumb Code    76  queue.o(i.xQueueGenericCreateStatic)
    xQueueGenericReset                       0x08016aad   Thumb Code   176  queue.o(i.xQueueGenericReset)
    xQueueGenericSend                        0x08016b61   Thumb Code   416  queue.o(i.xQueueGenericSend)
    xQueueGiveFromISR                        0x08016d05   Thumb Code   218  queue.o(i.xQueueGiveFromISR)
    xQueueReceive                            0x08016de1   Thumb Code   406  queue.o(i.xQueueReceive)
    xQueueSemaphoreTake                      0x08016f7d   Thumb Code   470  queue.o(i.xQueueSemaphoreTake)
    xTaskCheckForTimeOut                     0x08017159   Thumb Code   122  tasks.o(i.xTaskCheckForTimeOut)
    xTaskCreate                              0x080171d9   Thumb Code   100  tasks.o(i.xTaskCreate)
    xTaskCreateStatic                        0x0801723d   Thumb Code    92  tasks.o(i.xTaskCreateStatic)
    xTaskGetSchedulerState                   0x08017299   Thumb Code    24  tasks.o(i.xTaskGetSchedulerState)
    xTaskGetTickCount                        0x080172b5   Thumb Code     6  tasks.o(i.xTaskGetTickCount)
    xTaskGetTickCountFromISR                 0x080172c1   Thumb Code    12  tasks.o(i.xTaskGetTickCountFromISR)
    xTaskIncrementTick                       0x080172d1   Thumb Code   342  tasks.o(i.xTaskIncrementTick)
    xTaskPriorityDisinherit                  0x08017431   Thumb Code   188  tasks.o(i.xTaskPriorityDisinherit)
    xTaskPriorityInherit                     0x080174f5   Thumb Code   192  tasks.o(i.xTaskPriorityInherit)
    xTaskRemoveFromEventList                 0x080175bd   Thumb Code   220  tasks.o(i.xTaskRemoveFromEventList)
    xTaskResumeAll                           0x080176a5   Thumb Code   292  tasks.o(i.xTaskResumeAll)
    xTimerCreateTimerTask                    0x080177d9   Thumb Code    86  timers.o(i.xTimerCreateTimerTask)
    memp_UDP_PCB                             0x08017840   Data          20  memp.o(.constdata)
    memp_TCP_PCB                             0x08017854   Data          20  memp.o(.constdata)
    memp_TCP_PCB_LISTEN                      0x08017868   Data          20  memp.o(.constdata)
    memp_TCP_SEG                             0x0801787c   Data          20  memp.o(.constdata)
    memp_REASSDATA                           0x08017890   Data          20  memp.o(.constdata)
    memp_FRAG_PBUF                           0x080178a4   Data          20  memp.o(.constdata)
    memp_NETBUF                              0x080178b8   Data          20  memp.o(.constdata)
    memp_NETCONN                             0x080178cc   Data          20  memp.o(.constdata)
    memp_TCPIP_MSG_API                       0x080178e0   Data          20  memp.o(.constdata)
    memp_TCPIP_MSG_INPKT                     0x080178f4   Data          20  memp.o(.constdata)
    memp_IGMP_GROUP                          0x08017908   Data          20  memp.o(.constdata)
    memp_SYS_TIMEOUT                         0x0801791c   Data          20  memp.o(.constdata)
    memp_PBUF                                0x08017930   Data          20  memp.o(.constdata)
    memp_PBUF_POOL                           0x08017944   Data          20  memp.o(.constdata)
    memp_pools                               0x08017958   Data          56  memp.o(.constdata)
    tcp_pcb_lists                            0x080179d4   Data          16  tcp.o(.constdata)
    lwip_cyclic_timers                       0x080179e4   Data          32  timeouts.o(.constdata)
    ip_addr_any                              0x08017a04   Data           4  ip4_addr.o(.constdata)
    ethbroadcast                             0x08017a08   Data           6  ethernet.o(.constdata)
    ethzero                                  0x08017a0e   Data           6  ethernet.o(.constdata)
    netconn_aborted                          0x08017a14   Data           1  api_msg.o(.constdata)
    netconn_reset                            0x08017a15   Data           1  api_msg.o(.constdata)
    netconn_closed                           0x08017a16   Data           1  api_msg.o(.constdata)
    SYSVIEW_X_OS_TraceAPI                    0x08017a5c   Data           8  segger_sysview_freertos.o(.constdata)
    __ctype_table                            0x08017a9f   Data         129  ctype_o.o(.constdata)
    Region$$Table$$Base                      0x080180b8   Number         0  anon$$obj.o(Region$$Table)
    Region$$Table$$Limit                     0x080180d8   Number         0  anon$$obj.o(Region$$Table)
    SystemCoreClock                          0x20000000   Data           4  system_gd32f4xx.o(.data)
    dma_current_ptp_txdesc                   0x20000004   Data           4  gd32f4xx_enet.o(.data)
    dma_current_ptp_rxdesc                   0x20000008   Data           4  gd32f4xx_enet.o(.data)
    dma_current_txdesc                       0x20000010   Data           4  gd32f4xx_enet.o(.data)
    dma_current_rxdesc                       0x20000014   Data           4  gd32f4xx_enet.o(.data)
    Des0                                     0x20000020   Data           4  main.o(.data)
    Des1                                     0x20000024   Data           4  main.o(.data)
    Eth_Ddbug                                0x20000028   Data           4  main.o(.data)
    g_rx_semaphore                           0x20000030   Data           4  ethernetif.o(.data)
    lwip_sys_now                             0x2000003c   Data           4  sys_arch.o(.data)
    errno                                    0x20000040   Data           4  sys_arch.o(.data)
    all_size                                 0x20000048   Data           4  tcp_server.o(.data)
    pxCurrentTCB                             0x2000004c   Data           4  tasks.o(.data)
    uxTopUsedPriority                        0x2000007c   Data           4  tasks.o(.data)
    netif_list                               0x2000011c   Data           4  netif.o(.data)
    netif_default                            0x20000120   Data           4  netif.o(.data)
    pbuf_free_ooseq_pending                  0x20000124   Data           1  pbuf.o(.data)
    tcp_active_pcbs_changed                  0x20000128   Data           1  tcp.o(.data)
    tcp_ticks                                0x20000134   Data           4  tcp.o(.data)
    tcp_bound_pcbs                           0x20000138   Data           4  tcp.o(.data)
    tcp_listen_pcbs                          0x2000013c   Data           4  tcp.o(.data)
    tcp_active_pcbs                          0x20000140   Data           4  tcp.o(.data)
    tcp_tw_pcbs                              0x20000144   Data           4  tcp.o(.data)
    tcp_input_pcb                            0x2000016c   Data           4  tcp_in.o(.data)
    udp_pcbs                                 0x20000180   Data           4  udp.o(.data)
    lock_tcpip_core                          0x200001f0   Data           4  tcpip.o(.data)
    __stdout                                 0x2000020c   Data           4  stdout.o(.data)
    rxdesc_tab                               0x20000250   Data          80  gd32f4xx_enet.o(.bss)
    txdesc_tab                               0x200002a0   Data          80  gd32f4xx_enet.o(.bss)
    rx_buff                                  0x200002f0   Data        7620  gd32f4xx_enet.o(.bss)
    tx_buff                                  0x200020b4   Data        7620  gd32f4xx_enet.o(.bss)
    g_mynetif                                0x20003e98   Data         128  netconf.o(.bss)
    xQueueRegistry                           0x20003f18   Data          64  queue.o(.bss)
    ip_data                                  0x20007080   Data          24  ip.o(.bss)
    ram_heap                                 0x20007098   Data       12012  mem.o(.bss)
    memp_memory_UDP_PCB_base                 0x20009f84   Data         160  memp.o(.bss)
    memp_memory_TCP_PCB_base                 0x2000a034   Data         920  memp.o(.bss)
    memp_memory_TCP_PCB_LISTEN_base          0x2000a3dc   Data         224  memp.o(.bss)
    memp_memory_TCP_SEG_base                 0x2000a4cc   Data         800  memp.o(.bss)
    memp_memory_REASSDATA_base               0x2000a7fc   Data         160  memp.o(.bss)
    memp_memory_FRAG_PBUF_base               0x2000a8ac   Data         360  memp.o(.bss)
    memp_memory_NETBUF_base                  0x2000aa24   Data          48  memp.o(.bss)
    memp_memory_NETCONN_base                 0x2000aa64   Data         192  memp.o(.bss)
    memp_memory_TCPIP_MSG_API_base           0x2000ab34   Data         104  memp.o(.bss)
    memp_memory_TCPIP_MSG_INPKT_base         0x2000abac   Data          52  memp.o(.bss)
    memp_memory_IGMP_GROUP_base              0x2000abf0   Data         128  memp.o(.bss)
    memp_memory_SYS_TIMEOUT_base             0x2000ac80   Data         192  memp.o(.bss)
    memp_memory_PBUF_base                    0x2000ad50   Data         256  memp.o(.bss)
    memp_memory_PBUF_POOL_base               0x2000ae60   Data       72720  memp.o(.bss)
    lwip_stats                               0x2001cb00   Data         480  stats.o(.bss)
    _SEGGER_RTT                              0x2001cf04   Data         168  segger_rtt.o(.bss)
    __initial_sp                             0x2001e0c8   Data           0  startup_gd32f407_427.o(STACK)



==============================================================================

Memory Map of the image

  Image Entry point : 0x08000189

  Load Region LR_IROM1 (Base: 0x08000000, Size: 0x000182ec, Max: 0x00100000, ABSOLUTE, COMPRESSED[0x00018128])

    Execution Region ER_IROM1 (Exec base: 0x08000000, Load base: 0x08000000, Size: 0x000180d8, Max: 0x00100000, ABSOLUTE)

    Exec Addr    Load Addr    Size         Type   Attr      Idx    E Section Name        Object

    0x08000000   0x08000000   0x00000188   Data   RO            3    RESET               startup_gd32f407_427.o
    0x08000188   0x08000188   0x00000000   Code   RO        10069  * .ARM.Collect$$$$00000000  mc_w.l(entry.o)
    0x08000188   0x08000188   0x00000004   Code   RO        10381    .ARM.Collect$$$$00000001  mc_w.l(entry2.o)
    0x0800018c   0x0800018c   0x00000004   Code   RO        10384    .ARM.Collect$$$$00000004  mc_w.l(entry5.o)
    0x08000190   0x08000190   0x00000000   Code   RO        10386    .ARM.Collect$$$$00000008  mc_w.l(entry7b.o)
    0x08000190   0x08000190   0x00000000   Code   RO        10388    .ARM.Collect$$$$0000000A  mc_w.l(entry8b.o)
    0x08000190   0x08000190   0x00000008   Code   RO        10389    .ARM.Collect$$$$0000000B  mc_w.l(entry9a.o)
    0x08000198   0x08000198   0x00000000   Code   RO        10391    .ARM.Collect$$$$0000000D  mc_w.l(entry10a.o)
    0x08000198   0x08000198   0x00000000   Code   RO        10393    .ARM.Collect$$$$0000000F  mc_w.l(entry11a.o)
    0x08000198   0x08000198   0x00000004   Code   RO        10382    .ARM.Collect$$$$00002712  mc_w.l(entry2.o)
    0x0800019c   0x0800019c   0x000000be   Code   RO         5535    .emb_text           port.o
    0x0800025a   0x0800025a   0x00000002   PAD
    0x0800025c   0x0800025c   0x00000024   Code   RO            4    .text               startup_gd32f407_427.o
    0x08000280   0x08000280   0x00000008   Code   RO        10072    .text               mc_w.l(ctype_o.o)
    0x08000288   0x08000288   0x00000040   Code   RO        10102    .text               mc_w.l(memmovea.o)
    0x080002c8   0x080002c8   0x00000024   Code   RO        10106    .text               mc_w.l(memseta.o)
    0x080002ec   0x080002ec   0x0000001a   Code   RO        10110    .text               mc_w.l(memcmp.o)
    0x08000306   0x08000306   0x0000001a   Code   RO        10379    .text               mc_w.l(atoi.o)
    0x08000320   0x08000320   0x00000062   Code   RO        10400    .text               mc_w.l(uldiv.o)
    0x08000382   0x08000382   0x00000070   Code   RO        10409    .text               mc_w.l(strtol.o)
    0x080003f2   0x080003f2   0x00000002   PAD
    0x080003f4   0x080003f4   0x00000024   Code   RO        10422    .text               mc_w.l(init.o)
    0x08000418   0x08000418   0x00000000   Code   RO        10424    .text               mc_w.l(semi.o)
    0x08000418   0x08000418   0x0000001e   Code   RO        10425    .text               mc_w.l(llshl.o)
    0x08000436   0x08000436   0x00000020   Code   RO        10427    .text               mc_w.l(llushr.o)
    0x08000456   0x08000456   0x0000009e   Code   RO        10431    .text               mc_w.l(_strtoul.o)
    0x080004f4   0x080004f4   0x00000000   Code   RO        10433    .text               mc_w.l(iusesemip.o)
    0x080004f4   0x080004f4   0x0000001c   Code   RO        10436    .text               mc_w.l(_chval.o)
    0x08000510   0x08000510   0x00000056   Code   RO        10446    .text               mc_w.l(__dczerorl2.o)
    0x08000566   0x08000566   0x00000008   Code   RO         3295    i.AppTask           main.o
    0x0800056e   0x0800056e   0x00000002   Code   RO         3593    i.BusFault_Handler  gd32f4xx_it.o
    0x08000570   0x08000570   0x0000005a   Code   RO         3296    i.CPLD_Init         main.o
    0x080005ca   0x080005ca   0x00000002   PAD
    0x080005cc   0x080005cc   0x000003a0   Code   RO         3297    i.Cpld_GPIO_Init    main.o
    0x0800096c   0x0800096c   0x00000002   Code   RO         3594    i.DebugMon_Handler  gd32f4xx_it.o
    0x0800096e   0x0800096e   0x00000014   Code   RO         3298    i.Delay_Us          main.o
    0x08000982   0x08000982   0x00000002   PAD
    0x08000984   0x08000984   0x00000048   Code   RO         3299    i.ENET_IRQHandler   main.o
    0x080009cc   0x080009cc   0x00000008   Code   RO         4173    i.EXGPIO_Write      cpld_ctrl.o
    0x080009d4   0x080009d4   0x00000002   Code   RO         3595    i.HardFault_Handler  gd32f4xx_it.o
    0x080009d6   0x080009d6   0x00000002   Code   RO         3596    i.MemManage_Handler  gd32f4xx_it.o
    0x080009d8   0x080009d8   0x00000002   Code   RO         3597    i.NMI_Handler       gd32f4xx_it.o
    0x080009da   0x080009da   0x00000002   PAD
    0x080009dc   0x080009dc   0x0000006c   Code   RO         9319    i.SEGGER_RTT_AllocUpBuffer  segger_rtt.o
    0x08000a48   0x08000a48   0x00000060   Code   RO         9320    i.SEGGER_RTT_ConfigDownBuffer  segger_rtt.o
    0x08000aa8   0x08000aa8   0x00000004   Code   RO         9328    i.SEGGER_RTT_Init   segger_rtt.o
    0x08000aac   0x08000aac   0x0000007c   Code   RO         9333    i.SEGGER_RTT_ReadNoLock  segger_rtt.o
    0x08000b28   0x08000b28   0x00000038   Code   RO         9343    i.SEGGER_RTT_Write  segger_rtt.o
    0x08000b60   0x08000b60   0x0000006c   Code   RO         9346    i.SEGGER_RTT_WriteNoLock  segger_rtt.o
    0x08000bcc   0x08000bcc   0x00000078   Code   RO         9347    i.SEGGER_RTT_WriteSkipNoLock  segger_rtt.o
    0x08000c44   0x08000c44   0x00000016   Code   RO         9552    i.SEGGER_RTT_printf  segger_rtt_printf.o
    0x08000c5a   0x08000c5a   0x000001a0   Code   RO         9553    i.SEGGER_RTT_vprintf  segger_rtt_printf.o
    0x08000dfa   0x08000dfa   0x00000002   PAD
    0x08000dfc   0x08000dfc   0x00000028   Code   RO         9294    i.SEGGER_SYSVIEW_Conf  segger_sysview_config_freertos.o
    0x08000e24   0x08000e24   0x00000094   Code   RO         9600    i.SEGGER_SYSVIEW_GetSysDesc  segger_sysview.o
    0x08000eb8   0x08000eb8   0x00000064   Code   RO         9601    i.SEGGER_SYSVIEW_Init  segger_sysview.o
    0x08000f1c   0x08000f1c   0x00000028   Code   RO         9608    i.SEGGER_SYSVIEW_OnIdle  segger_sysview.o
    0x08000f44   0x08000f44   0x0000004c   Code   RO         9609    i.SEGGER_SYSVIEW_OnTaskCreate  segger_sysview.o
    0x08000f90   0x08000f90   0x0000004c   Code   RO         9610    i.SEGGER_SYSVIEW_OnTaskStartExec  segger_sysview.o
    0x08000fdc   0x08000fdc   0x0000004c   Code   RO         9611    i.SEGGER_SYSVIEW_OnTaskStartReady  segger_sysview.o
    0x08001028   0x08001028   0x00000060   Code   RO         9613    i.SEGGER_SYSVIEW_OnTaskStopReady  segger_sysview.o
    0x08001088   0x08001088   0x0000004c   Code   RO         9622    i.SEGGER_SYSVIEW_RecordEnterISR  segger_sysview.o
    0x080010d4   0x080010d4   0x00000028   Code   RO         9624    i.SEGGER_SYSVIEW_RecordExitISR  segger_sysview.o
    0x080010fc   0x080010fc   0x00000028   Code   RO         9625    i.SEGGER_SYSVIEW_RecordExitISRToScheduler  segger_sysview.o
    0x08001124   0x08001124   0x00000034   Code   RO         9629    i.SEGGER_SYSVIEW_RecordSystime  segger_sysview.o
    0x08001158   0x08001158   0x00000044   Code   RO         9630    i.SEGGER_SYSVIEW_RecordU32  segger_sysview.o
    0x0800119c   0x0800119c   0x00000060   Code   RO         9632    i.SEGGER_SYSVIEW_RecordU32x2  segger_sysview.o
    0x080011fc   0x080011fc   0x00000074   Code   RO         9633    i.SEGGER_SYSVIEW_RecordU32x3  segger_sysview.o
    0x08001270   0x08001270   0x0000008c   Code   RO         9634    i.SEGGER_SYSVIEW_RecordU32x4  segger_sysview.o
    0x080012fc   0x080012fc   0x00000028   Code   RO         9640    i.SEGGER_SYSVIEW_RecordVoid  segger_sysview.o
    0x08001324   0x08001324   0x00000084   Code   RO         9642    i.SEGGER_SYSVIEW_SendModule  segger_sysview.o
    0x080013a8   0x080013a8   0x0000001c   Code   RO         9643    i.SEGGER_SYSVIEW_SendModuleDescription  segger_sysview.o
    0x080013c4   0x080013c4   0x00000048   Code   RO         9644    i.SEGGER_SYSVIEW_SendNumModules  segger_sysview.o
    0x0800140c   0x0800140c   0x00000038   Code   RO         9646    i.SEGGER_SYSVIEW_SendSysDesc  segger_sysview.o
    0x08001444   0x08001444   0x000000d8   Code   RO         9647    i.SEGGER_SYSVIEW_SendTaskInfo  segger_sysview.o
    0x0800151c   0x0800151c   0x00000018   Code   RO         9648    i.SEGGER_SYSVIEW_SendTaskList  segger_sysview.o
    0x08001534   0x08001534   0x0000000c   Code   RO         9649    i.SEGGER_SYSVIEW_SetRAMBase  segger_sysview.o
    0x08001540   0x08001540   0x0000000c   Code   RO         9650    i.SEGGER_SYSVIEW_ShrinkId  segger_sysview.o
    0x0800154c   0x0800154c   0x000000c4   Code   RO         9651    i.SEGGER_SYSVIEW_Start  segger_sysview.o
    0x08001610   0x08001610   0x00000034   Code   RO         9652    i.SEGGER_SYSVIEW_Stop  segger_sysview.o
    0x08001644   0x08001644   0x00000064   Code   RO         9653    i.SEGGER_SYSVIEW_Warn  segger_sysview.o
    0x080016a8   0x080016a8   0x00000074   Code   RO         9237    i.SYSVIEW_AddTask   segger_sysview_freertos.o
    0x0800171c   0x0800171c   0x00000030   Code   RO         9239    i.SYSVIEW_SendTaskInfo  segger_sysview_freertos.o
    0x0800174c   0x0800174c   0x00000038   Code   RO         5536    i.SysTick_Handler   port.o
    0x08001784   0x08001784   0x00000090   Code   RO           13    i.SystemInit        system_gd32f4xx.o
    0x08001814   0x08001814   0x000001c4   Code   RO         4232    i.TcpServersTask    tcp_server.o
    0x080019d8   0x080019d8   0x00000002   Code   RO         3601    i.UsageFault_Handler  gd32f4xx_it.o
    0x080019da   0x080019da   0x00000002   PAD
    0x080019dc   0x080019dc   0x00000064   Code   RO         9350    i._DoInit           segger_rtt.o
    0x08001a40   0x08001a40   0x00000042   Code   RO         9657    i._EncodeStr        segger_sysview.o
    0x08001a82   0x08001a82   0x00000018   Code   RO         9351    i._GetAvailWriteSpace  segger_rtt.o
    0x08001a9a   0x08001a9a   0x00000002   PAD
    0x08001a9c   0x08001a9c   0x00000094   Code   RO         9658    i._HandleIncomingPacket  segger_sysview.o
    0x08001b30   0x08001b30   0x00000004   Code   RO         9659    i._PreparePacket    segger_sysview.o
    0x08001b34   0x08001b34   0x000000d8   Code   RO         9554    i._PrintInt         segger_rtt_printf.o
    0x08001c0c   0x08001c0c   0x000000d8   Code   RO         9555    i._PrintUnsigned    segger_rtt_printf.o
    0x08001ce4   0x08001ce4   0x00000140   Code   RO         9662    i._SendPacket       segger_sysview.o
    0x08001e24   0x08001e24   0x0000003e   Code   RO         9556    i._StoreChar        segger_rtt_printf.o
    0x08001e62   0x08001e62   0x00000002   PAD
    0x08001e64   0x08001e64   0x00000068   Code   RO         9664    i._TrySendOverflowPacket  segger_sysview.o
    0x08001ecc   0x08001ecc   0x0000005c   Code   RO         9353    i._WriteBlocking    segger_rtt.o
    0x08001f28   0x08001f28   0x00000044   Code   RO         9354    i._WriteNoCheck     segger_rtt.o
    0x08001f6c   0x08001f6c   0x00000020   Code   RO        10251    i.__0printf$5       mc_w.l(printf5.o)
    0x08001f8c   0x08001f8c   0x00000008   Code   RO        10402    i.__aeabi_errno_addr  mc_w.l(errno.o)
    0x08001f94   0x08001f94   0x0000000e   Code   RO        10440    i.__scatterload_copy  mc_w.l(handlers.o)
    0x08001fa2   0x08001fa2   0x00000002   Code   RO        10441    i.__scatterload_null  mc_w.l(handlers.o)
    0x08001fa4   0x08001fa4   0x0000000e   Code   RO        10442    i.__scatterload_zeroinit  mc_w.l(handlers.o)
    0x08001fb2   0x08001fb2   0x0000001e   Code   RO         9241    i._cbGetTime        segger_sysview_freertos.o
    0x08001fd0   0x08001fd0   0x00000058   Code   RO         9295    i._cbSendSystemDesc  segger_sysview_config_freertos.o
    0x08002028   0x08002028   0x00000034   Code   RO         9242    i._cbSendTaskList   segger_sysview_freertos.o
    0x0800205c   0x0800205c   0x000002c0   Code   RO        10258    i._printf_core      mc_w.l(printf5.o)
    0x0800231c   0x0800231c   0x00000174   Code   RO         8380    i.accept_function   api_msg.o
    0x08002490   0x08002490   0x000000d4   Code   RO         8888    i.alloc_socket      sockets.o
    0x08002564   0x08002564   0x00000014   Code   RO         6001    i.do_memp_free_pool  memp.o
    0x08002578   0x08002578   0x00000030   Code   RO         6002    i.do_memp_malloc_pool  memp.o
    0x080025a8   0x080025a8   0x0000004c   Code   RO         2334    i.enet_default_init  gd32f4xx_enet.o
    0x080025f4   0x080025f4   0x0000001a   Code   RO         2335    i.enet_deinit       gd32f4xx_enet.o
    0x0800260e   0x0800260e   0x00000014   Code   RO         2336    i.enet_delay        gd32f4xx_enet.o
    0x08002622   0x08002622   0x00000002   PAD
    0x08002624   0x08002624   0x00000058   Code   RO         2340    i.enet_desc_information_get  gd32f4xx_enet.o
    0x0800267c   0x0800267c   0x00000090   Code   RO         2342    i.enet_descriptors_chain_init  gd32f4xx_enet.o
    0x0800270c   0x0800270c   0x0000000e   Code   RO         2349    i.enet_enable       gd32f4xx_enet.o
    0x0800271a   0x0800271a   0x00000002   PAD
    0x0800271c   0x0800271c   0x00000098   Code   RO         2359    i.enet_frame_receive  gd32f4xx_enet.o
    0x080027b4   0x080027b4   0x00000088   Code   RO         2360    i.enet_frame_transmit  gd32f4xx_enet.o
    0x0800283c   0x0800283c   0x000001d0   Code   RO         4015    i.enet_gpio_config  eth_bsp_config.o
    0x08002a0c   0x08002a0c   0x00000270   Code   RO         2361    i.enet_init         gd32f4xx_enet.o
    0x08002c7c   0x08002c7c   0x00000028   Code   RO         2363    i.enet_initpara_reset  gd32f4xx_enet.o
    0x08002ca4   0x08002ca4   0x00000030   Code   RO         2365    i.enet_interrupt_enable  gd32f4xx_enet.o
    0x08002cd4   0x08002cd4   0x00000018   Code   RO         2366    i.enet_interrupt_flag_clear  gd32f4xx_enet.o
    0x08002cec   0x08002cec   0x00000020   Code   RO         2367    i.enet_interrupt_flag_get  gd32f4xx_enet.o
    0x08002d0c   0x08002d0c   0x0000002c   Code   RO         2369    i.enet_mac_address_set  gd32f4xx_enet.o
    0x08002d38   0x08002d38   0x0000003c   Code   RO         4016    i.enet_mac_dma_config  eth_bsp_config.o
    0x08002d74   0x08002d74   0x000000d8   Code   RO         2379    i.enet_phy_config   gd32f4xx_enet.o
    0x08002e4c   0x08002e4c   0x00000060   Code   RO         2380    i.enet_phy_write_read  gd32f4xx_enet.o
    0x08002eac   0x08002eac   0x0000000a   Code   RO         2398    i.enet_rx_desc_immediate_receive_complete_interrupt  gd32f4xx_enet.o
    0x08002eb6   0x08002eb6   0x00000002   PAD
    0x08002eb8   0x08002eb8   0x00000020   Code   RO         2400    i.enet_rx_enable    gd32f4xx_enet.o
    0x08002ed8   0x08002ed8   0x00000034   Code   RO         2404    i.enet_software_reset  gd32f4xx_enet.o
    0x08002f0c   0x08002f0c   0x00000030   Code   RO         4017    i.enet_system_setup  eth_bsp_config.o
    0x08002f3c   0x08002f3c   0x00000024   Code   RO         2407    i.enet_tx_enable    gd32f4xx_enet.o
    0x08002f60   0x08002f60   0x00000030   Code   RO         2408    i.enet_txfifo_flush  gd32f4xx_enet.o
    0x08002f90   0x08002f90   0x000001c0   Code   RO         8381    i.err_tcp           api_msg.o
    0x08003150   0x08003150   0x0000001c   Code   RO         8583    i.err_to_errno      err.o
    0x0800316c   0x0800316c   0x0000026c   Code   RO         7626    i.etharp_find_entry  etharp.o
    0x080033d8   0x080033d8   0x0000003c   Code   RO         7627    i.etharp_free_entry  etharp.o
    0x08003414   0x08003414   0x000000ec   Code   RO         7629    i.etharp_input      etharp.o
    0x08003500   0x08003500   0x000001bc   Code   RO         7630    i.etharp_output     etharp.o
    0x080036bc   0x080036bc   0x00000104   Code   RO         7631    i.etharp_output_to_arp_index  etharp.o
    0x080037c0   0x080037c0   0x00000214   Code   RO         7632    i.etharp_query      etharp.o
    0x080039d4   0x080039d4   0x00000178   Code   RO         7633    i.etharp_raw        etharp.o
    0x08003b4c   0x08003b4c   0x0000000c   Code   RO         7635    i.etharp_request    etharp.o
    0x08003b58   0x08003b58   0x00000020   Code   RO         7636    i.etharp_request_dst  etharp.o
    0x08003b78   0x08003b78   0x00000064   Code   RO         7637    i.etharp_tmr        etharp.o
    0x08003bdc   0x08003bdc   0x00000130   Code   RO         7638    i.etharp_update_arp_entry  etharp.o
    0x08003d0c   0x08003d0c   0x000000e4   Code   RO         8135    i.ethernet_input    ethernet.o
    0x08003df0   0x08003df0   0x000000f0   Code   RO         8136    i.ethernet_output   ethernet.o
    0x08003ee0   0x08003ee0   0x00000098   Code   RO         3680    i.ethernetif_init   ethernetif.o
    0x08003f78   0x08003f78   0x00000034   Code   RO         3681    i.ethernetif_input  ethernetif.o
    0x08003fac   0x08003fac   0x00000104   Code   RO         8889    i.event_callback    sockets.o
    0x080040b0   0x080040b0   0x00000010   Code   RO         1787    i.exmc_norsram_enable  gd32f4xx_exmc.o
    0x080040c0   0x080040c0   0x000000bc   Code   RO         1788    i.exmc_norsram_init  gd32f4xx_exmc.o
    0x0800417c   0x0800417c   0x00000012   Code   RO        10395    i.fputc             mc_w.l(fputc.o)
    0x0800418e   0x0800418e   0x0000001e   Code   RO         8890    i.free_socket       sockets.o
    0x080041ac   0x080041ac   0x00000028   Code   RO         8891    i.free_socket_free_elements  sockets.o
    0x080041d4   0x080041d4   0x00000012   Code   RO         8892    i.free_socket_locked  sockets.o
    0x080041e6   0x080041e6   0x00000002   PAD
    0x080041e8   0x080041e8   0x00000044   Code   RO         8893    i.get_socket        sockets.o
    0x0800422c   0x0800422c   0x00000064   Code   RO          417    i.gpio_af_set       gd32f4xx_gpio.o
    0x08004290   0x08004290   0x00000048   Code   RO          425    i.gpio_mode_set     gd32f4xx_gpio.o
    0x080042d8   0x080042d8   0x00000046   Code   RO          427    i.gpio_output_options_set  gd32f4xx_gpio.o
    0x0800431e   0x0800431e   0x00000002   PAD
    0x08004320   0x08004320   0x0000001c   Code   RO         7737    i.icmp_dest_unreach  icmp.o
    0x0800433c   0x0800433c   0x00000374   Code   RO         7738    i.icmp_input        icmp.o
    0x080046b0   0x080046b0   0x00000144   Code   RO         7739    i.icmp_send_response  icmp.o
    0x080047f4   0x080047f4   0x0000001c   Code   RO         7740    i.icmp_time_exceeded  icmp.o
    0x08004810   0x08004810   0x00000022   Code   RO         7865    i.igmp_delaying_member  igmp.o
    0x08004832   0x08004832   0x00000002   PAD
    0x08004834   0x08004834   0x0000001c   Code   RO         7866    i.igmp_init         igmp.o
    0x08004850   0x08004850   0x00000124   Code   RO         7867    i.igmp_input        igmp.o
    0x08004974   0x08004974   0x00000038   Code   RO         7868    i.igmp_ip_output_if  igmp.o
    0x080049ac   0x080049ac   0x000000d8   Code   RO         7869    i.igmp_joingroup    igmp.o
    0x08004a84   0x08004a84   0x00000150   Code   RO         7870    i.igmp_joingroup_netif  igmp.o
    0x08004bd4   0x08004bd4   0x000000e0   Code   RO         7871    i.igmp_leavegroup   igmp.o
    0x08004cb4   0x08004cb4   0x00000160   Code   RO         7872    i.igmp_leavegroup_netif  igmp.o
    0x08004e14   0x08004e14   0x00000014   Code   RO         7873    i.igmp_lookfor_group  igmp.o
    0x08004e28   0x08004e28   0x00000108   Code   RO         7874    i.igmp_lookup_group  igmp.o
    0x08004f30   0x08004f30   0x00000024   Code   RO         7875    i.igmp_remove_group  igmp.o
    0x08004f54   0x08004f54   0x0000001c   Code   RO         7876    i.igmp_report_groups  igmp.o
    0x08004f70   0x08004f70   0x00000130   Code   RO         7877    i.igmp_send         igmp.o
    0x080050a0   0x080050a0   0x00000034   Code   RO         7878    i.igmp_start        igmp.o
    0x080050d4   0x080050d4   0x0000000e   Code   RO         7879    i.igmp_start_timer  igmp.o
    0x080050e2   0x080050e2   0x00000002   PAD
    0x080050e4   0x080050e4   0x0000002c   Code   RO         7881    i.igmp_timeout      igmp.o
    0x08005110   0x08005110   0x00000034   Code   RO         7882    i.igmp_tmr          igmp.o
    0x08005144   0x08005144   0x0000000c   Code   RO         5729    i.inet_chksum       inet_chksum.o
    0x08005150   0x08005150   0x0000004a   Code   RO         5730    i.inet_chksum_pbuf  inet_chksum.o
    0x0800519a   0x0800519a   0x00000028   Code   RO         5731    i.inet_chksum_pseudo  inet_chksum.o
    0x080051c2   0x080051c2   0x0000002c   Code   RO         5732    i.inet_chksum_pseudo_partial  inet_chksum.o
    0x080051ee   0x080051ee   0x0000006c   Code   RO         5733    i.inet_cksum_pseudo_base  inet_chksum.o
    0x0800525a   0x0800525a   0x00000002   PAD
    0x0800525c   0x0800525c   0x000000f8   Code   RO         5734    i.inet_cksum_pseudo_partial_base  inet_chksum.o
    0x08005354   0x08005354   0x00000040   Code   RO         7993    i.ip4_addr_isbroadcast_u32  ip4_addr.o
    0x08005394   0x08005394   0x0000022c   Code   RO         7785    i.ip4_debug_print   ip4.o
    0x080055c0   0x080055c0   0x00000288   Code   RO         8058    i.ip4_frag          ip4_frag.o
    0x08005848   0x08005848   0x000004f8   Code   RO         7786    i.ip4_input         ip4.o
    0x08005d40   0x08005d40   0x0000008c   Code   RO         7787    i.ip4_input_accept  ip4.o
    0x08005dcc   0x08005dcc   0x0000001e   Code   RO         7789    i.ip4_output_if     ip4.o
    0x08005dea   0x08005dea   0x0000003a   Code   RO         7790    i.ip4_output_if_opt  ip4.o
    0x08005e24   0x08005e24   0x00000418   Code   RO         7791    i.ip4_output_if_opt_src  ip4.o
    0x0800623c   0x0800623c   0x000002b0   Code   RO         8059    i.ip4_reass         ip4_frag.o
    0x080064ec   0x080064ec   0x000000c8   Code   RO         7793    i.ip4_route         ip4.o
    0x080065b4   0x080065b4   0x0000000c   Code   RO         7996    i.ip4addr_ntoa      ip4_addr.o
    0x080065c0   0x080065c0   0x00000086   Code   RO         7997    i.ip4addr_ntoa_r    ip4_addr.o
    0x08006646   0x08006646   0x0000000c   Code   RO         5735    i.ip_chksum_pseudo  inet_chksum.o
    0x08006652   0x08006652   0x00000010   Code   RO         5736    i.ip_chksum_pseudo_partial  inet_chksum.o
    0x08006662   0x08006662   0x00000006   Code   RO         8060    i.ip_frag_alloc_pbuf_custom_ref  ip4_frag.o
    0x08006668   0x08006668   0x0000007c   Code   RO         8061    i.ip_frag_free_pbuf_custom_ref  ip4_frag.o
    0x080066e4   0x080066e4   0x0000026c   Code   RO         8062    i.ip_reass_chain_frag_into_datagram_and_validate  ip4_frag.o
    0x08006950   0x08006950   0x000000a4   Code   RO         8063    i.ip_reass_dequeue_datagram  ip4_frag.o
    0x080069f4   0x080069f4   0x00000060   Code   RO         8064    i.ip_reass_enqueue_new_datagram  ip4_frag.o
    0x08006a54   0x08006a54   0x000001a8   Code   RO         8065    i.ip_reass_free_complete_datagram  ip4_frag.o
    0x08006bfc   0x08006bfc   0x00000088   Code   RO         8066    i.ip_reass_remove_oldest_datagram  ip4_frag.o
    0x08006c84   0x08006c84   0x0000002c   Code   RO         8067    i.ip_reass_tmr      ip4_frag.o
    0x08006cb0   0x08006cb0   0x00000084   Code   RO         8068    i.ipfrag_free_pbuf_custom  ip4_frag.o
    0x08006d34   0x08006d34   0x000000bc   Code   RO         3682    i.low_level_init    ethernetif.o
    0x08006df0   0x08006df0   0x0000005c   Code   RO         3683    i.low_level_input   ethernetif.o
    0x08006e4c   0x08006e4c   0x00000088   Code   RO         3684    i.low_level_output  ethernetif.o
    0x08006ed4   0x08006ed4   0x00000308   Code   RO         8894    i.lwip_accept       sockets.o
    0x080071dc   0x080071dc   0x00000148   Code   RO         8895    i.lwip_bind         sockets.o
    0x08007324   0x08007324   0x0000001a   Code   RO         5737    i.lwip_chksum_copy  inet_chksum.o
    0x0800733e   0x0800733e   0x00000002   PAD
    0x08007340   0x08007340   0x000000e4   Code   RO         8896    i.lwip_close        sockets.o
    0x08007424   0x08007424   0x00000040   Code   RO         7342    i.lwip_cyclic_timer  timeouts.o
    0x08007464   0x08007464   0x00000018   Code   RO         5665    i.lwip_htonl        def.o
    0x0800747c   0x0800747c   0x0000000a   Code   RO         5666    i.lwip_htons        def.o
    0x08007486   0x08007486   0x0000002a   Code   RO         5811    i.lwip_init         init.o
    0x080074b0   0x080074b0   0x000000bc   Code   RO         8908    i.lwip_listen       sockets.o
    0x0800756c   0x0800756c   0x00000038   Code   RO         8382    i.lwip_netconn_do_bind  api_msg.o
    0x080075a4   0x080075a4   0x0000012c   Code   RO         8384    i.lwip_netconn_do_close  api_msg.o
    0x080076d0   0x080076d0   0x00000324   Code   RO         8385    i.lwip_netconn_do_close_internal  api_msg.o
    0x080079f4   0x080079f4   0x000001d4   Code   RO         8388    i.lwip_netconn_do_delconn  api_msg.o
    0x08007bc8   0x08007bc8   0x000000f0   Code   RO         8390    i.lwip_netconn_do_getaddr  api_msg.o
    0x08007cb8   0x08007cb8   0x0000003c   Code   RO         8391    i.lwip_netconn_do_join_leave_group  api_msg.o
    0x08007cf4   0x08007cf4   0x000000b8   Code   RO         8393    i.lwip_netconn_do_listen  api_msg.o
    0x08007dac   0x08007dac   0x00000012   Code   RO         8394    i.lwip_netconn_do_newconn  api_msg.o
    0x08007dbe   0x08007dbe   0x00000046   Code   RO         8395    i.lwip_netconn_do_recv  api_msg.o
    0x08007e04   0x08007e04   0x000003d4   Code   RO         8398    i.lwip_netconn_do_writemore  api_msg.o
    0x080081d8   0x080081d8   0x00000094   Code   RO         8399    i.lwip_netconn_err_to_msg  api_msg.o
    0x0800826c   0x0800826c   0x000000a0   Code   RO         8400    i.lwip_netconn_is_err_msg  api_msg.o
    0x0800830c   0x0800830c   0x00000002   Code   RO         3301    i.lwip_netif_status_callback  main.o
    0x0800830e   0x0800830e   0x00000044   Code   RO         8910    i.lwip_poll_should_wake  sockets.o
    0x08008352   0x08008352   0x0000000e   Code   RO         8914    i.lwip_recv         sockets.o
    0x08008360   0x08008360   0x0000035c   Code   RO         8915    i.lwip_recv_tcp     sockets.o
    0x080086bc   0x080086bc   0x000000ac   Code   RO         8916    i.lwip_recv_tcp_from  sockets.o
    0x08008768   0x08008768   0x00000160   Code   RO         8917    i.lwip_recvfrom     sockets.o
    0x080088c8   0x080088c8   0x000002dc   Code   RO         8918    i.lwip_recvfrom_udp_raw  sockets.o
    0x08008ba4   0x08008ba4   0x00000068   Code   RO         8925    i.lwip_setsockopt   sockets.o
    0x08008c0c   0x08008c0c   0x000007c8   Code   RO         8926    i.lwip_setsockopt_impl  sockets.o
    0x080093d4   0x080093d4   0x0000010c   Code   RO         8928    i.lwip_sock_make_addr  sockets.o
    0x080094e0   0x080094e0   0x000001c8   Code   RO         8929    i.lwip_socket       sockets.o
    0x080096a8   0x080096a8   0x0000004c   Code   RO         8931    i.lwip_socket_drop_registered_memberships  sockets.o
    0x080096f4   0x080096f4   0x00000044   Code   RO         8932    i.lwip_socket_register_membership  sockets.o
    0x08009738   0x08009738   0x0000005c   Code   RO         8935    i.lwip_socket_unregister_membership  sockets.o
    0x08009794   0x08009794   0x0000008c   Code   RO         8936    i.lwip_sockopt_to_ipopt  sockets.o
    0x08009820   0x08009820   0x0000005c   Code   RO         4077    i.lwip_stack_init   netconf.o
    0x0800987c   0x0800987c   0x00000056   Code   RO         5738    i.lwip_standard_chksum  inet_chksum.o
    0x080098d2   0x080098d2   0x00000002   PAD
    0x080098d4   0x080098d4   0x0000002c   Code   RO         8584    i.lwip_strerr       err.o
    0x08009900   0x08009900   0x000000a8   Code   RO         3302    i.main              main.o
    0x080099a8   0x080099a8   0x00000094   Code   RO         5914    i.mem_free          mem.o
    0x08009a3c   0x08009a3c   0x000000b8   Code   RO         5915    i.mem_init          mem.o
    0x08009af4   0x08009af4   0x00000050   Code   RO         5916    i.mem_link_valid    mem.o
    0x08009b44   0x08009b44   0x00000228   Code   RO         5917    i.mem_malloc        mem.o
    0x08009d6c   0x08009d6c   0x00000010   Code   RO         5918    i.mem_to_ptr        mem.o
    0x08009d7c   0x08009d7c   0x0000022c   Code   RO         5919    i.mem_trim          mem.o
    0x08009fa8   0x08009fa8   0x0000003c   Code   RO         6003    i.memp_free         memp.o
    0x08009fe4   0x08009fe4   0x00000030   Code   RO         6005    i.memp_init         memp.o
    0x0800a014   0x0800a014   0x00000030   Code   RO         6006    i.memp_init_pool    memp.o
    0x0800a044   0x0800a044   0x00000044   Code   RO         6007    i.memp_malloc       memp.o
    0x0800a088   0x0800a088   0x00000024   Code   RO         8658    i.netbuf_delete     netbuf.o
    0x0800a0ac   0x0800a0ac   0x000000e8   Code   RO         8168    i.netconn_accept    api_lib.o
    0x0800a194   0x0800a194   0x00000104   Code   RO         8401    i.netconn_alloc     api_msg.o
    0x0800a298   0x0800a298   0x0000001c   Code   RO         8169    i.netconn_apimsg    api_lib.o
    0x0800a2b4   0x0800a2b4   0x00000054   Code   RO         8170    i.netconn_bind      api_lib.o
    0x0800a308   0x0800a308   0x00000050   Code   RO         8173    i.netconn_close_shutdown  api_lib.o
    0x0800a358   0x0800a358   0x00000022   Code   RO         8175    i.netconn_delete    api_lib.o
    0x0800a37a   0x0800a37a   0x0000009a   Code   RO         8402    i.netconn_drain     api_msg.o
    0x0800a414   0x0800a414   0x00000014   Code   RO         8177    i.netconn_err       api_lib.o
    0x0800a428   0x0800a428   0x00000160   Code   RO         8403    i.netconn_free      api_msg.o
    0x0800a588   0x0800a588   0x000000b0   Code   RO         8178    i.netconn_getaddr   api_lib.o
    0x0800a638   0x0800a638   0x00000068   Code   RO         8179    i.netconn_join_leave_group  api_lib.o
    0x0800a6a0   0x0800a6a0   0x00000048   Code   RO         8181    i.netconn_listen_with_backlog  api_lib.o
    0x0800a6e8   0x0800a6e8   0x0000016c   Code   RO         8182    i.netconn_new_with_proto_and_callback  api_lib.o
    0x0800a854   0x0800a854   0x00000028   Code   RO         8183    i.netconn_prepare_delete  api_lib.o
    0x0800a87c   0x0800a87c   0x00000184   Code   RO         8185    i.netconn_recv_data  api_lib.o
    0x0800aa00   0x0800aa00   0x0000009e   Code   RO         8186    i.netconn_recv_data_tcp  api_lib.o
    0x0800aa9e   0x0800aa9e   0x00000002   PAD
    0x0800aaa0   0x0800aaa0   0x0000004c   Code   RO         8188    i.netconn_recv_tcp_pbuf_flags  api_lib.o
    0x0800aaec   0x0800aaec   0x00000054   Code   RO         8190    i.netconn_recv_udp_raw_netbuf_flags  api_lib.o
    0x0800ab40   0x0800ab40   0x00000050   Code   RO         8194    i.netconn_tcp_recvd  api_lib.o
    0x0800ab90   0x0800ab90   0x00000058   Code   RO         8195    i.netconn_tcp_recvd_msg  api_lib.o
    0x0800abe8   0x0800abe8   0x000001fc   Code   RO         6178    i.netif_add         netif.o
    0x0800ade4   0x0800ade4   0x0000001a   Code   RO         6182    i.netif_do_ip_addr_changed  netif.o
    0x0800adfe   0x0800adfe   0x00000002   PAD
    0x0800ae00   0x0800ae00   0x00000090   Code   RO         6183    i.netif_do_set_gw   netif.o
    0x0800ae90   0x0800ae90   0x000000bc   Code   RO         6184    i.netif_do_set_ipaddr  netif.o
    0x0800af4c   0x0800af4c   0x00000090   Code   RO         6185    i.netif_do_set_netmask  netif.o
    0x0800afdc   0x0800afdc   0x00000050   Code   RO         6186    i.netif_find        netif.o
    0x0800b02c   0x0800b02c   0x00000028   Code   RO         6187    i.netif_get_by_index  netif.o
    0x0800b054   0x0800b054   0x00000048   Code   RO         6189    i.netif_init        netif.o
    0x0800b09c   0x0800b09c   0x00000098   Code   RO         6191    i.netif_invoke_ext_callback  netif.o
    0x0800b134   0x0800b134   0x000000bc   Code   RO         6192    i.netif_issue_reports  netif.o
    0x0800b1f0   0x0800b1f0   0x000001e0   Code   RO         6193    i.netif_loop_output  netif.o
    0x0800b3d0   0x0800b3d0   0x00000004   Code   RO         6194    i.netif_loop_output_ipv4  netif.o
    0x0800b3d4   0x0800b3d4   0x000000b8   Code   RO         6195    i.netif_loopif_init  netif.o
    0x0800b48c   0x0800b48c   0x00000006   Code   RO         6197    i.netif_null_output_ip4  netif.o
    0x0800b492   0x0800b492   0x00000002   PAD
    0x0800b494   0x0800b494   0x00000170   Code   RO         6198    i.netif_poll        netif.o
    0x0800b604   0x0800b604   0x000000a8   Code   RO         6201    i.netif_set_addr    netif.o
    0x0800b6ac   0x0800b6ac   0x0000000c   Code   RO         6202    i.netif_set_default  netif.o
    0x0800b6b8   0x0800b6b8   0x00000064   Code   RO         6207    i.netif_set_link_up  netif.o
    0x0800b71c   0x0800b71c   0x00000008   Code   RO         6209    i.netif_set_status_callback  netif.o
    0x0800b724   0x0800b724   0x00000078   Code   RO         6210    i.netif_set_up      netif.o
    0x0800b79c   0x0800b79c   0x00000022   Code   RO         4018    i.nvic_configuration  eth_bsp_config.o
    0x0800b7be   0x0800b7be   0x00000002   PAD
    0x0800b7c0   0x0800b7c0   0x0000009c   Code   RO         2851    i.nvic_irq_enable   gd32f4xx_misc.o
    0x0800b85c   0x0800b85c   0x00000014   Code   RO         2852    i.nvic_priority_group_set  gd32f4xx_misc.o
    0x0800b870   0x0800b870   0x00000018   Code   RO         2853    i.nvic_vector_table_set  gd32f4xx_misc.o
    0x0800b888   0x0800b888   0x00000006   Code   RO         6410    i.pbuf_add_header   pbuf.o
    0x0800b88e   0x0800b88e   0x00000002   PAD
    0x0800b890   0x0800b890   0x000000c0   Code   RO         6412    i.pbuf_add_header_impl  pbuf.o
    0x0800b950   0x0800b950   0x00000190   Code   RO         6413    i.pbuf_alloc        pbuf.o
    0x0800bae0   0x0800bae0   0x000000a4   Code   RO         6414    i.pbuf_alloc_reference  pbuf.o
    0x0800bb84   0x0800bb84   0x00000030   Code   RO         6415    i.pbuf_alloced_custom  pbuf.o
    0x0800bbb4   0x0800bbb4   0x00000124   Code   RO         6416    i.pbuf_cat          pbuf.o
    0x0800bcd8   0x0800bcd8   0x00000012   Code   RO         6418    i.pbuf_clen         pbuf.o
    0x0800bcea   0x0800bcea   0x00000002   PAD
    0x0800bcec   0x0800bcec   0x00000090   Code   RO         6419    i.pbuf_clone        pbuf.o
    0x0800bd7c   0x0800bd7c   0x0000003c   Code   RO         6421    i.pbuf_copy         pbuf.o
    0x0800bdb8   0x0800bdb8   0x000000c0   Code   RO         6422    i.pbuf_copy_partial  pbuf.o
    0x0800be78   0x0800be78   0x00000250   Code   RO         6423    i.pbuf_copy_partial_pbuf  pbuf.o
    0x0800c0c8   0x0800c0c8   0x00000158   Code   RO         6426    i.pbuf_free         pbuf.o
    0x0800c220   0x0800c220   0x00000034   Code   RO         6427    i.pbuf_free_header  pbuf.o
    0x0800c254   0x0800c254   0x00000028   Code   RO         6428    i.pbuf_free_ooseq   pbuf.o
    0x0800c27c   0x0800c27c   0x00000004   Code   RO         6429    i.pbuf_free_ooseq_callback  pbuf.o
    0x0800c280   0x0800c280   0x00000006   Code   RO         6433    i.pbuf_header_force  pbuf.o
    0x0800c286   0x0800c286   0x0000000e   Code   RO         6434    i.pbuf_header_impl  pbuf.o
    0x0800c294   0x0800c294   0x0000001c   Code   RO         6435    i.pbuf_init_alloced_pbuf  pbuf.o
    0x0800c2b0   0x0800c2b0   0x00000028   Code   RO         6438    i.pbuf_pool_is_empty  pbuf.o
    0x0800c2d8   0x0800c2d8   0x00000128   Code   RO         6440    i.pbuf_realloc      pbuf.o
    0x0800c400   0x0800c400   0x00000080   Code   RO         6441    i.pbuf_ref          pbuf.o
    0x0800c480   0x0800c480   0x000000c8   Code   RO         6442    i.pbuf_remove_header  pbuf.o
    0x0800c548   0x0800c548   0x000000e4   Code   RO         6445    i.pbuf_split_64k    pbuf.o
    0x0800c62c   0x0800c62c   0x000000e4   Code   RO         8404    i.pcb_new           api_msg.o
    0x0800c710   0x0800c710   0x00000198   Code   RO         5920    i.plug_holes        mem.o
    0x0800c8a8   0x0800c8a8   0x000000cc   Code   RO         8405    i.poll_tcp          api_msg.o
    0x0800c974   0x0800c974   0x0000009c   Code   RO         4882    i.prvAddCurrentTaskToDelayedList  tasks.o
    0x0800ca10   0x0800ca10   0x000000cc   Code   RO         4883    i.prvAddNewTaskToReadyList  tasks.o
    0x0800cadc   0x0800cadc   0x0000005c   Code   RO         5290    i.prvCheckForValidListAndQueue  timers.o
    0x0800cb38   0x0800cb38   0x0000003c   Code   RO         4884    i.prvCheckTasksWaitingTermination  tasks.o
    0x0800cb74   0x0800cb74   0x00000028   Code   RO         4462    i.prvCopyDataFromQueue  queue.o
    0x0800cb9c   0x0800cb9c   0x0000006e   Code   RO         4463    i.prvCopyDataToQueue  queue.o
    0x0800cc0a   0x0800cc0a   0x00000040   Code   RO         4885    i.prvDeleteTCB      tasks.o
    0x0800cc4a   0x0800cc4a   0x00000014   Code   RO         4464    i.prvGetDisinheritPriorityAfterTimeout  queue.o
    0x0800cc5e   0x0800cc5e   0x00000002   PAD
    0x0800cc60   0x0800cc60   0x00000024   Code   RO         5291    i.prvGetNextExpireTime  timers.o
    0x0800cc84   0x0800cc84   0x0000004c   Code   RO         5472    i.prvHeapInit       heap_4.o
    0x0800ccd0   0x0800ccd0   0x00000014   Code   RO         4886    i.prvIdleTask       tasks.o
    0x0800cce4   0x0800cce4   0x00000018   Code   RO         4465    i.prvInitialiseMutex  queue.o
    0x0800ccfc   0x0800ccfc   0x00000036   Code   RO         4466    i.prvInitialiseNewQueue  queue.o
    0x0800cd32   0x0800cd32   0x000000ba   Code   RO         4887    i.prvInitialiseNewTask  tasks.o
    0x0800cdec   0x0800cdec   0x00000058   Code   RO         4888    i.prvInitialiseTaskLists  tasks.o
    0x0800ce44   0x0800ce44   0x00000054   Code   RO         5473    i.prvInsertBlockIntoFreeList  heap_4.o
    0x0800ce98   0x0800ce98   0x00000040   Code   RO         5293    i.prvInsertTimerInActiveList  timers.o
    0x0800ced8   0x0800ced8   0x0000001a   Code   RO         4467    i.prvIsQueueEmpty   queue.o
    0x0800cef2   0x0800cef2   0x0000001e   Code   RO         4468    i.prvIsQueueFull    queue.o
    0x0800cf10   0x0800cf10   0x00000040   Code   RO         5294    i.prvProcessExpiredTimer  timers.o
    0x0800cf50   0x0800cf50   0x000000e4   Code   RO         5295    i.prvProcessReceivedCommands  timers.o
    0x0800d034   0x0800d034   0x0000006c   Code   RO         5296    i.prvProcessTimerOrBlockTask  timers.o
    0x0800d0a0   0x0800d0a0   0x00000028   Code   RO         5297    i.prvReloadTimer    timers.o
    0x0800d0c8   0x0800d0c8   0x00000020   Code   RO         4890    i.prvResetNextTaskUnblockTime  tasks.o
    0x0800d0e8   0x0800d0e8   0x0000002c   Code   RO         5298    i.prvSampleTimeNow  timers.o
    0x0800d114   0x0800d114   0x0000002c   Code   RO         5299    i.prvSwitchTimerLists  timers.o
    0x0800d140   0x0800d140   0x0000002c   Code   RO         5537    i.prvTaskExitError  port.o
    0x0800d16c   0x0800d16c   0x00000014   Code   RO         5300    i.prvTimerTask      timers.o
    0x0800d180   0x0800d180   0x0000006a   Code   RO         4469    i.prvUnlockQueue    queue.o
    0x0800d1ea   0x0800d1ea   0x00000002   PAD
    0x0800d1ec   0x0800d1ec   0x0000000c   Code   RO         5921    i.ptr_to_mem        mem.o
    0x0800d1f8   0x0800d1f8   0x000000ec   Code   RO         5474    i.pvPortMalloc      heap_4.o
    0x0800d2e4   0x0800d2e4   0x00000018   Code   RO         4894    i.pvTaskIncrementMutexHeldCount  tasks.o
    0x0800d2fc   0x0800d2fc   0x00000024   Code   RO         5538    i.pxPortInitialiseStack  port.o
    0x0800d320   0x0800d320   0x00000014   Code   RO          770    i.rcu_ckout0_config  gd32f4xx_rcu.o
    0x0800d334   0x0800d334   0x000000e4   Code   RO          772    i.rcu_clock_freq_get  gd32f4xx_rcu.o
    0x0800d418   0x0800d418   0x00000020   Code   RO          791    i.rcu_periph_clock_enable  gd32f4xx_rcu.o
    0x0800d438   0x0800d438   0x00000020   Code   RO          794    i.rcu_periph_reset_disable  gd32f4xx_rcu.o
    0x0800d458   0x0800d458   0x00000020   Code   RO          795    i.rcu_periph_reset_enable  gd32f4xx_rcu.o
    0x0800d478   0x0800d478   0x00000178   Code   RO         8406    i.recv_tcp          api_msg.o
    0x0800d5f0   0x0800d5f0   0x00000190   Code   RO         8407    i.recv_udp          api_msg.o
    0x0800d780   0x0800d780   0x000000a4   Code   RO         8940    i.select_check_waiters  sockets.o
    0x0800d824   0x0800d824   0x000000cc   Code   RO         8408    i.sent_tcp          api_msg.o
    0x0800d8f0   0x0800d8f0   0x00000044   Code   RO         8409    i.setup_tcp         api_msg.o
    0x0800d934   0x0800d934   0x00000014   Code   RO         6677    i.stats_init        stats.o
    0x0800d948   0x0800d948   0x00000040   Code   RO         3782    i.sys_arch_mbox_fetch  sys_arch.o
    0x0800d988   0x0800d988   0x0000001e   Code   RO         3783    i.sys_arch_mbox_tryfetch  sys_arch.o
    0x0800d9a6   0x0800d9a6   0x0000003c   Code   RO         3785    i.sys_arch_sem_wait  sys_arch.o
    0x0800d9e2   0x0800d9e2   0x00000002   PAD
    0x0800d9e4   0x0800d9e4   0x00000044   Code   RO         7343    i.sys_check_timeouts  timeouts.o
    0x0800da28   0x0800da28   0x00000024   Code   RO         3788    i.sys_init          sys_arch.o
    0x0800da4c   0x0800da4c   0x00000030   Code   RO         3790    i.sys_mbox_free     sys_arch.o
    0x0800da7c   0x0800da7c   0x0000003c   Code   RO         3791    i.sys_mbox_new      sys_arch.o
    0x0800dab8   0x0800dab8   0x00000006   Code   RO         3793    i.sys_mbox_set_invalid  sys_arch.o
    0x0800dabe   0x0800dabe   0x0000001c   Code   RO         3794    i.sys_mbox_trypost  sys_arch.o
    0x0800dada   0x0800dada   0x0000000e   Code   RO         3796    i.sys_mbox_valid    sys_arch.o
    0x0800dae8   0x0800dae8   0x0000000a   Code   RO         3798    i.sys_mutex_lock    sys_arch.o
    0x0800daf2   0x0800daf2   0x00000002   PAD
    0x0800daf4   0x0800daf4   0x0000003c   Code   RO         3799    i.sys_mutex_new     sys_arch.o
    0x0800db30   0x0800db30   0x0000000c   Code   RO         3801    i.sys_mutex_unlock  sys_arch.o
    0x0800db3c   0x0800db3c   0x00000010   Code   RO         3802    i.sys_now           sys_arch.o
    0x0800db4c   0x0800db4c   0x00000020   Code   RO         3803    i.sys_sem_free      sys_arch.o
    0x0800db6c   0x0800db6c   0x00000084   Code   RO         3804    i.sys_sem_new       sys_arch.o
    0x0800dbf0   0x0800dbf0   0x00000006   Code   RO         3805    i.sys_sem_set_invalid  sys_arch.o
    0x0800dbf6   0x0800dbf6   0x00000002   PAD
    0x0800dbf8   0x0800dbf8   0x00000040   Code   RO         3806    i.sys_sem_signal    sys_arch.o
    0x0800dc38   0x0800dc38   0x0000000e   Code   RO         3807    i.sys_sem_valid     sys_arch.o
    0x0800dc46   0x0800dc46   0x00000002   PAD
    0x0800dc48   0x0800dc48   0x0000005c   Code   RO         3808    i.sys_thread_new    sys_arch.o
    0x0800dca4   0x0800dca4   0x000000b4   Code   RO         7345    i.sys_timeout       timeouts.o
    0x0800dd58   0x0800dd58   0x000000f0   Code   RO         7346    i.sys_timeout_abs   timeouts.o
    0x0800de48   0x0800de48   0x00000024   Code   RO         7348    i.sys_timeouts_init  timeouts.o
    0x0800de6c   0x0800de6c   0x00000028   Code   RO         7349    i.sys_timeouts_sleeptime  timeouts.o
    0x0800de94   0x0800de94   0x00000014   Code   RO         2058    i.syscfg_enet_phy_interface_config  gd32f4xx_syscfg.o
    0x0800dea8   0x0800dea8   0x000000ac   Code   RO           14    i.system_clock_120m_25m_hxtal  system_gd32f4xx.o
    0x0800df54   0x0800df54   0x00000004   Code   RO           15    i.system_clock_config  system_gd32f4xx.o
    0x0800df58   0x0800df58   0x000001bc   Code   RO         6730    i.tcp_abandon       tcp.o
    0x0800e114   0x0800e114   0x00000006   Code   RO         6731    i.tcp_abort         tcp.o
    0x0800e11a   0x0800e11a   0x0000000e   Code   RO         6732    i.tcp_accept        tcp.o
    0x0800e128   0x0800e128   0x00000088   Code   RO         6733    i.tcp_accept_null   tcp.o
    0x0800e1b0   0x0800e1b0   0x000001f4   Code   RO         6734    i.tcp_alloc         tcp.o
    0x0800e3a4   0x0800e3a4   0x00000008   Code   RO         6735    i.tcp_arg           tcp.o
    0x0800e3ac   0x0800e3ac   0x0000012c   Code   RO         6736    i.tcp_bind          tcp.o
    0x0800e4d8   0x0800e4d8   0x00000014   Code   RO         6737    i.tcp_bind_netif    tcp.o
    0x0800e4ec   0x0800e4ec   0x00000094   Code   RO         7176    i.tcp_build_wnd_scale_option  tcp_out.o
    0x0800e580   0x0800e580   0x00000070   Code   RO         6738    i.tcp_close         tcp.o
    0x0800e5f0   0x0800e5f0   0x000001bc   Code   RO         6739    i.tcp_close_shutdown  tcp.o
    0x0800e7ac   0x0800e7ac   0x000000e8   Code   RO         6740    i.tcp_close_shutdown_fin  tcp.o
    0x0800e894   0x0800e894   0x00000250   Code   RO         7177    i.tcp_create_segment  tcp_out.o
    0x0800eae4   0x0800eae4   0x00000250   Code   RO         6742    i.tcp_debug_print   tcp.o
    0x0800ed34   0x0800ed34   0x000000b4   Code   RO         6743    i.tcp_debug_print_flags  tcp.o
    0x0800ede8   0x0800ede8   0x00000020   Code   RO         6745    i.tcp_debug_print_state  tcp.o
    0x0800ee08   0x0800ee08   0x000000a8   Code   RO         6747    i.tcp_eff_send_mss_netif  tcp.o
    0x0800eeb0   0x0800eeb0   0x000002ac   Code   RO         7178    i.tcp_enqueue_flags  tcp_out.o
    0x0800f15c   0x0800f15c   0x00000090   Code   RO         6748    i.tcp_err           tcp.o
    0x0800f1ec   0x0800f1ec   0x000000b8   Code   RO         6749    i.tcp_fasttmr       tcp.o
    0x0800f2a4   0x0800f2a4   0x0000007c   Code   RO         6750    i.tcp_free          tcp.o
    0x0800f320   0x0800f320   0x00000134   Code   RO         7094    i.tcp_free_acked_segments  tcp_in.o
    0x0800f454   0x0800f454   0x00000084   Code   RO         6751    i.tcp_free_listen   tcp.o
    0x0800f4d8   0x0800f4d8   0x00000018   Code   RO         6752    i.tcp_free_ooseq    tcp.o
    0x0800f4f0   0x0800f4f0   0x00000028   Code   RO         7095    i.tcp_get_next_optbyte  tcp_in.o
    0x0800f518   0x0800f518   0x00000058   Code   RO         6753    i.tcp_handle_closepend  tcp.o
    0x0800f570   0x0800f570   0x00000002   Code   RO         6754    i.tcp_init          tcp.o
    0x0800f572   0x0800f572   0x00000002   PAD
    0x0800f574   0x0800f574   0x00000850   Code   RO         7096    i.tcp_input         tcp_in.o
    0x0800fdc4   0x0800fdc4   0x000000c0   Code   RO         7097    i.tcp_input_delayed_close  tcp_in.o
    0x0800fe84   0x0800fe84   0x000001b8   Code   RO         7179    i.tcp_keepalive     tcp_out.o
    0x0801003c   0x0801003c   0x00000088   Code   RO         6755    i.tcp_kill_prio     tcp.o
    0x080100c4   0x080100c4   0x000000f4   Code   RO         6756    i.tcp_kill_state    tcp.o
    0x080101b8   0x080101b8   0x0000007c   Code   RO         6757    i.tcp_kill_timewait  tcp.o
    0x08010234   0x08010234   0x000000b4   Code   RO         6758    i.tcp_listen_closed  tcp.o
    0x080102e8   0x080102e8   0x00000238   Code   RO         7098    i.tcp_listen_input  tcp_in.o
    0x08010520   0x08010520   0x00000148   Code   RO         6760    i.tcp_listen_with_backlog_and_err  tcp.o
    0x08010668   0x08010668   0x0000004c   Code   RO         6761    i.tcp_netif_ip_addr_changed  tcp.o
    0x080106b4   0x080106b4   0x000000b0   Code   RO         6762    i.tcp_netif_ip_addr_changed_pcblist  tcp.o
    0x08010764   0x08010764   0x00000006   Code   RO         6764    i.tcp_new_ip_type   tcp.o
    0x0801076a   0x0801076a   0x00000002   PAD
    0x0801076c   0x0801076c   0x00000058   Code   RO         6765    i.tcp_new_port      tcp.o
    0x080107c4   0x080107c4   0x00000084   Code   RO         6766    i.tcp_next_iss      tcp.o
    0x08010848   0x08010848   0x00000100   Code   RO         7099    i.tcp_oos_insert_segment  tcp_in.o
    0x08010948   0x08010948   0x00000330   Code   RO         7180    i.tcp_output        tcp_out.o
    0x08010c78   0x08010c78   0x000000cc   Code   RO         7181    i.tcp_output_alloc_header  tcp_out.o
    0x08010d44   0x08010d44   0x00000100   Code   RO         7182    i.tcp_output_alloc_header_common  tcp_out.o
    0x08010e44   0x08010e44   0x000000f4   Code   RO         7183    i.tcp_output_control_segment  tcp_out.o
    0x08010f38   0x08010f38   0x000000d0   Code   RO         7184    i.tcp_output_fill_options  tcp_out.o
    0x08011008   0x08011008   0x0000037c   Code   RO         7185    i.tcp_output_segment  tcp_out.o
    0x08011384   0x08011384   0x00000098   Code   RO         7186    i.tcp_output_segment_busy  tcp_out.o
    0x0801141c   0x0801141c   0x00000180   Code   RO         7100    i.tcp_parseopt      tcp_in.o
    0x0801159c   0x0801159c   0x00000140   Code   RO         7187    i.tcp_pbuf_prealloc  tcp_out.o
    0x080116dc   0x080116dc   0x00000160   Code   RO         6767    i.tcp_pcb_purge     tcp.o
    0x0801183c   0x0801183c   0x000001c8   Code   RO         6768    i.tcp_pcb_remove    tcp.o
    0x08011a04   0x08011a04   0x0000017c   Code   RO         6769    i.tcp_pcbs_sane     tcp.o
    0x08011b80   0x08011b80   0x000000b4   Code   RO         6770    i.tcp_poll          tcp.o
    0x08011c34   0x08011c34   0x00000714   Code   RO         7101    i.tcp_process       tcp_in.o
    0x08012348   0x08012348   0x000000d4   Code   RO         6771    i.tcp_process_refused_data  tcp.o
    0x0801241c   0x0801241c   0x000009c0   Code   RO         7102    i.tcp_receive       tcp_in.o
    0x08012ddc   0x08012ddc   0x00000090   Code   RO         6772    i.tcp_recv          tcp.o
    0x08012e6c   0x08012e6c   0x00000054   Code   RO         6773    i.tcp_recv_null     tcp.o
    0x08012ec0   0x08012ec0   0x0000016c   Code   RO         6774    i.tcp_recved        tcp.o
    0x0801302c   0x0801302c   0x0000009c   Code   RO         6775    i.tcp_remove_listener  tcp.o
    0x080130c8   0x080130c8   0x000000ec   Code   RO         7188    i.tcp_rexmit        tcp_out.o
    0x080131b4   0x080131b4   0x000000c8   Code   RO         7189    i.tcp_rexmit_fast   tcp_out.o
    0x0801327c   0x0801327c   0x00000090   Code   RO         7190    i.tcp_rexmit_rto    tcp_out.o
    0x0801330c   0x0801330c   0x0000009c   Code   RO         7191    i.tcp_rexmit_rto_commit  tcp_out.o
    0x080133a8   0x080133a8   0x000000fc   Code   RO         7192    i.tcp_rexmit_rto_prepare  tcp_out.o
    0x080134a4   0x080134a4   0x00000012   Code   RO         7193    i.tcp_route         tcp_out.o
    0x080134b6   0x080134b6   0x00000002   PAD
    0x080134b8   0x080134b8   0x00000178   Code   RO         7194    i.tcp_rst           tcp_out.o
    0x08013630   0x08013630   0x00000024   Code   RO         7195    i.tcp_seg_add_chksum  tcp_out.o
    0x08013654   0x08013654   0x00000098   Code   RO         6776    i.tcp_seg_copy      tcp.o
    0x080136ec   0x080136ec   0x00000022   Code   RO         6777    i.tcp_seg_free      tcp.o
    0x0801370e   0x0801370e   0x00000012   Code   RO         6778    i.tcp_segs_free     tcp.o
    0x08013720   0x08013720   0x00000134   Code   RO         7196    i.tcp_send_empty_ack  tcp_out.o
    0x08013854   0x08013854   0x000000bc   Code   RO         7197    i.tcp_send_fin      tcp_out.o
    0x08013910   0x08013910   0x00000090   Code   RO         6779    i.tcp_sent          tcp.o
    0x080139a0   0x080139a0   0x00000094   Code   RO         6781    i.tcp_shutdown      tcp.o
    0x08013a34   0x08013a34   0x00000804   Code   RO         6782    i.tcp_slowtmr       tcp.o
    0x08014238   0x08014238   0x000003a8   Code   RO         7198    i.tcp_split_unsent_seg  tcp_out.o
    0x080145e0   0x080145e0   0x00000034   Code   RO         7351    i.tcp_timer_needed  timeouts.o
    0x08014614   0x08014614   0x000000e8   Code   RO         7103    i.tcp_timewait_input  tcp_in.o
    0x080146fc   0x080146fc   0x00000020   Code   RO         6784    i.tcp_tmr           tcp.o
    0x0801471c   0x0801471c   0x00000010   Code   RO         7104    i.tcp_trigger_input_pcb_close  tcp_in.o
    0x0801472c   0x0801472c   0x000000b4   Code   RO         6786    i.tcp_update_rcv_ann_wnd  tcp.o
    0x080147e0   0x080147e0   0x00000a8c   Code   RO         7199    i.tcp_write         tcp_out.o
    0x0801526c   0x0801526c   0x00000230   Code   RO         7200    i.tcp_write_checks  tcp_out.o
    0x0801549c   0x0801549c   0x00000244   Code   RO         7201    i.tcp_zero_window_probe  tcp_out.o
    0x080156e0   0x080156e0   0x00000100   Code   RO         8766    i.tcpip_init        tcpip.o
    0x080157e0   0x080157e0   0x000000b8   Code   RO         8767    i.tcpip_inpkt       tcpip.o
    0x08015898   0x08015898   0x00000020   Code   RO         8768    i.tcpip_input       tcpip.o
    0x080158b8   0x080158b8   0x00000020   Code   RO         8769    i.tcpip_send_msg_wait_sem  tcpip.o
    0x080158d8   0x080158d8   0x00000038   Code   RO         7352    i.tcpip_tcp_timer   timeouts.o
    0x08015910   0x08015910   0x000000d8   Code   RO         8770    i.tcpip_thread      tcpip.o
    0x080159e8   0x080159e8   0x00000174   Code   RO         8771    i.tcpip_thread_handle_msg  tcpip.o
    0x08015b5c   0x08015b5c   0x0000005c   Code   RO         8773    i.tcpip_timeouts_mbox_fetch  tcpip.o
    0x08015bb8   0x08015bb8   0x000000b0   Code   RO         8774    i.tcpip_try_callback  tcpip.o
    0x08015c68   0x08015c68   0x00000012   Code   RO         8941    i.tryget_socket     sockets.o
    0x08015c7a   0x08015c7a   0x00000004   Code   RO         8942    i.tryget_socket_unconn  sockets.o
    0x08015c7e   0x08015c7e   0x00000002   PAD
    0x08015c80   0x08015c80   0x00000044   Code   RO         8944    i.tryget_socket_unconn_nouse  sockets.o
    0x08015cc4   0x08015cc4   0x000000b8   Code   RO         7437    i.udp_bind          udp.o
    0x08015d7c   0x08015d7c   0x00000014   Code   RO         7438    i.udp_bind_netif    udp.o
    0x08015d90   0x08015d90   0x00000002   Code   RO         7441    i.udp_init          udp.o
    0x08015d92   0x08015d92   0x00000002   PAD
    0x08015d94   0x08015d94   0x000002e0   Code   RO         7442    i.udp_input         udp.o
    0x08016074   0x08016074   0x00000108   Code   RO         7443    i.udp_input_local_match  udp.o
    0x0801617c   0x0801617c   0x00000034   Code   RO         7444    i.udp_netif_ip_addr_changed  udp.o
    0x080161b0   0x080161b0   0x0000001e   Code   RO         7445    i.udp_new           udp.o
    0x080161ce   0x080161ce   0x00000004   Code   RO         7446    i.udp_new_ip_type   udp.o
    0x080161d2   0x080161d2   0x00000002   PAD
    0x080161d4   0x080161d4   0x00000048   Code   RO         7447    i.udp_new_port      udp.o
    0x0801621c   0x0801621c   0x0000002c   Code   RO         7448    i.udp_recv          udp.o
    0x08016248   0x08016248   0x00000054   Code   RO         7449    i.udp_remove        udp.o
    0x0801629c   0x0801629c   0x00000026   Code   RO         4417    i.uxListRemove      list.o
    0x080162c2   0x080162c2   0x00000026   Code   RO         4472    i.uxQueueMessagesWaiting  queue.o
    0x080162e8   0x080162e8   0x00000014   Code   RO         4904    i.vApplicationGetIdleTaskMemory  tasks.o
    0x080162fc   0x080162fc   0x00000018   Code   RO         5304    i.vApplicationGetTimerTaskMemory  timers.o
    0x08016314   0x08016314   0x00000016   Code   RO         4418    i.vListInitialise   list.o
    0x0801632a   0x0801632a   0x00000006   Code   RO         4419    i.vListInitialiseItem  list.o
    0x08016330   0x08016330   0x00000030   Code   RO         4420    i.vListInsert       list.o
    0x08016360   0x08016360   0x00000040   Code   RO         5540    i.vPortEnterCritical  port.o
    0x080163a0   0x080163a0   0x0000002c   Code   RO         5541    i.vPortExitCritical  port.o
    0x080163cc   0x080163cc   0x00000064   Code   RO         5475    i.vPortFree         heap_4.o
    0x08016430   0x08016430   0x00000024   Code   RO         5542    i.vPortSetupTimerInterrupt  port.o
    0x08016454   0x08016454   0x00000054   Code   RO         5543    i.vPortValidateInterruptPriority  port.o
    0x080164a8   0x080164a8   0x00000064   Code   RO         4475    i.vQueueAddToRegistry  queue.o
    0x0801650c   0x0801650c   0x00000040   Code   RO         4476    i.vQueueDelete      queue.o
    0x0801654c   0x0801654c   0x0000003c   Code   RO         4478    i.vQueueUnregisterQueue  queue.o
    0x08016588   0x08016588   0x00000046   Code   RO         4479    i.vQueueWaitForMessageRestricted  queue.o
    0x080165ce   0x080165ce   0x00000002   PAD
    0x080165d0   0x080165d0   0x00000058   Code   RO         4905    i.vTaskDelay        tasks.o
    0x08016628   0x08016628   0x00000010   Code   RO         4910    i.vTaskInternalSetTimeOutState  tasks.o
    0x08016638   0x08016638   0x0000000c   Code   RO         4911    i.vTaskMissedYield  tasks.o
    0x08016644   0x08016644   0x00000034   Code   RO         4912    i.vTaskPlaceOnEventList  tasks.o
    0x08016678   0x08016678   0x0000005c   Code   RO         4913    i.vTaskPlaceOnEventListRestricted  tasks.o
    0x080166d4   0x080166d4   0x000000dc   Code   RO         4915    i.vTaskPriorityDisinheritAfterTimeout  tasks.o
    0x080167b0   0x080167b0   0x000000a0   Code   RO         4922    i.vTaskStartScheduler  tasks.o
    0x08016850   0x08016850   0x00000010   Code   RO         4924    i.vTaskSuspendAll   tasks.o
    0x08016860   0x08016860   0x00000070   Code   RO         4925    i.vTaskSwitchContext  tasks.o
    0x080168d0   0x080168d0   0x000000f4   Code   RO         5544    i.xPortStartScheduler  port.o
    0x080169c4   0x080169c4   0x0000002c   Code   RO         4480    i.xQueueCreateCountingSemaphore  queue.o
    0x080169f0   0x080169f0   0x00000018   Code   RO         4482    i.xQueueCreateMutex  queue.o
    0x08016a08   0x08016a08   0x00000056   Code   RO         4484    i.xQueueGenericCreate  queue.o
    0x08016a5e   0x08016a5e   0x0000004c   Code   RO         4485    i.xQueueGenericCreateStatic  queue.o
    0x08016aaa   0x08016aaa   0x00000002   PAD
    0x08016aac   0x08016aac   0x000000b4   Code   RO         4486    i.xQueueGenericReset  queue.o
    0x08016b60   0x08016b60   0x000001a4   Code   RO         4487    i.xQueueGenericSend  queue.o
    0x08016d04   0x08016d04   0x000000da   Code   RO         4489    i.xQueueGiveFromISR  queue.o
    0x08016dde   0x08016dde   0x00000002   PAD
    0x08016de0   0x08016de0   0x0000019c   Code   RO         4495    i.xQueueReceive     queue.o
    0x08016f7c   0x08016f7c   0x000001dc   Code   RO         4497    i.xQueueSemaphoreTake  queue.o
    0x08017158   0x08017158   0x00000080   Code   RO         4927    i.xTaskCheckForTimeOut  tasks.o
    0x080171d8   0x080171d8   0x00000064   Code   RO         4928    i.xTaskCreate       tasks.o
    0x0801723c   0x0801723c   0x0000005c   Code   RO         4929    i.xTaskCreateStatic  tasks.o
    0x08017298   0x08017298   0x0000001c   Code   RO         4937    i.xTaskGetSchedulerState  tasks.o
    0x080172b4   0x080172b4   0x0000000c   Code   RO         4938    i.xTaskGetTickCount  tasks.o
    0x080172c0   0x080172c0   0x00000010   Code   RO         4939    i.xTaskGetTickCountFromISR  tasks.o
    0x080172d0   0x080172d0   0x00000160   Code   RO         4940    i.xTaskIncrementTick  tasks.o
    0x08017430   0x08017430   0x000000c4   Code   RO         4941    i.xTaskPriorityDisinherit  tasks.o
    0x080174f4   0x080174f4   0x000000c8   Code   RO         4942    i.xTaskPriorityInherit  tasks.o
    0x080175bc   0x080175bc   0x000000e8   Code   RO         4943    i.xTaskRemoveFromEventList  tasks.o
    0x080176a4   0x080176a4   0x00000134   Code   RO         4944    i.xTaskResumeAll    tasks.o
    0x080177d8   0x080177d8   0x00000068   Code   RO         5310    i.xTimerCreateTimerTask  timers.o
    0x08017840   0x08017840   0x00000014   Data   RO         6037    .constdata          memp.o
    0x08017854   0x08017854   0x00000014   Data   RO         6038    .constdata          memp.o
    0x08017868   0x08017868   0x00000014   Data   RO         6039    .constdata          memp.o
    0x0801787c   0x0801787c   0x00000014   Data   RO         6040    .constdata          memp.o
    0x08017890   0x08017890   0x00000014   Data   RO         6041    .constdata          memp.o
    0x080178a4   0x080178a4   0x00000014   Data   RO         6042    .constdata          memp.o
    0x080178b8   0x080178b8   0x00000014   Data   RO         6043    .constdata          memp.o
    0x080178cc   0x080178cc   0x00000014   Data   RO         6044    .constdata          memp.o
    0x080178e0   0x080178e0   0x00000014   Data   RO         6045    .constdata          memp.o
    0x080178f4   0x080178f4   0x00000014   Data   RO         6046    .constdata          memp.o
    0x08017908   0x08017908   0x00000014   Data   RO         6047    .constdata          memp.o
    0x0801791c   0x0801791c   0x00000014   Data   RO         6048    .constdata          memp.o
    0x08017930   0x08017930   0x00000014   Data   RO         6049    .constdata          memp.o
    0x08017944   0x08017944   0x00000014   Data   RO         6050    .constdata          memp.o
    0x08017958   0x08017958   0x00000038   Data   RO         6051    .constdata          memp.o
    0x08017990   0x08017990   0x00000054   Data   RO         6787    .constdata          tcp.o
    0x080179e4   0x080179e4   0x00000020   Data   RO         7353    .constdata          timeouts.o
    0x08017a04   0x08017a04   0x00000004   Data   RO         8000    .constdata          ip4_addr.o
    0x08017a08   0x08017a08   0x00000006   Data   RO         8137    .constdata          ethernet.o
    0x08017a0e   0x08017a0e   0x00000006   Data   RO         8138    .constdata          ethernet.o
    0x08017a14   0x08017a14   0x00000003   Data   RO         8410    .constdata          api_msg.o
    0x08017a17   0x08017a17   0x00000001   PAD
    0x08017a18   0x08017a18   0x00000044   Data   RO         8585    .constdata          err.o
    0x08017a5c   0x08017a5c   0x00000008   Data   RO         9244    .constdata          segger_sysview_freertos.o
    0x08017a64   0x08017a64   0x00000011   Data   RO         9356    .constdata          segger_rtt.o
    0x08017a75   0x08017a75   0x00000010   Data   RO         9557    .constdata          segger_rtt_printf.o
    0x08017a85   0x08017a85   0x0000001a   Data   RO         9668    .constdata          segger_sysview.o
    0x08017a9f   0x08017a9f   0x00000081   Data   RO        10073    .constdata          mc_w.l(ctype_o.o)
    0x08017b20   0x08017b20   0x00000004   Data   RO        10074    .constdata          mc_w.l(ctype_o.o)
    0x08017b24   0x08017b24   0x00000008   Data   RO         6052    .conststring        memp.o
    0x08017b2c   0x08017b2c   0x00000008   Data   RO         6053    .conststring        memp.o
    0x08017b34   0x08017b34   0x0000000f   Data   RO         6054    .conststring        memp.o
    0x08017b43   0x08017b43   0x00000001   PAD
    0x08017b44   0x08017b44   0x00000008   Data   RO         6055    .conststring        memp.o
    0x08017b4c   0x08017b4c   0x0000000a   Data   RO         6056    .conststring        memp.o
    0x08017b56   0x08017b56   0x00000002   PAD
    0x08017b58   0x08017b58   0x0000000a   Data   RO         6057    .conststring        memp.o
    0x08017b62   0x08017b62   0x00000002   PAD
    0x08017b64   0x08017b64   0x00000007   Data   RO         6058    .conststring        memp.o
    0x08017b6b   0x08017b6b   0x00000001   PAD
    0x08017b6c   0x08017b6c   0x00000008   Data   RO         6059    .conststring        memp.o
    0x08017b74   0x08017b74   0x0000000e   Data   RO         6060    .conststring        memp.o
    0x08017b82   0x08017b82   0x00000002   PAD
    0x08017b84   0x08017b84   0x00000010   Data   RO         6061    .conststring        memp.o
    0x08017b94   0x08017b94   0x0000000b   Data   RO         6062    .conststring        memp.o
    0x08017b9f   0x08017b9f   0x00000001   PAD
    0x08017ba0   0x08017ba0   0x0000000c   Data   RO         6063    .conststring        memp.o
    0x08017bac   0x08017bac   0x0000000d   Data   RO         6064    .conststring        memp.o
    0x08017bb9   0x08017bb9   0x00000003   PAD
    0x08017bbc   0x08017bbc   0x0000000a   Data   RO         6065    .conststring        memp.o
    0x08017bc6   0x08017bc6   0x00000002   PAD
    0x08017bc8   0x08017bc8   0x0000006d   Data   RO         6788    .conststring        tcp.o
    0x08017c35   0x08017c35   0x00000003   PAD
    0x08017c38   0x08017c38   0x0000012d   Data   RO         7202    .conststring        tcp_out.o
    0x08017d65   0x08017d65   0x00000003   PAD
    0x08017d68   0x08017d68   0x00000041   Data   RO         7640    .conststring        etharp.o
    0x08017da9   0x08017da9   0x00000003   PAD
    0x08017dac   0x08017dac   0x0000013c   Data   RO         7795    .conststring        ip4.o
    0x08017ee8   0x08017ee8   0x00000041   Data   RO         7883    .conststring        igmp.o
    0x08017f29   0x08017f29   0x00000003   PAD
    0x08017f2c   0x08017f2c   0x00000139   Data   RO         8586    .conststring        err.o
    0x08018065   0x08018065   0x00000003   PAD
    0x08018068   0x08018068   0x00000050   Data   RO         9245    .conststring        segger_sysview_freertos.o
    0x080180b8   0x080180b8   0x00000020   Data   RO        10438    Region$$Table       anon$$obj.o


    Execution Region RW_IRAM1 (Exec base: 0x20000000, Load base: 0x080180d8, Size: 0x0001e0c8, Max: 0x00030000, ABSOLUTE, COMPRESSED[0x00000050])

    Exec Addr    Load Addr    Size         Type   Attr      Idx    E Section Name        Object

    0x20000000   COMPRESSED   0x00000004   Data   RW           16    .data               system_gd32f4xx.o
    0x20000004   COMPRESSED   0x00000014   Data   RW         2415    .data               gd32f4xx_enet.o
    0x20000018   COMPRESSED   0x00000014   Data   RW         3303    .data               main.o
    0x2000002c   COMPRESSED   0x0000000c   Data   RW         3687    .data               ethernetif.o
    0x20000038   COMPRESSED   0x00000008   Data   RW         3810    .data               sys_arch.o
    0x20000040   COMPRESSED   0x00000004   Data   RW         3811    .data               sys_arch.o
    0x20000044   COMPRESSED   0x00000004   Data   RW         4019    .data               eth_bsp_config.o
    0x20000048   COMPRESSED   0x00000004   Data   RW         4233    .data               tcp_server.o
    0x2000004c   COMPRESSED   0x00000040   Data   RW         4947    .data               tasks.o
    0x2000008c   COMPRESSED   0x00000014   Data   RW         5317    .data               timers.o
    0x200000a0   COMPRESSED   0x00000020   Data   RW         5481    .data               heap_4.o
    0x200000c0   COMPRESSED   0x0000000c   Data   RW         5545    .data               port.o
    0x200000cc   COMPRESSED   0x00000010   Data   RW         5923    .data               mem.o
    0x200000dc   COMPRESSED   0x00000004   Data   RW         6066    .data               memp.o
    0x200000e0   COMPRESSED   0x00000004   Data   RW         6067    .data               memp.o
    0x200000e4   COMPRESSED   0x00000004   Data   RW         6068    .data               memp.o
    0x200000e8   COMPRESSED   0x00000004   Data   RW         6069    .data               memp.o
    0x200000ec   COMPRESSED   0x00000004   Data   RW         6070    .data               memp.o
    0x200000f0   COMPRESSED   0x00000004   Data   RW         6071    .data               memp.o
    0x200000f4   COMPRESSED   0x00000004   Data   RW         6072    .data               memp.o
    0x200000f8   COMPRESSED   0x00000004   Data   RW         6073    .data               memp.o
    0x200000fc   COMPRESSED   0x00000004   Data   RW         6074    .data               memp.o
    0x20000100   COMPRESSED   0x00000004   Data   RW         6075    .data               memp.o
    0x20000104   COMPRESSED   0x00000004   Data   RW         6076    .data               memp.o
    0x20000108   COMPRESSED   0x00000004   Data   RW         6077    .data               memp.o
    0x2000010c   COMPRESSED   0x00000004   Data   RW         6078    .data               memp.o
    0x20000110   COMPRESSED   0x00000004   Data   RW         6079    .data               memp.o
    0x20000114   COMPRESSED   0x00000010   Data   RW         6212    .data               netif.o
    0x20000124   COMPRESSED   0x00000001   Data   RW         6450    .data               pbuf.o
    0x20000125   COMPRESSED   0x00000003   PAD
    0x20000128   COMPRESSED   0x00000020   Data   RW         6789    .data               tcp.o
    0x20000148   COMPRESSED   0x00000028   Data   RW         7106    .data               tcp_in.o
    0x20000170   COMPRESSED   0x0000000c   Data   RW         7355    .data               timeouts.o
    0x2000017c   COMPRESSED   0x00000008   Data   RW         7458    .data               udp.o
    0x20000184   COMPRESSED   0x00000001   Data   RW         7641    .data               etharp.o
    0x20000185   COMPRESSED   0x00000003   PAD
    0x20000188   COMPRESSED   0x00000008   Data   RW         7796    .data               ip4.o
    0x20000190   COMPRESSED   0x00000008   Data   RW         7884    .data               igmp.o
    0x20000198   COMPRESSED   0x00000008   Data   RW         8069    .data               ip4_frag.o
    0x200001a0   COMPRESSED   0x00000044   Data   RW         8587    .data               err.o
    0x200001e4   COMPRESSED   0x00000010   Data   RW         8775    .data               tcpip.o
    0x200001f4   COMPRESSED   0x00000004   Data   RW         8947    .data               sockets.o
    0x200001f8   COMPRESSED   0x00000004   Data   RW         9246    .data               segger_sysview_freertos.o
    0x200001fc   COMPRESSED   0x00000010   Data   RW         9671    .data               segger_sysview.o
    0x2000020c   COMPRESSED   0x00000004   Data   RW        10397    .data               mc_w.l(stdout.o)
    0x20000210   COMPRESSED   0x00000004   Data   RW        10405    .data               mc_w.l(errno.o)
    0x20000214        -       0x00003c64   Zero   RW         2413    .bss                gd32f4xx_enet.o
    0x20003e78        -       0x00000020   Zero   RW         3809    .bss                sys_arch.o
    0x20003e98        -       0x00000080   Zero   RW         4078    .bss                netconf.o
    0x20003f18        -       0x00000040   Zero   RW         4499    .bss                queue.o
    0x20003f58        -       0x00000408   Zero   RW         4946    .bss                tasks.o
    0x20004360        -       0x00000520   Zero   RW         5316    .bss                timers.o
    0x20004880        -       0x00002800   Zero   RW         5480    .bss                heap_4.o
    0x20007080        -       0x00000018   Zero   RW         5893    .bss                ip.o
    0x20007098        -       0x00002eec   Zero   RW         5922    .bss                mem.o
    0x20009f84        -       0x000000a0   Zero   RW         6009    .bss                memp.o
    0x2000a024        -       0x00000010   Zero   RW         6010    .bss                memp.o
    0x2000a034        -       0x00000398   Zero   RW         6011    .bss                memp.o
    0x2000a3cc        -       0x00000010   Zero   RW         6012    .bss                memp.o
    0x2000a3dc        -       0x000000e0   Zero   RW         6013    .bss                memp.o
    0x2000a4bc        -       0x00000010   Zero   RW         6014    .bss                memp.o
    0x2000a4cc        -       0x00000320   Zero   RW         6015    .bss                memp.o
    0x2000a7ec        -       0x00000010   Zero   RW         6016    .bss                memp.o
    0x2000a7fc        -       0x000000a0   Zero   RW         6017    .bss                memp.o
    0x2000a89c        -       0x00000010   Zero   RW         6018    .bss                memp.o
    0x2000a8ac        -       0x00000168   Zero   RW         6019    .bss                memp.o
    0x2000aa14        -       0x00000010   Zero   RW         6020    .bss                memp.o
    0x2000aa24        -       0x00000030   Zero   RW         6021    .bss                memp.o
    0x2000aa54        -       0x00000010   Zero   RW         6022    .bss                memp.o
    0x2000aa64        -       0x000000c0   Zero   RW         6023    .bss                memp.o
    0x2000ab24        -       0x00000010   Zero   RW         6024    .bss                memp.o
    0x2000ab34        -       0x00000068   Zero   RW         6025    .bss                memp.o
    0x2000ab9c        -       0x00000010   Zero   RW         6026    .bss                memp.o
    0x2000abac        -       0x00000034   Zero   RW         6027    .bss                memp.o
    0x2000abe0        -       0x00000010   Zero   RW         6028    .bss                memp.o
    0x2000abf0        -       0x00000080   Zero   RW         6029    .bss                memp.o
    0x2000ac70        -       0x00000010   Zero   RW         6030    .bss                memp.o
    0x2000ac80        -       0x000000c0   Zero   RW         6031    .bss                memp.o
    0x2000ad40        -       0x00000010   Zero   RW         6032    .bss                memp.o
    0x2000ad50        -       0x00000100   Zero   RW         6033    .bss                memp.o
    0x2000ae50        -       0x00000010   Zero   RW         6034    .bss                memp.o
    0x2000ae60        -       0x00011c10   Zero   RW         6035    .bss                memp.o
    0x2001ca70        -       0x00000010   Zero   RW         6036    .bss                memp.o
    0x2001ca80        -       0x00000080   Zero   RW         6211    .bss                netif.o
    0x2001cb00        -       0x000001e0   Zero   RW         6678    .bss                stats.o
    0x2001cce0        -       0x00000014   Zero   RW         7105    .bss                tcp_in.o
    0x2001ccf4        -       0x000000f0   Zero   RW         7639    .bss                etharp.o
    0x2001cde4        -       0x00000010   Zero   RW         7999    .bss                ip4_addr.o
    0x2001cdf4        -       0x00000070   Zero   RW         8945    .bss                sockets.o
    0x2001ce64        -       0x000000a0   Zero   RW         9243    .bss                segger_sysview_freertos.o
    0x2001cf04        -       0x000004b8   Zero   RW         9355    .bss                segger_rtt.o
    0x2001d3bc        -       0x0000050b   Zero   RW         9667    .bss                segger_sysview.o
    0x2001d8c7   COMPRESSED   0x00000001   PAD
    0x2001d8c8        -       0x00000800   Zero   RW            1    STACK               startup_gd32f407_427.o


==============================================================================

Image component sizes


      Code (inc. data)   RO Data    RW Data    ZI Data      Debug   Object Name

      2108        824          0          0          0      32405   api_lib.o
      6554       2414          3          0          0      32795   api_msg.o
         8          0          0          0          0        935   cpld_ctrl.o
        34          0          0          0          0       1018   def.o
        72         24        381         68          0       2397   err.o
       606         28          0          4          0       8072   eth_bsp_config.o
      2976        962         65          1        240      11784   etharp.o
       468        140         12          0          0       2754   ethernet.o
       620        148          0         12          0      15147   ethernetif.o
         0          0          0          0          0      21264   event_groups.o
      1958        236          0         20      15460      17672   gd32f4xx_enet.o
       204          4          0          0          0       4398   gd32f4xx_exmc.o
         0          0          0          0          0       5176   gd32f4xx_fmc.o
       242          0          0          0          0       2468   gd32f4xx_gpio.o
        12          0          0          0          0       2729   gd32f4xx_it.o
       200         24          0          0          0       2108   gd32f4xx_misc.o
       344         50          0          0          0       4680   gd32f4xx_rcu.o
        20          6          0          0          0        663   gd32f4xx_syscfg.o
       496         24          0         32      10240       4795   heap_4.o
      1264        320          0          0          0      12271   icmp.o
      2352        942         65          8          0      17707   igmp.o
       666         84          0          0          0      16535   inet_chksum.o
        42          0          0          0          0      16604   init.o
         0          0          0          0         24       3130   ip.o
      3304       1224        316          8          0       8282   ip4.o
       210          4          4          0         16      10802   ip4_addr.o
      3082       1012          0          8          0      12638   ip4_frag.o
       114          0          0          0          0       2841   list.o
      1288         78          0         20          0      60602   main.o
      1956        640          0         16      12012       8157   mem.o
       292         76        486         56      76540      12006   memp.o
        36          0          0          0          0       2392   netbuf.o
        92         20          0          0        128      12537   netconf.o
      2992       1270          0         16        128      20335   netif.o
      3488       1640          0          1          0      18594   pbuf.o
       798         82          0         12          0      13277   port.o
      2678         28          0          0         64      24905   queue.o
       900         48         17          0       1208      14746   segger_rtt.o
       932          6         16          0          0       6189   segger_rtt_printf.o
      2822        206         26         16       1291      37419   segger_sysview.o
       128         82          0          0          0       1162   segger_sysview_config_freertos.o
       246         30         88          4        160       4093   segger_sysview_freertos.o
      7796       3266          0          4        112      50100   sockets.o
        36          8        392          0       2048        912   startup_gd32f407_427.o
        20         10          0          0        480       5578   stats.o
       784        164          0         12         32      35348   sys_arch.o
       320         30          0          4          0      93871   system_gd32f4xx.o
      3286        204          0         64       1032      34836   tasks.o
     10464       5086        193         32          0      50242   tcp.o
      8432       2362          0         40         20      23727   tcp_in.o
     11646       5180        301          0          0      36830   tcp_out.o
       452         98          0          4          0      16189   tcp_server.o
      1360        734          0         16          0       8594   tcpip.o
       736        324         32         12          0       7119   timeouts.o
       868         98          0         20       1312      33829   timers.o
      1492        404          0          8          0      15337   udp.o

    ----------------------------------------------------------------------
     94374      30644       2459        524     122548     922996   Object Totals
         0          0         32          0          0          0   (incl. Generated)
        78          0         30          6          1          0   (incl. Padding)

    ----------------------------------------------------------------------

      Code (inc. data)   RO Data    RW Data    ZI Data      Debug   Library Member Name

        86          0          0          0          0          0   __dczerorl2.o
        28          0          0          0          0         68   _chval.o
       158          0          0          0          0         92   _strtoul.o
        26          0          0          0          0         80   atoi.o
         8          4        133          0          0         68   ctype_o.o
         0          0          0          0          0          0   entry.o
         0          0          0          0          0          0   entry10a.o
         0          0          0          0          0          0   entry11a.o
         8          4          0          0          0          0   entry2.o
         4          0          0          0          0          0   entry5.o
         0          0          0          0          0          0   entry7b.o
         0          0          0          0          0          0   entry8b.o
         8          4          0          0          0          0   entry9a.o
         8          4          0          4          0         68   errno.o
        18          0          0          0          0         80   fputc.o
        30          0          0          0          0          0   handlers.o
        36          8          0          0          0         68   init.o
         0          0          0          0          0          0   iusesemip.o
        30          0          0          0          0         68   llshl.o
        32          0          0          0          0         68   llushr.o
        26          0          0          0          0         80   memcmp.o
        64          0          0          0          0         76   memmovea.o
        36          0          0          0          0        108   memseta.o
       736         56          0          0          0        184   printf5.o
         0          0          0          0          0          0   semi.o
         0          0          0          4          0          0   stdout.o
       112          0          0          0          0         88   strtol.o
        98          0          0          0          0         92   uldiv.o

    ----------------------------------------------------------------------
      1554         80        133          8          0       1288   Library Totals
         2          0          0          0          0          0   (incl. Padding)

    ----------------------------------------------------------------------

      Code (inc. data)   RO Data    RW Data    ZI Data      Debug   Library Name

      1552         80        133          8          0       1288   mc_w.l

    ----------------------------------------------------------------------
      1554         80        133          8          0       1288   Library Totals

    ----------------------------------------------------------------------

==============================================================================


      Code (inc. data)   RO Data    RW Data    ZI Data      Debug   

     95928      30724       2592        532     122548     871896   Grand Totals
     95928      30724       2592         80     122548     871896   ELF Image Totals (compressed)
     95928      30724       2592         80          0          0   ROM Totals

==============================================================================

    Total RO  Size (Code + RO Data)                98520 (  96.21kB)
    Total RW  Size (RW Data + ZI Data)            123080 ( 120.20kB)
    Total ROM Size (Code + RO Data + RW Data)      98600 (  96.29kB)

==============================================================================

