Component: ARM Compiler 5.06 update 6 (build 750) Tool: armlink [4d35ed]

==============================================================================

Section Cross References

    startup_gd32f407_427.o(RESET) refers to startup_gd32f407_427.o(STACK) for __initial_sp
    startup_gd32f407_427.o(RESET) refers to startup_gd32f407_427.o(.text) for Reset_Handler
    startup_gd32f407_427.o(RESET) refers to gd32f4xx_it.o(i.NMI_Handler) for NMI_Handler
    startup_gd32f407_427.o(RESET) refers to gd32f4xx_it.o(i.HardFault_Handler) for HardFault_Handler
    startup_gd32f407_427.o(RESET) refers to gd32f4xx_it.o(i.MemManage_Handler) for MemManage_Handler
    startup_gd32f407_427.o(RESET) refers to gd32f4xx_it.o(i.BusFault_Handler) for BusFault_Handler
    startup_gd32f407_427.o(RESET) refers to gd32f4xx_it.o(i.UsageFault_Handler) for UsageFault_Handler
    startup_gd32f407_427.o(RESET) refers to port.o(.emb_text) for SVC_Handler
    startup_gd32f407_427.o(RESET) refers to gd32f4xx_it.o(i.DebugMon_Handler) for DebugMon_Handler
    startup_gd32f407_427.o(RESET) refers to port.o(i.SysTick_Handler) for SysTick_Handler
    startup_gd32f407_427.o(RESET) refers to main.o(i.ENET_IRQHandler) for ENET_IRQHandler
    startup_gd32f407_427.o(.text) refers to system_gd32f4xx.o(i.SystemInit) for SystemInit
    startup_gd32f407_427.o(.text) refers to entry.o(.ARM.Collect$$$$00000000) for __main
    system_gd32f4xx.o(i.SystemCoreClockUpdate) refers to system_gd32f4xx.o(.data) for .data
    system_gd32f4xx.o(i.SystemInit) refers to system_gd32f4xx.o(i.system_clock_config) for system_clock_config
    system_gd32f4xx.o(i.system_clock_config) refers to system_gd32f4xx.o(i.system_clock_120m_25m_hxtal) for system_clock_120m_25m_hxtal
    gd32f4xx_fmc.o(i.fmc_bank0_erase) refers to gd32f4xx_fmc.o(i.fmc_ready_wait) for fmc_ready_wait
    gd32f4xx_fmc.o(i.fmc_bank1_erase) refers to gd32f4xx_fmc.o(i.fmc_ready_wait) for fmc_ready_wait
    gd32f4xx_fmc.o(i.fmc_byte_program) refers to gd32f4xx_fmc.o(i.fmc_ready_wait) for fmc_ready_wait
    gd32f4xx_fmc.o(i.fmc_halfword_program) refers to gd32f4xx_fmc.o(i.fmc_ready_wait) for fmc_ready_wait
    gd32f4xx_fmc.o(i.fmc_mass_erase) refers to gd32f4xx_fmc.o(i.fmc_ready_wait) for fmc_ready_wait
    gd32f4xx_fmc.o(i.fmc_ready_wait) refers to gd32f4xx_fmc.o(i.fmc_state_get) for fmc_state_get
    gd32f4xx_fmc.o(i.fmc_sector_erase) refers to gd32f4xx_fmc.o(i.fmc_ready_wait) for fmc_ready_wait
    gd32f4xx_fmc.o(i.fmc_word_program) refers to gd32f4xx_fmc.o(i.fmc_ready_wait) for fmc_ready_wait
    gd32f4xx_fmc.o(i.ob_drp_disable) refers to gd32f4xx_fmc.o(i.fmc_ready_wait) for fmc_ready_wait
    gd32f4xx_fmc.o(i.ob_drp_enable) refers to gd32f4xx_fmc.o(i.fmc_ready_wait) for fmc_ready_wait
    gd32f4xx_fmc.o(i.ob_erase) refers to gd32f4xx_fmc.o(i.fmc_ready_wait) for fmc_ready_wait
    gd32f4xx_fmc.o(i.ob_security_protection_config) refers to gd32f4xx_fmc.o(i.fmc_ready_wait) for fmc_ready_wait
    gd32f4xx_fmc.o(i.ob_user_write) refers to gd32f4xx_fmc.o(i.fmc_ready_wait) for fmc_ready_wait
    gd32f4xx_fmc.o(i.ob_write_protection_disable) refers to gd32f4xx_fmc.o(i.fmc_ready_wait) for fmc_ready_wait
    gd32f4xx_fmc.o(i.ob_write_protection_enable) refers to gd32f4xx_fmc.o(i.fmc_ready_wait) for fmc_ready_wait
    gd32f4xx_gpio.o(i.gpio_deinit) refers to gd32f4xx_rcu.o(i.rcu_periph_reset_enable) for rcu_periph_reset_enable
    gd32f4xx_gpio.o(i.gpio_deinit) refers to gd32f4xx_rcu.o(i.rcu_periph_reset_disable) for rcu_periph_reset_disable
    gd32f4xx_i2c.o(i.i2c_clock_config) refers to gd32f4xx_rcu.o(i.rcu_clock_freq_get) for rcu_clock_freq_get
    gd32f4xx_i2c.o(i.i2c_deinit) refers to gd32f4xx_rcu.o(i.rcu_periph_reset_enable) for rcu_periph_reset_enable
    gd32f4xx_i2c.o(i.i2c_deinit) refers to gd32f4xx_rcu.o(i.rcu_periph_reset_disable) for rcu_periph_reset_disable
    gd32f4xx_rcu.o(i.rcu_deinit) refers to gd32f4xx_rcu.o(i.rcu_osci_stab_wait) for rcu_osci_stab_wait
    gd32f4xx_rcu.o(i.rcu_osci_stab_wait) refers to gd32f4xx_rcu.o(i.rcu_flag_get) for rcu_flag_get
    gd32f4xx_rtc.o(i.rtc_coarse_calibration_config) refers to gd32f4xx_rtc.o(i.rtc_init_mode_enter) for rtc_init_mode_enter
    gd32f4xx_rtc.o(i.rtc_coarse_calibration_config) refers to gd32f4xx_rtc.o(i.rtc_init_mode_exit) for rtc_init_mode_exit
    gd32f4xx_rtc.o(i.rtc_coarse_calibration_disable) refers to gd32f4xx_rtc.o(i.rtc_init_mode_enter) for rtc_init_mode_enter
    gd32f4xx_rtc.o(i.rtc_coarse_calibration_disable) refers to gd32f4xx_rtc.o(i.rtc_init_mode_exit) for rtc_init_mode_exit
    gd32f4xx_rtc.o(i.rtc_coarse_calibration_enable) refers to gd32f4xx_rtc.o(i.rtc_init_mode_enter) for rtc_init_mode_enter
    gd32f4xx_rtc.o(i.rtc_coarse_calibration_enable) refers to gd32f4xx_rtc.o(i.rtc_init_mode_exit) for rtc_init_mode_exit
    gd32f4xx_rtc.o(i.rtc_deinit) refers to gd32f4xx_rtc.o(i.rtc_init_mode_enter) for rtc_init_mode_enter
    gd32f4xx_rtc.o(i.rtc_deinit) refers to gd32f4xx_rtc.o(i.rtc_register_sync_wait) for rtc_register_sync_wait
[...]
    xQueueReceive                            0x080172f1   Thumb Code   406  queue.o(i.xQueueReceive)
    xQueueSemaphoreTake                      0x0801748d   Thumb Code   470  queue.o(i.xQueueSemaphoreTake)
    xTaskCheckForTimeOut                     0x08017669   Thumb Code   122  tasks.o(i.xTaskCheckForTimeOut)
    xTaskCreate                              0x080176e9   Thumb Code   100  tasks.o(i.xTaskCreate)
    xTaskCreateStatic                        0x0801774d   Thumb Code    92  tasks.o(i.xTaskCreateStatic)
    xTaskGetSchedulerState                   0x080177a9   Thumb Code    24  tasks.o(i.xTaskGetSchedulerState)
    xTaskGetTickCount                        0x080177c5   Thumb Code     6  tasks.o(i.xTaskGetTickCount)
    xTaskGetTickCountFromISR                 0x080177d1   Thumb Code    12  tasks.o(i.xTaskGetTickCountFromISR)
    xTaskIncrementTick                       0x080177e1   Thumb Code   342  tasks.o(i.xTaskIncrementTick)
    xTaskPriorityDisinherit                  0x08017941   Thumb Code   188  tasks.o(i.xTaskPriorityDisinherit)
    xTaskPriorityInherit                     0x08017a05   Thumb Code   192  tasks.o(i.xTaskPriorityInherit)
    xTaskRemoveFromEventList                 0x08017acd   Thumb Code   220  tasks.o(i.xTaskRemoveFromEventList)
    xTaskResumeAll                           0x08017bb5   Thumb Code   292  tasks.o(i.xTaskResumeAll)
    xTimerCreateTimerTask                    0x08017ce9   Thumb Code    86  timers.o(i.xTimerCreateTimerTask)
    memp_UDP_PCB                             0x08017d50   Data          20  memp.o(.constdata)
    memp_TCP_PCB                             0x08017d64   Data          20  memp.o(.constdata)
    memp_TCP_PCB_LISTEN                      0x08017d78   Data          20  memp.o(.constdata)
    memp_TCP_SEG                             0x08017d8c   Data          20  memp.o(.constdata)
    memp_REASSDATA                           0x08017da0   Data          20  memp.o(.constdata)
    memp_FRAG_PBUF                           0x08017db4   Data          20  memp.o(.constdata)
    memp_NETBUF                              0x08017dc8   Data          20  memp.o(.constdata)
    memp_NETCONN                             0x08017ddc   Data          20  memp.o(.constdata)
    memp_TCPIP_MSG_API                       0x08017df0   Data          20  memp.o(.constdata)
    memp_TCPIP_MSG_INPKT                     0x08017e04   Data          20  memp.o(.constdata)
    memp_IGMP_GROUP                          0x08017e18   Data          20  memp.o(.constdata)
    memp_SYS_TIMEOUT                         0x08017e2c   Data          20  memp.o(.constdata)
    memp_PBUF                                0x08017e40   Data          20  memp.o(.constdata)
    memp_PBUF_POOL                           0x08017e54   Data          20  memp.o(.constdata)
    memp_pools                               0x08017e68   Data          56  memp.o(.constdata)
    tcp_pcb_lists                            0x08017ee4   Data          16  tcp.o(.constdata)
    lwip_cyclic_timers                       0x08017ef4   Data          32  timeouts.o(.constdata)
    ip_addr_any                              0x08017f14   Data           4  ip4_addr.o(.constdata)
    ethbroadcast                             0x08017f18   Data           6  ethernet.o(.constdata)
    ethzero                                  0x08017f1e   Data           6  ethernet.o(.constdata)
    netconn_aborted                          0x08017f24   Data           1  api_msg.o(.constdata)
    netconn_reset                            0x08017f25   Data           1  api_msg.o(.constdata)
    netconn_closed                           0x08017f26   Data           1  api_msg.o(.constdata)
    SYSVIEW_X_OS_TraceAPI                    0x08017f6c   Data           8  segger_sysview_freertos.o(.constdata)
    __ctype_table                            0x08017faf   Data         129  ctype_o.o(.constdata)
    Region$$Table$$Base                      0x080185c8   Number         0  anon$$obj.o(Region$$Table)
    Region$$Table$$Limit                     0x080185e8   Number         0  anon$$obj.o(Region$$Table)
    SystemCoreClock                          0x20000000   Data           4  system_gd32f4xx.o(.data)
    dma_current_ptp_txdesc                   0x20000004   Data           4  gd32f4xx_enet.o(.data)
    dma_current_ptp_rxdesc                   0x20000008   Data           4  gd32f4xx_enet.o(.data)
    dma_current_txdesc                       0x20000010   Data           4  gd32f4xx_enet.o(.data)
    dma_current_rxdesc                       0x20000014   Data           4  gd32f4xx_enet.o(.data)
    Des0                                     0x20000020   Data           4  main.o(.data)
    Des1                                     0x20000024   Data           4  main.o(.data)
    Eth_Ddbug                                0x20000028   Data           4  main.o(.data)
    g_rx_semaphore                           0x20000030   Data           4  ethernetif.o(.data)
    lwip_sys_now                             0x2000003c   Data           4  sys_arch.o(.data)
    errno                                    0x20000040   Data           4  sys_arch.o(.data)
    BKP_VALUE                                0x20000048   Data           4  rtc.o(.data)
    prescaler_s                              0x2000004c   Data           4  rtc.o(.data)
    prescaler_a                              0x20000050   Data           4  rtc.o(.data)
    pxCurrentTCB                             0x20000054   Data           4  tasks.o(.data)
    uxTopUsedPriority                        0x20000084   Data           4  tasks.o(.data)
    netif_list                               0x20000124   Data           4  netif.o(.data)
    netif_default                            0x20000128   Data           4  netif.o(.data)
    pbuf_free_ooseq_pending                  0x2000012c   Data           1  pbuf.o(.data)
    tcp_active_pcbs_changed                  0x20000130   Data           1  tcp.o(.data)
    tcp_ticks                                0x2000013c   Data           4  tcp.o(.data)
    tcp_bound_pcbs                           0x20000140   Data           4  tcp.o(.data)
    tcp_listen_pcbs                          0x20000144   Data           4  tcp.o(.data)
    tcp_active_pcbs                          0x20000148   Data           4  tcp.o(.data)
    tcp_tw_pcbs                              0x2000014c   Data           4  tcp.o(.data)
    tcp_input_pcb                            0x20000174   Data           4  tcp_in.o(.data)
    udp_pcbs                                 0x20000188   Data           4  udp.o(.data)
    lock_tcpip_core                          0x200001f8   Data           4  tcpip.o(.data)
    __stdout                                 0x20000214   Data           4  stdout.o(.data)
    rxdesc_tab                               0x20000258   Data          80  gd32f4xx_enet.o(.bss)
    txdesc_tab                               0x200002a8   Data          80  gd32f4xx_enet.o(.bss)
    rx_buff                                  0x200002f8   Data        7620  gd32f4xx_enet.o(.bss)
    tx_buff                                  0x200020bc   Data        7620  gd32f4xx_enet.o(.bss)
    g_mynetif                                0x20003ea0   Data         128  netconf.o(.bss)
    Eth_Data                                 0x20003f20   Data        3132  tcp_server.o(.bss)
    rtc_initpara                             0x20004b5c   Data          20  rtc.o(.bss)
    xQueueRegistry                           0x20004b70   Data          64  queue.o(.bss)
    ip_data                                  0x20007cd8   Data          24  ip.o(.bss)
    ram_heap                                 0x20007cf0   Data       12012  mem.o(.bss)
    memp_memory_UDP_PCB_base                 0x2000abdc   Data         160  memp.o(.bss)
    memp_memory_TCP_PCB_base                 0x2000ac8c   Data         920  memp.o(.bss)
    memp_memory_TCP_PCB_LISTEN_base          0x2000b034   Data         224  memp.o(.bss)
    memp_memory_TCP_SEG_base                 0x2000b124   Data         800  memp.o(.bss)
    memp_memory_REASSDATA_base               0x2000b454   Data         160  memp.o(.bss)
    memp_memory_FRAG_PBUF_base               0x2000b504   Data         360  memp.o(.bss)
    memp_memory_NETBUF_base                  0x2000b67c   Data          48  memp.o(.bss)
    memp_memory_NETCONN_base                 0x2000b6bc   Data         192  memp.o(.bss)
    memp_memory_TCPIP_MSG_API_base           0x2000b78c   Data         104  memp.o(.bss)
    memp_memory_TCPIP_MSG_INPKT_base         0x2000b804   Data          52  memp.o(.bss)
    memp_memory_IGMP_GROUP_base              0x2000b848   Data         128  memp.o(.bss)
    memp_memory_SYS_TIMEOUT_base             0x2000b8d8   Data         192  memp.o(.bss)
    memp_memory_PBUF_base                    0x2000b9a8   Data         256  memp.o(.bss)
    memp_memory_PBUF_POOL_base               0x2000bab8   Data       72720  memp.o(.bss)
    lwip_stats                               0x2001d758   Data         480  stats.o(.bss)
    _SEGGER_RTT                              0x2001db5c   Data         168  segger_rtt.o(.bss)
    __initial_sp                             0x2001ed20   Data           0  startup_gd32f407_427.o(STACK)



==============================================================================

Memory Map of the image

  Image Entry point : 0x08000189

  Load Region LR_IROM1 (Base: 0x08000000, Size: 0x00018804, Max: 0x00100000, ABSOLUTE, COMPRESSED[0x00018638])

    Execution Region ER_IROM1 (Exec base: 0x08000000, Load base: 0x08000000, Size: 0x000185e8, Max: 0x00100000, ABSOLUTE)

    Exec Addr    Load Addr    Size         Type   Attr      Idx    E Section Name        Object

    0x08000000   0x08000000   0x00000188   Data   RO            3    RESET               startup_gd32f407_427.o
    0x08000188   0x08000188   0x00000000   Code   RO        10131  * .ARM.Collect$$$$00000000  mc_w.l(entry.o)
    0x08000188   0x08000188   0x00000004   Code   RO        10443    .ARM.Collect$$$$00000001  mc_w.l(entry2.o)
    0x0800018c   0x0800018c   0x00000004   Code   RO        10446    .ARM.Collect$$$$00000004  mc_w.l(entry5.o)
    0x08000190   0x08000190   0x00000000   Code   RO        10448    .ARM.Collect$$$$00000008  mc_w.l(entry7b.o)
    0x08000190   0x08000190   0x00000000   Code   RO        10450    .ARM.Collect$$$$0000000A  mc_w.l(entry8b.o)
    0x08000190   0x08000190   0x00000008   Code   RO        10451    .ARM.Collect$$$$0000000B  mc_w.l(entry9a.o)
    0x08000198   0x08000198   0x00000000   Code   RO        10453    .ARM.Collect$$$$0000000D  mc_w.l(entry10a.o)
    0x08000198   0x08000198   0x00000000   Code   RO        10455    .ARM.Collect$$$$0000000F  mc_w.l(entry11a.o)
    0x08000198   0x08000198   0x00000004   Code   RO        10444    .ARM.Collect$$$$00002712  mc_w.l(entry2.o)
    0x0800019c   0x0800019c   0x000000be   Code   RO         5597    .emb_text           port.o
    0x0800025a   0x0800025a   0x00000002   PAD
    0x0800025c   0x0800025c   0x00000024   Code   RO            4    .text               startup_gd32f407_427.o
    0x08000280   0x08000280   0x00000008   Code   RO        10134    .text               mc_w.l(ctype_o.o)
    0x08000288   0x08000288   0x00000040   Code   RO        10164    .text               mc_w.l(memmovea.o)
    0x080002c8   0x080002c8   0x00000024   Code   RO        10168    .text               mc_w.l(memseta.o)
    0x080002ec   0x080002ec   0x0000001a   Code   RO        10172    .text               mc_w.l(memcmp.o)
    0x08000306   0x08000306   0x0000001a   Code   RO        10441    .text               mc_w.l(atoi.o)
    0x08000320   0x08000320   0x00000062   Code   RO        10462    .text               mc_w.l(uldiv.o)
    0x08000382   0x08000382   0x00000070   Code   RO        10471    .text               mc_w.l(strtol.o)
    0x080003f2   0x080003f2   0x00000002   PAD
    0x080003f4   0x080003f4   0x00000024   Code   RO        10484    .text               mc_w.l(init.o)
    0x08000418   0x08000418   0x00000000   Code   RO        10486    .text               mc_w.l(semi.o)
    0x08000418   0x08000418   0x0000001e   Code   RO        10487    .text               mc_w.l(llshl.o)
    0x08000436   0x08000436   0x00000020   Code   RO        10489    .text               mc_w.l(llushr.o)
    0x08000456   0x08000456   0x0000009e   Code   RO        10493    .text               mc_w.l(_strtoul.o)
    0x080004f4   0x080004f4   0x00000000   Code   RO        10495    .text               mc_w.l(iusesemip.o)
    0x080004f4   0x080004f4   0x0000001c   Code   RO        10498    .text               mc_w.l(_chval.o)
    0x08000510   0x08000510   0x00000056   Code   RO        10508    .text               mc_w.l(__dczerorl2.o)
    0x08000566   0x08000566   0x00000008   Code   RO         3295    i.AppTask           main.o
    0x0800056e   0x0800056e   0x00000002   Code   RO         3593    i.BusFault_Handler  gd32f4xx_it.o
    0x08000570   0x08000570   0x000000e4   Code   RO         3296    i.CPLD_Init         main.o
    0x08000654   0x08000654   0x000003a0   Code   RO         3297    i.Cpld_GPIO_Init    main.o
    0x080009f4   0x080009f4   0x00000002   Code   RO         3594    i.DebugMon_Handler  gd32f4xx_it.o
    0x080009f6   0x080009f6   0x00000014   Code   RO         3298    i.Delay_Us          main.o
    0x08000a0a   0x08000a0a   0x00000002   PAD
    0x08000a0c   0x08000a0c   0x00000048   Code   RO         3299    i.ENET_IRQHandler   main.o
    0x08000a54   0x08000a54   0x00000008   Code   RO         4173    i.EXGPIO_Write      cpld_ctrl.o
    0x08000a5c   0x08000a5c   0x00000002   Code   RO         3595    i.HardFault_Handler  gd32f4xx_it.o
    0x08000a5e   0x08000a5e   0x00000002   Code   RO         3596    i.MemManage_Handler  gd32f4xx_it.o
    0x08000a60   0x08000a60   0x00000002   Code   RO         3597    i.NMI_Handler       gd32f4xx_it.o
    0x08000a62   0x08000a62   0x00000002   PAD
    0x08000a64   0x08000a64   0x00000048   Code   RO         4296    i.RTC_Init          rtc.o
    0x08000aac   0x08000aac   0x0000006c   Code   RO         9381    i.SEGGER_RTT_AllocUpBuffer  segger_rtt.o
    0x08000b18   0x08000b18   0x00000060   Code   RO         9382    i.SEGGER_RTT_ConfigDownBuffer  segger_rtt.o
    0x08000b78   0x08000b78   0x00000004   Code   RO         9390    i.SEGGER_RTT_Init   segger_rtt.o
    0x08000b7c   0x08000b7c   0x0000007c   Code   RO         9395    i.SEGGER_RTT_ReadNoLock  segger_rtt.o
    0x08000bf8   0x08000bf8   0x00000038   Code   RO         9405    i.SEGGER_RTT_Write  segger_rtt.o
    0x08000c30   0x08000c30   0x0000006c   Code   RO         9408    i.SEGGER_RTT_WriteNoLock  segger_rtt.o
    0x08000c9c   0x08000c9c   0x00000078   Code   RO         9409    i.SEGGER_RTT_WriteSkipNoLock  segger_rtt.o
    0x08000d14   0x08000d14   0x00000016   Code   RO         9614    i.SEGGER_RTT_printf  segger_rtt_printf.o
    0x08000d2a   0x08000d2a   0x000001a0   Code   RO         9615    i.SEGGER_RTT_vprintf  segger_rtt_printf.o
    0x08000eca   0x08000eca   0x00000002   PAD
    0x08000ecc   0x08000ecc   0x00000028   Code   RO         9356    i.SEGGER_SYSVIEW_Conf  segger_sysview_config_freertos.o
    0x08000ef4   0x08000ef4   0x00000094   Code   RO         9662    i.SEGGER_SYSVIEW_GetSysDesc  segger_sysview.o
    0x08000f88   0x08000f88   0x00000064   Code   RO         9663    i.SEGGER_SYSVIEW_Init  segger_sysview.o
    0x08000fec   0x08000fec   0x00000028   Code   RO         9670    i.SEGGER_SYSVIEW_OnIdle  segger_sysview.o
    0x08001014   0x08001014   0x0000004c   Code   RO         9671    i.SEGGER_SYSVIEW_OnTaskCreate  segger_sysview.o
    0x08001060   0x08001060   0x0000004c   Code   RO         9672    i.SEGGER_SYSVIEW_OnTaskStartExec  segger_sysview.o
    0x080010ac   0x080010ac   0x0000004c   Code   RO         9673    i.SEGGER_SYSVIEW_OnTaskStartReady  segger_sysview.o
    0x080010f8   0x080010f8   0x00000060   Code   RO         9675    i.SEGGER_SYSVIEW_OnTaskStopReady  segger_sysview.o
    0x08001158   0x08001158   0x0000004c   Code   RO         9684    i.SEGGER_SYSVIEW_RecordEnterISR  segger_sysview.o
    0x080011a4   0x080011a4   0x00000028   Code   RO         9686    i.SEGGER_SYSVIEW_RecordExitISR  segger_sysview.o
    0x080011cc   0x080011cc   0x00000028   Code   RO         9687    i.SEGGER_SYSVIEW_RecordExitISRToScheduler  segger_sysview.o
    0x080011f4   0x080011f4   0x00000034   Code   RO         9691    i.SEGGER_SYSVIEW_RecordSystime  segger_sysview.o
    0x08001228   0x08001228   0x00000044   Code   RO         9692    i.SEGGER_SYSVIEW_RecordU32  segger_sysview.o
    0x0800126c   0x0800126c   0x00000060   Code   RO         9694    i.SEGGER_SYSVIEW_RecordU32x2  segger_sysview.o
    0x080012cc   0x080012cc   0x00000074   Code   RO         9695    i.SEGGER_SYSVIEW_RecordU32x3  segger_sysview.o
    0x08001340   0x08001340   0x0000008c   Code   RO         9696    i.SEGGER_SYSVIEW_RecordU32x4  segger_sysview.o
    0x080013cc   0x080013cc   0x00000028   Code   RO         9702    i.SEGGER_SYSVIEW_RecordVoid  segger_sysview.o
    0x080013f4   0x080013f4   0x00000084   Code   RO         9704    i.SEGGER_SYSVIEW_SendModule  segger_sysview.o
    0x08001478   0x08001478   0x0000001c   Code   RO         9705    i.SEGGER_SYSVIEW_SendModuleDescription  segger_sysview.o
    0x08001494   0x08001494   0x00000048   Code   RO         9706    i.SEGGER_SYSVIEW_SendNumModules  segger_sysview.o
    0x080014dc   0x080014dc   0x00000038   Code   RO         9708    i.SEGGER_SYSVIEW_SendSysDesc  segger_sysview.o
    0x08001514   0x08001514   0x000000d8   Code   RO         9709    i.SEGGER_SYSVIEW_SendTaskInfo  segger_sysview.o
    0x080015ec   0x080015ec   0x00000018   Code   RO         9710    i.SEGGER_SYSVIEW_SendTaskList  segger_sysview.o
    0x08001604   0x08001604   0x0000000c   Code   RO         9711    i.SEGGER_SYSVIEW_SetRAMBase  segger_sysview.o
    0x08001610   0x08001610   0x0000000c   Code   RO         9712    i.SEGGER_SYSVIEW_ShrinkId  segger_sysview.o
    0x0800161c   0x0800161c   0x000000c4   Code   RO         9713    i.SEGGER_SYSVIEW_Start  segger_sysview.o
    0x080016e0   0x080016e0   0x00000034   Code   RO         9714    i.SEGGER_SYSVIEW_Stop  segger_sysview.o
    0x08001714   0x08001714   0x00000064   Code   RO         9715    i.SEGGER_SYSVIEW_Warn  segger_sysview.o
    0x08001778   0x08001778   0x00000074   Code   RO         9299    i.SYSVIEW_AddTask   segger_sysview_freertos.o
    0x080017ec   0x080017ec   0x00000030   Code   RO         9301    i.SYSVIEW_SendTaskInfo  segger_sysview_freertos.o
    0x0800181c   0x0800181c   0x00000038   Code   RO         5598    i.SysTick_Handler   port.o
    0x08001854   0x08001854   0x00000090   Code   RO           13    i.SystemInit        system_gd32f4xx.o
    0x080018e4   0x080018e4   0x00000228   Code   RO         4232    i.TcpServersTask    tcp_server.o
    0x08001b0c   0x08001b0c   0x00000002   Code   RO         3601    i.UsageFault_Handler  gd32f4xx_it.o
    0x08001b0e   0x08001b0e   0x00000002   PAD
    0x08001b10   0x08001b10   0x00000064   Code   RO         9412    i._DoInit           segger_rtt.o
    0x08001b74   0x08001b74   0x00000042   Code   RO         9719    i._EncodeStr        segger_sysview.o
    0x08001bb6   0x08001bb6   0x00000018   Code   RO         9413    i._GetAvailWriteSpace  segger_rtt.o
    0x08001bce   0x08001bce   0x00000002   PAD
    0x08001bd0   0x08001bd0   0x00000094   Code   RO         9720    i._HandleIncomingPacket  segger_sysview.o
    0x08001c64   0x08001c64   0x00000004   Code   RO         9721    i._PreparePacket    segger_sysview.o
    0x08001c68   0x08001c68   0x000000d8   Code   RO         9616    i._PrintInt         segger_rtt_printf.o
    0x08001d40   0x08001d40   0x000000d8   Code   RO         9617    i._PrintUnsigned    segger_rtt_printf.o
    0x08001e18   0x08001e18   0x00000140   Code   RO         9724    i._SendPacket       segger_sysview.o
    0x08001f58   0x08001f58   0x0000003e   Code   RO         9618    i._StoreChar        segger_rtt_printf.o
    0x08001f96   0x08001f96   0x00000002   PAD
    0x08001f98   0x08001f98   0x00000068   Code   RO         9726    i._TrySendOverflowPacket  segger_sysview.o
    0x08002000   0x08002000   0x0000005c   Code   RO         9415    i._WriteBlocking    segger_rtt.o
    0x0800205c   0x0800205c   0x00000044   Code   RO         9416    i._WriteNoCheck     segger_rtt.o
    0x080020a0   0x080020a0   0x00000020   Code   RO        10313    i.__0printf$5       mc_w.l(printf5.o)
    0x080020c0   0x080020c0   0x00000008   Code   RO        10464    i.__aeabi_errno_addr  mc_w.l(errno.o)
    0x080020c8   0x080020c8   0x0000000e   Code   RO        10502    i.__scatterload_copy  mc_w.l(handlers.o)
    0x080020d6   0x080020d6   0x00000002   Code   RO        10503    i.__scatterload_null  mc_w.l(handlers.o)
    0x080020d8   0x080020d8   0x0000000e   Code   RO        10504    i.__scatterload_zeroinit  mc_w.l(handlers.o)
    0x080020e6   0x080020e6   0x0000001e   Code   RO         9303    i._cbGetTime        segger_sysview_freertos.o
    0x08002104   0x08002104   0x00000058   Code   RO         9357    i._cbSendSystemDesc  segger_sysview_config_freertos.o
    0x0800215c   0x0800215c   0x00000034   Code   RO         9304    i._cbSendTaskList   segger_sysview_freertos.o
    0x08002190   0x08002190   0x000002c0   Code   RO        10320    i._printf_core      mc_w.l(printf5.o)
    0x08002450   0x08002450   0x00000174   Code   RO         8442    i.accept_function   api_msg.o
    0x080025c4   0x080025c4   0x000000d4   Code   RO         8950    i.alloc_socket      sockets.o
    0x08002698   0x08002698   0x00000014   Code   RO         6063    i.do_memp_free_pool  memp.o
    0x080026ac   0x080026ac   0x00000030   Code   RO         6064    i.do_memp_malloc_pool  memp.o
    0x080026dc   0x080026dc   0x0000004c   Code   RO         2334    i.enet_default_init  gd32f4xx_enet.o
    0x08002728   0x08002728   0x0000001a   Code   RO         2335    i.enet_deinit       gd32f4xx_enet.o
    0x08002742   0x08002742   0x00000014   Code   RO         2336    i.enet_delay        gd32f4xx_enet.o
    0x08002756   0x08002756   0x00000002   PAD
    0x08002758   0x08002758   0x00000058   Code   RO         2340    i.enet_desc_information_get  gd32f4xx_enet.o
    0x080027b0   0x080027b0   0x00000090   Code   RO         2342    i.enet_descriptors_chain_init  gd32f4xx_enet.o
    0x08002840   0x08002840   0x0000000e   Code   RO         2349    i.enet_enable       gd32f4xx_enet.o
    0x0800284e   0x0800284e   0x00000002   PAD
    0x08002850   0x08002850   0x00000098   Code   RO         2359    i.enet_frame_receive  gd32f4xx_enet.o
    0x080028e8   0x080028e8   0x00000088   Code   RO         2360    i.enet_frame_transmit  gd32f4xx_enet.o
    0x08002970   0x08002970   0x000001d0   Code   RO         4015    i.enet_gpio_config  eth_bsp_config.o
    0x08002b40   0x08002b40   0x00000270   Code   RO         2361    i.enet_init         gd32f4xx_enet.o
    0x08002db0   0x08002db0   0x00000028   Code   RO         2363    i.enet_initpara_reset  gd32f4xx_enet.o
    0x08002dd8   0x08002dd8   0x00000030   Code   RO         2365    i.enet_interrupt_enable  gd32f4xx_enet.o
    0x08002e08   0x08002e08   0x00000018   Code   RO         2366    i.enet_interrupt_flag_clear  gd32f4xx_enet.o
    0x08002e20   0x08002e20   0x00000020   Code   RO         2367    i.enet_interrupt_flag_get  gd32f4xx_enet.o
    0x08002e40   0x08002e40   0x0000002c   Code   RO         2369    i.enet_mac_address_set  gd32f4xx_enet.o
    0x08002e6c   0x08002e6c   0x0000003c   Code   RO         4016    i.enet_mac_dma_config  eth_bsp_config.o
    0x08002ea8   0x08002ea8   0x000000d8   Code   RO         2379    i.enet_phy_config   gd32f4xx_enet.o
    0x08002f80   0x08002f80   0x00000060   Code   RO         2380    i.enet_phy_write_read  gd32f4xx_enet.o
    0x08002fe0   0x08002fe0   0x0000000a   Code   RO         2398    i.enet_rx_desc_immediate_receive_complete_interrupt  gd32f4xx_enet.o
    0x08002fea   0x08002fea   0x00000002   PAD
    0x08002fec   0x08002fec   0x00000020   Code   RO         2400    i.enet_rx_enable    gd32f4xx_enet.o
    0x0800300c   0x0800300c   0x00000034   Code   RO         2404    i.enet_software_reset  gd32f4xx_enet.o
    0x08003040   0x08003040   0x00000030   Code   RO         4017    i.enet_system_setup  eth_bsp_config.o
    0x08003070   0x08003070   0x00000024   Code   RO         2407    i.enet_tx_enable    gd32f4xx_enet.o
    0x08003094   0x08003094   0x00000030   Code   RO         2408    i.enet_txfifo_flush  gd32f4xx_enet.o
    0x080030c4   0x080030c4   0x000001c0   Code   RO         8443    i.err_tcp           api_msg.o
    0x08003284   0x08003284   0x0000001c   Code   RO         8645    i.err_to_errno      err.o
    0x080032a0   0x080032a0   0x0000026c   Code   RO         7688    i.etharp_find_entry  etharp.o
    0x0800350c   0x0800350c   0x0000003c   Code   RO         7689    i.etharp_free_entry  etharp.o
    0x08003548   0x08003548   0x000000ec   Code   RO         7691    i.etharp_input      etharp.o
    0x08003634   0x08003634   0x000001bc   Code   RO         7692    i.etharp_output     etharp.o
    0x080037f0   0x080037f0   0x00000104   Code   RO         7693    i.etharp_output_to_arp_index  etharp.o
    0x080038f4   0x080038f4   0x00000214   Code   RO         7694    i.etharp_query      etharp.o
    0x08003b08   0x08003b08   0x00000178   Code   RO         7695    i.etharp_raw        etharp.o
    0x08003c80   0x08003c80   0x0000000c   Code   RO         7697    i.etharp_request    etharp.o
    0x08003c8c   0x08003c8c   0x00000020   Code   RO         7698    i.etharp_request_dst  etharp.o
    0x08003cac   0x08003cac   0x00000064   Code   RO         7699    i.etharp_tmr        etharp.o
    0x08003d10   0x08003d10   0x00000130   Code   RO         7700    i.etharp_update_arp_entry  etharp.o
    0x08003e40   0x08003e40   0x000000e4   Code   RO         8197    i.ethernet_input    ethernet.o
    0x08003f24   0x08003f24   0x000000f0   Code   RO         8198    i.ethernet_output   ethernet.o
    0x08004014   0x08004014   0x00000098   Code   RO         3680    i.ethernetif_init   ethernetif.o
    0x080040ac   0x080040ac   0x00000034   Code   RO         3681    i.ethernetif_input  ethernetif.o
    0x080040e0   0x080040e0   0x00000104   Code   RO         8951    i.event_callback    sockets.o
    0x080041e4   0x080041e4   0x00000010   Code   RO         1787    i.exmc_norsram_enable  gd32f4xx_exmc.o
    0x080041f4   0x080041f4   0x000000bc   Code   RO         1788    i.exmc_norsram_init  gd32f4xx_exmc.o
    0x080042b0   0x080042b0   0x00000012   Code   RO        10457    i.fputc             mc_w.l(fputc.o)
    0x080042c2   0x080042c2   0x0000001e   Code   RO         8952    i.free_socket       sockets.o
    0x080042e0   0x080042e0   0x00000028   Code   RO         8953    i.free_socket_free_elements  sockets.o
    0x08004308   0x08004308   0x00000012   Code   RO         8954    i.free_socket_locked  sockets.o
    0x0800431a   0x0800431a   0x00000002   PAD
    0x0800431c   0x0800431c   0x00000044   Code   RO         8955    i.get_socket        sockets.o
    0x08004360   0x08004360   0x00000064   Code   RO          417    i.gpio_af_set       gd32f4xx_gpio.o
    0x080043c4   0x080043c4   0x00000048   Code   RO          425    i.gpio_mode_set     gd32f4xx_gpio.o
    0x0800440c   0x0800440c   0x00000046   Code   RO          427    i.gpio_output_options_set  gd32f4xx_gpio.o
    0x08004452   0x08004452   0x00000002   PAD
    0x08004454   0x08004454   0x0000001c   Code   RO         7799    i.icmp_dest_unreach  icmp.o
    0x08004470   0x08004470   0x00000374   Code   RO         7800    i.icmp_input        icmp.o
    0x080047e4   0x080047e4   0x00000144   Code   RO         7801    i.icmp_send_response  icmp.o
    0x08004928   0x08004928   0x0000001c   Code   RO         7802    i.icmp_time_exceeded  icmp.o
    0x08004944   0x08004944   0x00000022   Code   RO         7927    i.igmp_delaying_member  igmp.o
    0x08004966   0x08004966   0x00000002   PAD
    0x08004968   0x08004968   0x0000001c   Code   RO         7928    i.igmp_init         igmp.o
    0x08004984   0x08004984   0x00000124   Code   RO         7929    i.igmp_input        igmp.o
    0x08004aa8   0x08004aa8   0x00000038   Code   RO         7930    i.igmp_ip_output_if  igmp.o
    0x08004ae0   0x08004ae0   0x000000d8   Code   RO         7931    i.igmp_joingroup    igmp.o
    0x08004bb8   0x08004bb8   0x00000150   Code   RO         7932    i.igmp_joingroup_netif  igmp.o
    0x08004d08   0x08004d08   0x000000e0   Code   RO         7933    i.igmp_leavegroup   igmp.o
    0x08004de8   0x08004de8   0x00000160   Code   RO         7934    i.igmp_leavegroup_netif  igmp.o
    0x08004f48   0x08004f48   0x00000014   Code   RO         7935    i.igmp_lookfor_group  igmp.o
    0x08004f5c   0x08004f5c   0x00000108   Code   RO         7936    i.igmp_lookup_group  igmp.o
    0x08005064   0x08005064   0x00000024   Code   RO         7937    i.igmp_remove_group  igmp.o
    0x08005088   0x08005088   0x0000001c   Code   RO         7938    i.igmp_report_groups  igmp.o
    0x080050a4   0x080050a4   0x00000130   Code   RO         7939    i.igmp_send         igmp.o
    0x080051d4   0x080051d4   0x00000034   Code   RO         7940    i.igmp_start        igmp.o
    0x08005208   0x08005208   0x0000000e   Code   RO         7941    i.igmp_start_timer  igmp.o
    0x08005216   0x08005216   0x00000002   PAD
    0x08005218   0x08005218   0x0000002c   Code   RO         7943    i.igmp_timeout      igmp.o
    0x08005244   0x08005244   0x00000034   Code   RO         7944    i.igmp_tmr          igmp.o
    0x08005278   0x08005278   0x0000000c   Code   RO         5791    i.inet_chksum       inet_chksum.o
    0x08005284   0x08005284   0x0000004a   Code   RO         5792    i.inet_chksum_pbuf  inet_chksum.o
    0x080052ce   0x080052ce   0x00000028   Code   RO         5793    i.inet_chksum_pseudo  inet_chksum.o
    0x080052f6   0x080052f6   0x0000002c   Code   RO         5794    i.inet_chksum_pseudo_partial  inet_chksum.o
    0x08005322   0x08005322   0x0000006c   Code   RO         5795    i.inet_cksum_pseudo_base  inet_chksum.o
    0x0800538e   0x0800538e   0x00000002   PAD
    0x08005390   0x08005390   0x000000f8   Code   RO         5796    i.inet_cksum_pseudo_partial_base  inet_chksum.o
    0x08005488   0x08005488   0x00000040   Code   RO         8055    i.ip4_addr_isbroadcast_u32  ip4_addr.o
    0x080054c8   0x080054c8   0x0000022c   Code   RO         7847    i.ip4_debug_print   ip4.o
    0x080056f4   0x080056f4   0x00000288   Code   RO         8120    i.ip4_frag          ip4_frag.o
    0x0800597c   0x0800597c   0x000004f8   Code   RO         7848    i.ip4_input         ip4.o
    0x08005e74   0x08005e74   0x0000008c   Code   RO         7849    i.ip4_input_accept  ip4.o
    0x08005f00   0x08005f00   0x0000001e   Code   RO         7851    i.ip4_output_if     ip4.o
    0x08005f1e   0x08005f1e   0x0000003a   Code   RO         7852    i.ip4_output_if_opt  ip4.o
    0x08005f58   0x08005f58   0x00000418   Code   RO         7853    i.ip4_output_if_opt_src  ip4.o
    0x08006370   0x08006370   0x000002b0   Code   RO         8121    i.ip4_reass         ip4_frag.o
    0x08006620   0x08006620   0x000000c8   Code   RO         7855    i.ip4_route         ip4.o
    0x080066e8   0x080066e8   0x0000000c   Code   RO         8058    i.ip4addr_ntoa      ip4_addr.o
    0x080066f4   0x080066f4   0x00000086   Code   RO         8059    i.ip4addr_ntoa_r    ip4_addr.o
    0x0800677a   0x0800677a   0x0000000c   Code   RO         5797    i.ip_chksum_pseudo  inet_chksum.o
    0x08006786   0x08006786   0x00000010   Code   RO         5798    i.ip_chksum_pseudo_partial  inet_chksum.o
    0x08006796   0x08006796   0x00000006   Code   RO         8122    i.ip_frag_alloc_pbuf_custom_ref  ip4_frag.o
    0x0800679c   0x0800679c   0x0000007c   Code   RO         8123    i.ip_frag_free_pbuf_custom_ref  ip4_frag.o
    0x08006818   0x08006818   0x0000026c   Code   RO         8124    i.ip_reass_chain_frag_into_datagram_and_validate  ip4_frag.o
    0x08006a84   0x08006a84   0x000000a4   Code   RO         8125    i.ip_reass_dequeue_datagram  ip4_frag.o
    0x08006b28   0x08006b28   0x00000060   Code   RO         8126    i.ip_reass_enqueue_new_datagram  ip4_frag.o
    0x08006b88   0x08006b88   0x000001a8   Code   RO         8127    i.ip_reass_free_complete_datagram  ip4_frag.o
    0x08006d30   0x08006d30   0x00000088   Code   RO         8128    i.ip_reass_remove_oldest_datagram  ip4_frag.o
    0x08006db8   0x08006db8   0x0000002c   Code   RO         8129    i.ip_reass_tmr      ip4_frag.o
    0x08006de4   0x08006de4   0x00000084   Code   RO         8130    i.ipfrag_free_pbuf_custom  ip4_frag.o
    0x08006e68   0x08006e68   0x000000bc   Code   RO         3682    i.low_level_init    ethernetif.o
    0x08006f24   0x08006f24   0x0000005c   Code   RO         3683    i.low_level_input   ethernetif.o
    0x08006f80   0x08006f80   0x00000088   Code   RO         3684    i.low_level_output  ethernetif.o
    0x08007008   0x08007008   0x00000308   Code   RO         8956    i.lwip_accept       sockets.o
    0x08007310   0x08007310   0x00000148   Code   RO         8957    i.lwip_bind         sockets.o
    0x08007458   0x08007458   0x0000001a   Code   RO         5799    i.lwip_chksum_copy  inet_chksum.o
    0x08007472   0x08007472   0x00000002   PAD
    0x08007474   0x08007474   0x000000e4   Code   RO         8958    i.lwip_close        sockets.o
    0x08007558   0x08007558   0x00000040   Code   RO         7404    i.lwip_cyclic_timer  timeouts.o
    0x08007598   0x08007598   0x00000018   Code   RO         5727    i.lwip_htonl        def.o
    0x080075b0   0x080075b0   0x0000000a   Code   RO         5728    i.lwip_htons        def.o
    0x080075ba   0x080075ba   0x0000002a   Code   RO         5873    i.lwip_init         init.o
    0x080075e4   0x080075e4   0x000000bc   Code   RO         8970    i.lwip_listen       sockets.o
    0x080076a0   0x080076a0   0x00000038   Code   RO         8444    i.lwip_netconn_do_bind  api_msg.o
    0x080076d8   0x080076d8   0x0000012c   Code   RO         8446    i.lwip_netconn_do_close  api_msg.o
    0x08007804   0x08007804   0x00000324   Code   RO         8447    i.lwip_netconn_do_close_internal  api_msg.o
    0x08007b28   0x08007b28   0x000001d4   Code   RO         8450    i.lwip_netconn_do_delconn  api_msg.o
    0x08007cfc   0x08007cfc   0x000000f0   Code   RO         8452    i.lwip_netconn_do_getaddr  api_msg.o
    0x08007dec   0x08007dec   0x0000003c   Code   RO         8453    i.lwip_netconn_do_join_leave_group  api_msg.o
    0x08007e28   0x08007e28   0x000000b8   Code   RO         8455    i.lwip_netconn_do_listen  api_msg.o
    0x08007ee0   0x08007ee0   0x00000012   Code   RO         8456    i.lwip_netconn_do_newconn  api_msg.o
    0x08007ef2   0x08007ef2   0x00000046   Code   RO         8457    i.lwip_netconn_do_recv  api_msg.o
    0x08007f38   0x08007f38   0x000003d4   Code   RO         8460    i.lwip_netconn_do_writemore  api_msg.o
    0x0800830c   0x0800830c   0x00000094   Code   RO         8461    i.lwip_netconn_err_to_msg  api_msg.o
    0x080083a0   0x080083a0   0x000000a0   Code   RO         8462    i.lwip_netconn_is_err_msg  api_msg.o
    0x08008440   0x08008440   0x00000002   Code   RO         3301    i.lwip_netif_status_callback  main.o
    0x08008442   0x08008442   0x00000044   Code   RO         8972    i.lwip_poll_should_wake  sockets.o
    0x08008486   0x08008486   0x0000000e   Code   RO         8976    i.lwip_recv         sockets.o
    0x08008494   0x08008494   0x0000035c   Code   RO         8977    i.lwip_recv_tcp     sockets.o
    0x080087f0   0x080087f0   0x000000ac   Code   RO         8978    i.lwip_recv_tcp_from  sockets.o
    0x0800889c   0x0800889c   0x00000160   Code   RO         8979    i.lwip_recvfrom     sockets.o
    0x080089fc   0x080089fc   0x000002dc   Code   RO         8980    i.lwip_recvfrom_udp_raw  sockets.o
    0x08008cd8   0x08008cd8   0x00000068   Code   RO         8987    i.lwip_setsockopt   sockets.o
    0x08008d40   0x08008d40   0x000007c8   Code   RO         8988    i.lwip_setsockopt_impl  sockets.o
    0x08009508   0x08009508   0x0000010c   Code   RO         8990    i.lwip_sock_make_addr  sockets.o
    0x08009614   0x08009614   0x000001c8   Code   RO         8991    i.lwip_socket       sockets.o
    0x080097dc   0x080097dc   0x0000004c   Code   RO         8993    i.lwip_socket_drop_registered_memberships  sockets.o
    0x08009828   0x08009828   0x00000044   Code   RO         8994    i.lwip_socket_register_membership  sockets.o
    0x0800986c   0x0800986c   0x0000005c   Code   RO         8997    i.lwip_socket_unregister_membership  sockets.o
    0x080098c8   0x080098c8   0x0000008c   Code   RO         8998    i.lwip_sockopt_to_ipopt  sockets.o
    0x08009954   0x08009954   0x0000005c   Code   RO         4077    i.lwip_stack_init   netconf.o
    0x080099b0   0x080099b0   0x00000056   Code   RO         5800    i.lwip_standard_chksum  inet_chksum.o
    0x08009a06   0x08009a06   0x00000002   PAD
    0x08009a08   0x08009a08   0x0000002c   Code   RO         8646    i.lwip_strerr       err.o
    0x08009a34   0x08009a34   0x000000bc   Code   RO         3302    i.main              main.o
    0x08009af0   0x08009af0   0x00000094   Code   RO         5976    i.mem_free          mem.o
    0x08009b84   0x08009b84   0x000000b8   Code   RO         5977    i.mem_init          mem.o
    0x08009c3c   0x08009c3c   0x00000050   Code   RO         5978    i.mem_link_valid    mem.o
    0x08009c8c   0x08009c8c   0x00000228   Code   RO         5979    i.mem_malloc        mem.o
    0x08009eb4   0x08009eb4   0x00000010   Code   RO         5980    i.mem_to_ptr        mem.o
    0x08009ec4   0x08009ec4   0x0000022c   Code   RO         5981    i.mem_trim          mem.o
    0x0800a0f0   0x0800a0f0   0x0000003c   Code   RO         6065    i.memp_free         memp.o
    0x0800a12c   0x0800a12c   0x00000030   Code   RO         6067    i.memp_init         memp.o
    0x0800a15c   0x0800a15c   0x00000030   Code   RO         6068    i.memp_init_pool    memp.o
    0x0800a18c   0x0800a18c   0x00000044   Code   RO         6069    i.memp_malloc       memp.o
    0x0800a1d0   0x0800a1d0   0x00000024   Code   RO         8720    i.netbuf_delete     netbuf.o
    0x0800a1f4   0x0800a1f4   0x000000e8   Code   RO         8230    i.netconn_accept    api_lib.o
    0x0800a2dc   0x0800a2dc   0x00000104   Code   RO         8463    i.netconn_alloc     api_msg.o
    0x0800a3e0   0x0800a3e0   0x0000001c   Code   RO         8231    i.netconn_apimsg    api_lib.o
    0x0800a3fc   0x0800a3fc   0x00000054   Code   RO         8232    i.netconn_bind      api_lib.o
    0x0800a450   0x0800a450   0x00000050   Code   RO         8235    i.netconn_close_shutdown  api_lib.o
    0x0800a4a0   0x0800a4a0   0x00000022   Code   RO         8237    i.netconn_delete    api_lib.o
    0x0800a4c2   0x0800a4c2   0x0000009a   Code   RO         8464    i.netconn_drain     api_msg.o
    0x0800a55c   0x0800a55c   0x00000014   Code   RO         8239    i.netconn_err       api_lib.o
    0x0800a570   0x0800a570   0x00000160   Code   RO         8465    i.netconn_free      api_msg.o
    0x0800a6d0   0x0800a6d0   0x000000b0   Code   RO         8240    i.netconn_getaddr   api_lib.o
    0x0800a780   0x0800a780   0x00000068   Code   RO         8241    i.netconn_join_leave_group  api_lib.o
    0x0800a7e8   0x0800a7e8   0x00000048   Code   RO         8243    i.netconn_listen_with_backlog  api_lib.o
    0x0800a830   0x0800a830   0x0000016c   Code   RO         8244    i.netconn_new_with_proto_and_callback  api_lib.o
    0x0800a99c   0x0800a99c   0x00000028   Code   RO         8245    i.netconn_prepare_delete  api_lib.o
    0x0800a9c4   0x0800a9c4   0x00000184   Code   RO         8247    i.netconn_recv_data  api_lib.o
    0x0800ab48   0x0800ab48   0x0000009e   Code   RO         8248    i.netconn_recv_data_tcp  api_lib.o
    0x0800abe6   0x0800abe6   0x00000002   PAD
    0x0800abe8   0x0800abe8   0x0000004c   Code   RO         8250    i.netconn_recv_tcp_pbuf_flags  api_lib.o
    0x0800ac34   0x0800ac34   0x00000054   Code   RO         8252    i.netconn_recv_udp_raw_netbuf_flags  api_lib.o
    0x0800ac88   0x0800ac88   0x00000050   Code   RO         8256    i.netconn_tcp_recvd  api_lib.o
    0x0800acd8   0x0800acd8   0x00000058   Code   RO         8257    i.netconn_tcp_recvd_msg  api_lib.o
    0x0800ad30   0x0800ad30   0x000001fc   Code   RO         6240    i.netif_add         netif.o
    0x0800af2c   0x0800af2c   0x0000001a   Code   RO         6244    i.netif_do_ip_addr_changed  netif.o
    0x0800af46   0x0800af46   0x00000002   PAD
    0x0800af48   0x0800af48   0x00000090   Code   RO         6245    i.netif_do_set_gw   netif.o
    0x0800afd8   0x0800afd8   0x000000bc   Code   RO         6246    i.netif_do_set_ipaddr  netif.o
    0x0800b094   0x0800b094   0x00000090   Code   RO         6247    i.netif_do_set_netmask  netif.o
    0x0800b124   0x0800b124   0x00000050   Code   RO         6248    i.netif_find        netif.o
    0x0800b174   0x0800b174   0x00000028   Code   RO         6249    i.netif_get_by_index  netif.o
    0x0800b19c   0x0800b19c   0x00000048   Code   RO         6251    i.netif_init        netif.o
    0x0800b1e4   0x0800b1e4   0x00000098   Code   RO         6253    i.netif_invoke_ext_callback  netif.o
    0x0800b27c   0x0800b27c   0x000000bc   Code   RO         6254    i.netif_issue_reports  netif.o
    0x0800b338   0x0800b338   0x000001e0   Code   RO         6255    i.netif_loop_output  netif.o
    0x0800b518   0x0800b518   0x00000004   Code   RO         6256    i.netif_loop_output_ipv4  netif.o
    0x0800b51c   0x0800b51c   0x000000b8   Code   RO         6257    i.netif_loopif_init  netif.o
    0x0800b5d4   0x0800b5d4   0x00000006   Code   RO         6259    i.netif_null_output_ip4  netif.o
    0x0800b5da   0x0800b5da   0x00000002   PAD
    0x0800b5dc   0x0800b5dc   0x00000170   Code   RO         6260    i.netif_poll        netif.o
    0x0800b74c   0x0800b74c   0x000000a8   Code   RO         6263    i.netif_set_addr    netif.o
    0x0800b7f4   0x0800b7f4   0x0000000c   Code   RO         6264    i.netif_set_default  netif.o
    0x0800b800   0x0800b800   0x00000064   Code   RO         6269    i.netif_set_link_up  netif.o
    0x0800b864   0x0800b864   0x00000008   Code   RO         6271    i.netif_set_status_callback  netif.o
    0x0800b86c   0x0800b86c   0x00000078   Code   RO         6272    i.netif_set_up      netif.o
    0x0800b8e4   0x0800b8e4   0x00000022   Code   RO         4018    i.nvic_configuration  eth_bsp_config.o
    0x0800b906   0x0800b906   0x00000002   PAD
    0x0800b908   0x0800b908   0x0000009c   Code   RO         2851    i.nvic_irq_enable   gd32f4xx_misc.o
    0x0800b9a4   0x0800b9a4   0x00000014   Code   RO         2852    i.nvic_priority_group_set  gd32f4xx_misc.o
    0x0800b9b8   0x0800b9b8   0x00000018   Code   RO         2853    i.nvic_vector_table_set  gd32f4xx_misc.o
    0x0800b9d0   0x0800b9d0   0x00000006   Code   RO         6472    i.pbuf_add_header   pbuf.o
    0x0800b9d6   0x0800b9d6   0x00000002   PAD
    0x0800b9d8   0x0800b9d8   0x000000c0   Code   RO         6474    i.pbuf_add_header_impl  pbuf.o
    0x0800ba98   0x0800ba98   0x00000190   Code   RO         6475    i.pbuf_alloc        pbuf.o
    0x0800bc28   0x0800bc28   0x000000a4   Code   RO         6476    i.pbuf_alloc_reference  pbuf.o
    0x0800bccc   0x0800bccc   0x00000030   Code   RO         6477    i.pbuf_alloced_custom  pbuf.o
    0x0800bcfc   0x0800bcfc   0x00000124   Code   RO         6478    i.pbuf_cat          pbuf.o
    0x0800be20   0x0800be20   0x00000012   Code   RO         6480    i.pbuf_clen         pbuf.o
    0x0800be32   0x0800be32   0x00000002   PAD
    0x0800be34   0x0800be34   0x00000090   Code   RO         6481    i.pbuf_clone        pbuf.o
    0x0800bec4   0x0800bec4   0x0000003c   Code   RO         6483    i.pbuf_copy         pbuf.o
    0x0800bf00   0x0800bf00   0x000000c0   Code   RO         6484    i.pbuf_copy_partial  pbuf.o
    0x0800bfc0   0x0800bfc0   0x00000250   Code   RO         6485    i.pbuf_copy_partial_pbuf  pbuf.o
    0x0800c210   0x0800c210   0x00000158   Code   RO         6488    i.pbuf_free         pbuf.o
    0x0800c368   0x0800c368   0x00000034   Code   RO         6489    i.pbuf_free_header  pbuf.o
    0x0800c39c   0x0800c39c   0x00000028   Code   RO         6490    i.pbuf_free_ooseq   pbuf.o
    0x0800c3c4   0x0800c3c4   0x00000004   Code   RO         6491    i.pbuf_free_ooseq_callback  pbuf.o
    0x0800c3c8   0x0800c3c8   0x00000006   Code   RO         6495    i.pbuf_header_force  pbuf.o
    0x0800c3ce   0x0800c3ce   0x0000000e   Code   RO         6496    i.pbuf_header_impl  pbuf.o
    0x0800c3dc   0x0800c3dc   0x0000001c   Code   RO         6497    i.pbuf_init_alloced_pbuf  pbuf.o
    0x0800c3f8   0x0800c3f8   0x00000028   Code   RO         6500    i.pbuf_pool_is_empty  pbuf.o
    0x0800c420   0x0800c420   0x00000128   Code   RO         6502    i.pbuf_realloc      pbuf.o
    0x0800c548   0x0800c548   0x00000080   Code   RO         6503    i.pbuf_ref          pbuf.o
    0x0800c5c8   0x0800c5c8   0x000000c8   Code   RO         6504    i.pbuf_remove_header  pbuf.o
    0x0800c690   0x0800c690   0x000000e4   Code   RO         6507    i.pbuf_split_64k    pbuf.o
    0x0800c774   0x0800c774   0x000000e4   Code   RO         8466    i.pcb_new           api_msg.o
    0x0800c858   0x0800c858   0x00000198   Code   RO         5982    i.plug_holes        mem.o
    0x0800c9f0   0x0800c9f0   0x00000010   Code   RO         2908    i.pmu_backup_write_enable  gd32f4xx_pmu.o
    0x0800ca00   0x0800ca00   0x000000cc   Code   RO         8467    i.poll_tcp          api_msg.o
    0x0800cacc   0x0800cacc   0x0000009c   Code   RO         4944    i.prvAddCurrentTaskToDelayedList  tasks.o
    0x0800cb68   0x0800cb68   0x000000cc   Code   RO         4945    i.prvAddNewTaskToReadyList  tasks.o
    0x0800cc34   0x0800cc34   0x0000005c   Code   RO         5352    i.prvCheckForValidListAndQueue  timers.o
    0x0800cc90   0x0800cc90   0x0000003c   Code   RO         4946    i.prvCheckTasksWaitingTermination  tasks.o
    0x0800cccc   0x0800cccc   0x00000028   Code   RO         4524    i.prvCopyDataFromQueue  queue.o
    0x0800ccf4   0x0800ccf4   0x0000006e   Code   RO         4525    i.prvCopyDataToQueue  queue.o
    0x0800cd62   0x0800cd62   0x00000040   Code   RO         4947    i.prvDeleteTCB      tasks.o
    0x0800cda2   0x0800cda2   0x00000014   Code   RO         4526    i.prvGetDisinheritPriorityAfterTimeout  queue.o
    0x0800cdb6   0x0800cdb6   0x00000002   PAD
    0x0800cdb8   0x0800cdb8   0x00000024   Code   RO         5353    i.prvGetNextExpireTime  timers.o
    0x0800cddc   0x0800cddc   0x0000004c   Code   RO         5534    i.prvHeapInit       heap_4.o
    0x0800ce28   0x0800ce28   0x00000014   Code   RO         4948    i.prvIdleTask       tasks.o
    0x0800ce3c   0x0800ce3c   0x00000018   Code   RO         4527    i.prvInitialiseMutex  queue.o
    0x0800ce54   0x0800ce54   0x00000036   Code   RO         4528    i.prvInitialiseNewQueue  queue.o
    0x0800ce8a   0x0800ce8a   0x000000ba   Code   RO         4949    i.prvInitialiseNewTask  tasks.o
    0x0800cf44   0x0800cf44   0x00000058   Code   RO         4950    i.prvInitialiseTaskLists  tasks.o
    0x0800cf9c   0x0800cf9c   0x00000054   Code   RO         5535    i.prvInsertBlockIntoFreeList  heap_4.o
    0x0800cff0   0x0800cff0   0x00000040   Code   RO         5355    i.prvInsertTimerInActiveList  timers.o
    0x0800d030   0x0800d030   0x0000001a   Code   RO         4529    i.prvIsQueueEmpty   queue.o
    0x0800d04a   0x0800d04a   0x0000001e   Code   RO         4530    i.prvIsQueueFull    queue.o
    0x0800d068   0x0800d068   0x00000040   Code   RO         5356    i.prvProcessExpiredTimer  timers.o
    0x0800d0a8   0x0800d0a8   0x000000e4   Code   RO         5357    i.prvProcessReceivedCommands  timers.o
    0x0800d18c   0x0800d18c   0x0000006c   Code   RO         5358    i.prvProcessTimerOrBlockTask  timers.o
    0x0800d1f8   0x0800d1f8   0x00000028   Code   RO         5359    i.prvReloadTimer    timers.o
    0x0800d220   0x0800d220   0x00000020   Code   RO         4952    i.prvResetNextTaskUnblockTime  tasks.o
    0x0800d240   0x0800d240   0x0000002c   Code   RO         5360    i.prvSampleTimeNow  timers.o
    0x0800d26c   0x0800d26c   0x0000002c   Code   RO         5361    i.prvSwitchTimerLists  timers.o
    0x0800d298   0x0800d298   0x0000002c   Code   RO         5599    i.prvTaskExitError  port.o
    0x0800d2c4   0x0800d2c4   0x00000014   Code   RO         5362    i.prvTimerTask      timers.o
    0x0800d2d8   0x0800d2d8   0x0000006a   Code   RO         4531    i.prvUnlockQueue    queue.o
    0x0800d342   0x0800d342   0x00000002   PAD
    0x0800d344   0x0800d344   0x0000000c   Code   RO         5983    i.ptr_to_mem        mem.o
    0x0800d350   0x0800d350   0x000000ec   Code   RO         5536    i.pvPortMalloc      heap_4.o
    0x0800d43c   0x0800d43c   0x00000018   Code   RO         4956    i.pvTaskIncrementMutexHeldCount  tasks.o
    0x0800d454   0x0800d454   0x00000024   Code   RO         5600    i.pxPortInitialiseStack  port.o
    0x0800d478   0x0800d478   0x00000010   Code   RO          764    i.rcu_all_reset_flag_clear  gd32f4xx_rcu.o
    0x0800d488   0x0800d488   0x00000014   Code   RO          770    i.rcu_ckout0_config  gd32f4xx_rcu.o
    0x0800d49c   0x0800d49c   0x000000e4   Code   RO          772    i.rcu_clock_freq_get  gd32f4xx_rcu.o
    0x0800d580   0x0800d580   0x00000024   Code   RO          775    i.rcu_flag_get      gd32f4xx_rcu.o
    0x0800d5a4   0x0800d5a4   0x00000020   Code   RO          788    i.rcu_osci_on       gd32f4xx_rcu.o
    0x0800d5c4   0x0800d5c4   0x00000138   Code   RO          789    i.rcu_osci_stab_wait  gd32f4xx_rcu.o
    0x0800d6fc   0x0800d6fc   0x00000020   Code   RO          791    i.rcu_periph_clock_enable  gd32f4xx_rcu.o
    0x0800d71c   0x0800d71c   0x00000020   Code   RO          794    i.rcu_periph_reset_disable  gd32f4xx_rcu.o
    0x0800d73c   0x0800d73c   0x00000020   Code   RO          795    i.rcu_periph_reset_enable  gd32f4xx_rcu.o
    0x0800d75c   0x0800d75c   0x00000014   Code   RO          800    i.rcu_rtc_clock_config  gd32f4xx_rcu.o
    0x0800d770   0x0800d770   0x00000178   Code   RO         8468    i.recv_tcp          api_msg.o
    0x0800d8e8   0x0800d8e8   0x00000190   Code   RO         8469    i.recv_udp          api_msg.o
    0x0800da78   0x0800da78   0x0000005c   Code   RO         1072    i.rtc_current_time_get  gd32f4xx_rtc.o
    0x0800dad4   0x0800dad4   0x0000009c   Code   RO         1077    i.rtc_init          gd32f4xx_rtc.o
    0x0800db70   0x0800db70   0x0000003c   Code   RO         1078    i.rtc_init_mode_enter  gd32f4xx_rtc.o
    0x0800dbac   0x0800dbac   0x00000010   Code   RO         1079    i.rtc_init_mode_exit  gd32f4xx_rtc.o
    0x0800dbbc   0x0800dbbc   0x00000038   Code   RO         4297    i.rtc_pre_config    rtc.o
    0x0800dbf4   0x0800dbf4   0x00000050   Code   RO         1084    i.rtc_register_sync_wait  gd32f4xx_rtc.o
    0x0800dc44   0x0800dc44   0x00000040   Code   RO         4298    i.rtc_setup         rtc.o
    0x0800dc84   0x0800dc84   0x0000000c   Code   RO         4299    i.rtc_show_time     rtc.o
    0x0800dc90   0x0800dc90   0x000000a4   Code   RO         9002    i.select_check_waiters  sockets.o
    0x0800dd34   0x0800dd34   0x000000cc   Code   RO         8470    i.sent_tcp          api_msg.o
    0x0800de00   0x0800de00   0x00000044   Code   RO         8471    i.setup_tcp         api_msg.o
    0x0800de44   0x0800de44   0x00000014   Code   RO         6739    i.stats_init        stats.o
    0x0800de58   0x0800de58   0x00000040   Code   RO         3782    i.sys_arch_mbox_fetch  sys_arch.o
    0x0800de98   0x0800de98   0x0000001e   Code   RO         3783    i.sys_arch_mbox_tryfetch  sys_arch.o
    0x0800deb6   0x0800deb6   0x0000003c   Code   RO         3785    i.sys_arch_sem_wait  sys_arch.o
    0x0800def2   0x0800def2   0x00000002   PAD
    0x0800def4   0x0800def4   0x00000044   Code   RO         7405    i.sys_check_timeouts  timeouts.o
    0x0800df38   0x0800df38   0x00000024   Code   RO         3788    i.sys_init          sys_arch.o
    0x0800df5c   0x0800df5c   0x00000030   Code   RO         3790    i.sys_mbox_free     sys_arch.o
    0x0800df8c   0x0800df8c   0x0000003c   Code   RO         3791    i.sys_mbox_new      sys_arch.o
    0x0800dfc8   0x0800dfc8   0x00000006   Code   RO         3793    i.sys_mbox_set_invalid  sys_arch.o
    0x0800dfce   0x0800dfce   0x0000001c   Code   RO         3794    i.sys_mbox_trypost  sys_arch.o
    0x0800dfea   0x0800dfea   0x0000000e   Code   RO         3796    i.sys_mbox_valid    sys_arch.o
    0x0800dff8   0x0800dff8   0x0000000a   Code   RO         3798    i.sys_mutex_lock    sys_arch.o
    0x0800e002   0x0800e002   0x00000002   PAD
    0x0800e004   0x0800e004   0x0000003c   Code   RO         3799    i.sys_mutex_new     sys_arch.o
    0x0800e040   0x0800e040   0x0000000c   Code   RO         3801    i.sys_mutex_unlock  sys_arch.o
    0x0800e04c   0x0800e04c   0x00000010   Code   RO         3802    i.sys_now           sys_arch.o
    0x0800e05c   0x0800e05c   0x00000020   Code   RO         3803    i.sys_sem_free      sys_arch.o
    0x0800e07c   0x0800e07c   0x00000084   Code   RO         3804    i.sys_sem_new       sys_arch.o
    0x0800e100   0x0800e100   0x00000006   Code   RO         3805    i.sys_sem_set_invalid  sys_arch.o
    0x0800e106   0x0800e106   0x00000002   PAD
    0x0800e108   0x0800e108   0x00000040   Code   RO         3806    i.sys_sem_signal    sys_arch.o
    0x0800e148   0x0800e148   0x0000000e   Code   RO         3807    i.sys_sem_valid     sys_arch.o
    0x0800e156   0x0800e156   0x00000002   PAD
    0x0800e158   0x0800e158   0x0000005c   Code   RO         3808    i.sys_thread_new    sys_arch.o
    0x0800e1b4   0x0800e1b4   0x000000b4   Code   RO         7407    i.sys_timeout       timeouts.o
    0x0800e268   0x0800e268   0x000000f0   Code   RO         7408    i.sys_timeout_abs   timeouts.o
    0x0800e358   0x0800e358   0x00000024   Code   RO         7410    i.sys_timeouts_init  timeouts.o
    0x0800e37c   0x0800e37c   0x00000028   Code   RO         7411    i.sys_timeouts_sleeptime  timeouts.o
    0x0800e3a4   0x0800e3a4   0x00000014   Code   RO         2058    i.syscfg_enet_phy_interface_config  gd32f4xx_syscfg.o
    0x0800e3b8   0x0800e3b8   0x000000ac   Code   RO           14    i.system_clock_120m_25m_hxtal  system_gd32f4xx.o
    0x0800e464   0x0800e464   0x00000004   Code   RO           15    i.system_clock_config  system_gd32f4xx.o
    0x0800e468   0x0800e468   0x000001bc   Code   RO         6792    i.tcp_abandon       tcp.o
    0x0800e624   0x0800e624   0x00000006   Code   RO         6793    i.tcp_abort         tcp.o
    0x0800e62a   0x0800e62a   0x0000000e   Code   RO         6794    i.tcp_accept        tcp.o
    0x0800e638   0x0800e638   0x00000088   Code   RO         6795    i.tcp_accept_null   tcp.o
    0x0800e6c0   0x0800e6c0   0x000001f4   Code   RO         6796    i.tcp_alloc         tcp.o
    0x0800e8b4   0x0800e8b4   0x00000008   Code   RO         6797    i.tcp_arg           tcp.o
    0x0800e8bc   0x0800e8bc   0x0000012c   Code   RO         6798    i.tcp_bind          tcp.o
    0x0800e9e8   0x0800e9e8   0x00000014   Code   RO         6799    i.tcp_bind_netif    tcp.o
    0x0800e9fc   0x0800e9fc   0x00000094   Code   RO         7238    i.tcp_build_wnd_scale_option  tcp_out.o
    0x0800ea90   0x0800ea90   0x00000070   Code   RO         6800    i.tcp_close         tcp.o
    0x0800eb00   0x0800eb00   0x000001bc   Code   RO         6801    i.tcp_close_shutdown  tcp.o
    0x0800ecbc   0x0800ecbc   0x000000e8   Code   RO         6802    i.tcp_close_shutdown_fin  tcp.o
    0x0800eda4   0x0800eda4   0x00000250   Code   RO         7239    i.tcp_create_segment  tcp_out.o
    0x0800eff4   0x0800eff4   0x00000250   Code   RO         6804    i.tcp_debug_print   tcp.o
    0x0800f244   0x0800f244   0x000000b4   Code   RO         6805    i.tcp_debug_print_flags  tcp.o
    0x0800f2f8   0x0800f2f8   0x00000020   Code   RO         6807    i.tcp_debug_print_state  tcp.o
    0x0800f318   0x0800f318   0x000000a8   Code   RO         6809    i.tcp_eff_send_mss_netif  tcp.o
    0x0800f3c0   0x0800f3c0   0x000002ac   Code   RO         7240    i.tcp_enqueue_flags  tcp_out.o
    0x0800f66c   0x0800f66c   0x00000090   Code   RO         6810    i.tcp_err           tcp.o
    0x0800f6fc   0x0800f6fc   0x000000b8   Code   RO         6811    i.tcp_fasttmr       tcp.o
    0x0800f7b4   0x0800f7b4   0x0000007c   Code   RO         6812    i.tcp_free          tcp.o
    0x0800f830   0x0800f830   0x00000134   Code   RO         7156    i.tcp_free_acked_segments  tcp_in.o
    0x0800f964   0x0800f964   0x00000084   Code   RO         6813    i.tcp_free_listen   tcp.o
    0x0800f9e8   0x0800f9e8   0x00000018   Code   RO         6814    i.tcp_free_ooseq    tcp.o
    0x0800fa00   0x0800fa00   0x00000028   Code   RO         7157    i.tcp_get_next_optbyte  tcp_in.o
    0x0800fa28   0x0800fa28   0x00000058   Code   RO         6815    i.tcp_handle_closepend  tcp.o
    0x0800fa80   0x0800fa80   0x00000002   Code   RO         6816    i.tcp_init          tcp.o
    0x0800fa82   0x0800fa82   0x00000002   PAD
    0x0800fa84   0x0800fa84   0x00000850   Code   RO         7158    i.tcp_input         tcp_in.o
    0x080102d4   0x080102d4   0x000000c0   Code   RO         7159    i.tcp_input_delayed_close  tcp_in.o
    0x08010394   0x08010394   0x000001b8   Code   RO         7241    i.tcp_keepalive     tcp_out.o
    0x0801054c   0x0801054c   0x00000088   Code   RO         6817    i.tcp_kill_prio     tcp.o
    0x080105d4   0x080105d4   0x000000f4   Code   RO         6818    i.tcp_kill_state    tcp.o
    0x080106c8   0x080106c8   0x0000007c   Code   RO         6819    i.tcp_kill_timewait  tcp.o
    0x08010744   0x08010744   0x000000b4   Code   RO         6820    i.tcp_listen_closed  tcp.o
    0x080107f8   0x080107f8   0x00000238   Code   RO         7160    i.tcp_listen_input  tcp_in.o
    0x08010a30   0x08010a30   0x00000148   Code   RO         6822    i.tcp_listen_with_backlog_and_err  tcp.o
    0x08010b78   0x08010b78   0x0000004c   Code   RO         6823    i.tcp_netif_ip_addr_changed  tcp.o
    0x08010bc4   0x08010bc4   0x000000b0   Code   RO         6824    i.tcp_netif_ip_addr_changed_pcblist  tcp.o
    0x08010c74   0x08010c74   0x00000006   Code   RO         6826    i.tcp_new_ip_type   tcp.o
    0x08010c7a   0x08010c7a   0x00000002   PAD
    0x08010c7c   0x08010c7c   0x00000058   Code   RO         6827    i.tcp_new_port      tcp.o
    0x08010cd4   0x08010cd4   0x00000084   Code   RO         6828    i.tcp_next_iss      tcp.o
    0x08010d58   0x08010d58   0x00000100   Code   RO         7161    i.tcp_oos_insert_segment  tcp_in.o
    0x08010e58   0x08010e58   0x00000330   Code   RO         7242    i.tcp_output        tcp_out.o
    0x08011188   0x08011188   0x000000cc   Code   RO         7243    i.tcp_output_alloc_header  tcp_out.o
    0x08011254   0x08011254   0x00000100   Code   RO         7244    i.tcp_output_alloc_header_common  tcp_out.o
    0x08011354   0x08011354   0x000000f4   Code   RO         7245    i.tcp_output_control_segment  tcp_out.o
    0x08011448   0x08011448   0x000000d0   Code   RO         7246    i.tcp_output_fill_options  tcp_out.o
    0x08011518   0x08011518   0x0000037c   Code   RO         7247    i.tcp_output_segment  tcp_out.o
    0x08011894   0x08011894   0x00000098   Code   RO         7248    i.tcp_output_segment_busy  tcp_out.o
    0x0801192c   0x0801192c   0x00000180   Code   RO         7162    i.tcp_parseopt      tcp_in.o
    0x08011aac   0x08011aac   0x00000140   Code   RO         7249    i.tcp_pbuf_prealloc  tcp_out.o
    0x08011bec   0x08011bec   0x00000160   Code   RO         6829    i.tcp_pcb_purge     tcp.o
    0x08011d4c   0x08011d4c   0x000001c8   Code   RO         6830    i.tcp_pcb_remove    tcp.o
    0x08011f14   0x08011f14   0x0000017c   Code   RO         6831    i.tcp_pcbs_sane     tcp.o
    0x08012090   0x08012090   0x000000b4   Code   RO         6832    i.tcp_poll          tcp.o
    0x08012144   0x08012144   0x00000714   Code   RO         7163    i.tcp_process       tcp_in.o
    0x08012858   0x08012858   0x000000d4   Code   RO         6833    i.tcp_process_refused_data  tcp.o
    0x0801292c   0x0801292c   0x000009c0   Code   RO         7164    i.tcp_receive       tcp_in.o
    0x080132ec   0x080132ec   0x00000090   Code   RO         6834    i.tcp_recv          tcp.o
    0x0801337c   0x0801337c   0x00000054   Code   RO         6835    i.tcp_recv_null     tcp.o
    0x080133d0   0x080133d0   0x0000016c   Code   RO         6836    i.tcp_recved        tcp.o
    0x0801353c   0x0801353c   0x0000009c   Code   RO         6837    i.tcp_remove_listener  tcp.o
    0x080135d8   0x080135d8   0x000000ec   Code   RO         7250    i.tcp_rexmit        tcp_out.o
    0x080136c4   0x080136c4   0x000000c8   Code   RO         7251    i.tcp_rexmit_fast   tcp_out.o
    0x0801378c   0x0801378c   0x00000090   Code   RO         7252    i.tcp_rexmit_rto    tcp_out.o
    0x0801381c   0x0801381c   0x0000009c   Code   RO         7253    i.tcp_rexmit_rto_commit  tcp_out.o
    0x080138b8   0x080138b8   0x000000fc   Code   RO         7254    i.tcp_rexmit_rto_prepare  tcp_out.o
    0x080139b4   0x080139b4   0x00000012   Code   RO         7255    i.tcp_route         tcp_out.o
    0x080139c6   0x080139c6   0x00000002   PAD
    0x080139c8   0x080139c8   0x00000178   Code   RO         7256    i.tcp_rst           tcp_out.o
    0x08013b40   0x08013b40   0x00000024   Code   RO         7257    i.tcp_seg_add_chksum  tcp_out.o
    0x08013b64   0x08013b64   0x00000098   Code   RO         6838    i.tcp_seg_copy      tcp.o
    0x08013bfc   0x08013bfc   0x00000022   Code   RO         6839    i.tcp_seg_free      tcp.o
    0x08013c1e   0x08013c1e   0x00000012   Code   RO         6840    i.tcp_segs_free     tcp.o
    0x08013c30   0x08013c30   0x00000134   Code   RO         7258    i.tcp_send_empty_ack  tcp_out.o
    0x08013d64   0x08013d64   0x000000bc   Code   RO         7259    i.tcp_send_fin      tcp_out.o
    0x08013e20   0x08013e20   0x00000090   Code   RO         6841    i.tcp_sent          tcp.o
    0x08013eb0   0x08013eb0   0x00000094   Code   RO         6843    i.tcp_shutdown      tcp.o
    0x08013f44   0x08013f44   0x00000804   Code   RO         6844    i.tcp_slowtmr       tcp.o
    0x08014748   0x08014748   0x000003a8   Code   RO         7260    i.tcp_split_unsent_seg  tcp_out.o
    0x08014af0   0x08014af0   0x00000034   Code   RO         7413    i.tcp_timer_needed  timeouts.o
    0x08014b24   0x08014b24   0x000000e8   Code   RO         7165    i.tcp_timewait_input  tcp_in.o
    0x08014c0c   0x08014c0c   0x00000020   Code   RO         6846    i.tcp_tmr           tcp.o
    0x08014c2c   0x08014c2c   0x00000010   Code   RO         7166    i.tcp_trigger_input_pcb_close  tcp_in.o
    0x08014c3c   0x08014c3c   0x000000b4   Code   RO         6848    i.tcp_update_rcv_ann_wnd  tcp.o
    0x08014cf0   0x08014cf0   0x00000a8c   Code   RO         7261    i.tcp_write         tcp_out.o
    0x0801577c   0x0801577c   0x00000230   Code   RO         7262    i.tcp_write_checks  tcp_out.o
    0x080159ac   0x080159ac   0x00000244   Code   RO         7263    i.tcp_zero_window_probe  tcp_out.o
    0x08015bf0   0x08015bf0   0x00000100   Code   RO         8828    i.tcpip_init        tcpip.o
    0x08015cf0   0x08015cf0   0x000000b8   Code   RO         8829    i.tcpip_inpkt       tcpip.o
    0x08015da8   0x08015da8   0x00000020   Code   RO         8830    i.tcpip_input       tcpip.o
    0x08015dc8   0x08015dc8   0x00000020   Code   RO         8831    i.tcpip_send_msg_wait_sem  tcpip.o
    0x08015de8   0x08015de8   0x00000038   Code   RO         7414    i.tcpip_tcp_timer   timeouts.o
    0x08015e20   0x08015e20   0x000000d8   Code   RO         8832    i.tcpip_thread      tcpip.o
    0x08015ef8   0x08015ef8   0x00000174   Code   RO         8833    i.tcpip_thread_handle_msg  tcpip.o
    0x0801606c   0x0801606c   0x0000005c   Code   RO         8835    i.tcpip_timeouts_mbox_fetch  tcpip.o
    0x080160c8   0x080160c8   0x000000b0   Code   RO         8836    i.tcpip_try_callback  tcpip.o
    0x08016178   0x08016178   0x00000012   Code   RO         9003    i.tryget_socket     sockets.o
    0x0801618a   0x0801618a   0x00000004   Code   RO         9004    i.tryget_socket_unconn  sockets.o
    0x0801618e   0x0801618e   0x00000002   PAD
    0x08016190   0x08016190   0x00000044   Code   RO         9006    i.tryget_socket_unconn_nouse  sockets.o
    0x080161d4   0x080161d4   0x000000b8   Code   RO         7499    i.udp_bind          udp.o
    0x0801628c   0x0801628c   0x00000014   Code   RO         7500    i.udp_bind_netif    udp.o
    0x080162a0   0x080162a0   0x00000002   Code   RO         7503    i.udp_init          udp.o
    0x080162a2   0x080162a2   0x00000002   PAD
    0x080162a4   0x080162a4   0x000002e0   Code   RO         7504    i.udp_input         udp.o
    0x08016584   0x08016584   0x00000108   Code   RO         7505    i.udp_input_local_match  udp.o
    0x0801668c   0x0801668c   0x00000034   Code   RO         7506    i.udp_netif_ip_addr_changed  udp.o
    0x080166c0   0x080166c0   0x0000001e   Code   RO         7507    i.udp_new           udp.o
    0x080166de   0x080166de   0x00000004   Code   RO         7508    i.udp_new_ip_type   udp.o
    0x080166e2   0x080166e2   0x00000002   PAD
    0x080166e4   0x080166e4   0x00000048   Code   RO         7509    i.udp_new_port      udp.o
    0x0801672c   0x0801672c   0x0000002c   Code   RO         7510    i.udp_recv          udp.o
    0x08016758   0x08016758   0x00000054   Code   RO         7511    i.udp_remove        udp.o
    0x080167ac   0x080167ac   0x00000026   Code   RO         4479    i.uxListRemove      list.o
    0x080167d2   0x080167d2   0x00000026   Code   RO         4534    i.uxQueueMessagesWaiting  queue.o
    0x080167f8   0x080167f8   0x00000014   Code   RO         4966    i.vApplicationGetIdleTaskMemory  tasks.o
    0x0801680c   0x0801680c   0x00000018   Code   RO         5366    i.vApplicationGetTimerTaskMemory  timers.o
    0x08016824   0x08016824   0x00000016   Code   RO         4480    i.vListInitialise   list.o
    0x0801683a   0x0801683a   0x00000006   Code   RO         4481    i.vListInitialiseItem  list.o
    0x08016840   0x08016840   0x00000030   Code   RO         4482    i.vListInsert       list.o
    0x08016870   0x08016870   0x00000040   Code   RO         5602    i.vPortEnterCritical  port.o
    0x080168b0   0x080168b0   0x0000002c   Code   RO         5603    i.vPortExitCritical  port.o
    0x080168dc   0x080168dc   0x00000064   Code   RO         5537    i.vPortFree         heap_4.o
    0x08016940   0x08016940   0x00000024   Code   RO         5604    i.vPortSetupTimerInterrupt  port.o
    0x08016964   0x08016964   0x00000054   Code   RO         5605    i.vPortValidateInterruptPriority  port.o
    0x080169b8   0x080169b8   0x00000064   Code   RO         4537    i.vQueueAddToRegistry  queue.o
    0x08016a1c   0x08016a1c   0x00000040   Code   RO         4538    i.vQueueDelete      queue.o
    0x08016a5c   0x08016a5c   0x0000003c   Code   RO         4540    i.vQueueUnregisterQueue  queue.o
    0x08016a98   0x08016a98   0x00000046   Code   RO         4541    i.vQueueWaitForMessageRestricted  queue.o
    0x08016ade   0x08016ade   0x00000002   PAD
    0x08016ae0   0x08016ae0   0x00000058   Code   RO         4967    i.vTaskDelay        tasks.o
    0x08016b38   0x08016b38   0x00000010   Code   RO         4972    i.vTaskInternalSetTimeOutState  tasks.o
    0x08016b48   0x08016b48   0x0000000c   Code   RO         4973    i.vTaskMissedYield  tasks.o
    0x08016b54   0x08016b54   0x00000034   Code   RO         4974    i.vTaskPlaceOnEventList  tasks.o
    0x08016b88   0x08016b88   0x0000005c   Code   RO         4975    i.vTaskPlaceOnEventListRestricted  tasks.o
    0x08016be4   0x08016be4   0x000000dc   Code   RO         4977    i.vTaskPriorityDisinheritAfterTimeout  tasks.o
    0x08016cc0   0x08016cc0   0x000000a0   Code   RO         4984    i.vTaskStartScheduler  tasks.o
    0x08016d60   0x08016d60   0x00000010   Code   RO         4986    i.vTaskSuspendAll   tasks.o
    0x08016d70   0x08016d70   0x00000070   Code   RO         4987    i.vTaskSwitchContext  tasks.o
    0x08016de0   0x08016de0   0x000000f4   Code   RO         5606    i.xPortStartScheduler  port.o
    0x08016ed4   0x08016ed4   0x0000002c   Code   RO         4542    i.xQueueCreateCountingSemaphore  queue.o
    0x08016f00   0x08016f00   0x00000018   Code   RO         4544    i.xQueueCreateMutex  queue.o
    0x08016f18   0x08016f18   0x00000056   Code   RO         4546    i.xQueueGenericCreate  queue.o
    0x08016f6e   0x08016f6e   0x0000004c   Code   RO         4547    i.xQueueGenericCreateStatic  queue.o
    0x08016fba   0x08016fba   0x00000002   PAD
    0x08016fbc   0x08016fbc   0x000000b4   Code   RO         4548    i.xQueueGenericReset  queue.o
    0x08017070   0x08017070   0x000001a4   Code   RO         4549    i.xQueueGenericSend  queue.o
    0x08017214   0x08017214   0x000000da   Code   RO         4551    i.xQueueGiveFromISR  queue.o
    0x080172ee   0x080172ee   0x00000002   PAD
    0x080172f0   0x080172f0   0x0000019c   Code   RO         4557    i.xQueueReceive     queue.o
    0x0801748c   0x0801748c   0x000001dc   Code   RO         4559    i.xQueueSemaphoreTake  queue.o
    0x08017668   0x08017668   0x00000080   Code   RO         4989    i.xTaskCheckForTimeOut  tasks.o
    0x080176e8   0x080176e8   0x00000064   Code   RO         4990    i.xTaskCreate       tasks.o
    0x0801774c   0x0801774c   0x0000005c   Code   RO         4991    i.xTaskCreateStatic  tasks.o
    0x080177a8   0x080177a8   0x0000001c   Code   RO         4999    i.xTaskGetSchedulerState  tasks.o
    0x080177c4   0x080177c4   0x0000000c   Code   RO         5000    i.xTaskGetTickCount  tasks.o
    0x080177d0   0x080177d0   0x00000010   Code   RO         5001    i.xTaskGetTickCountFromISR  tasks.o
    0x080177e0   0x080177e0   0x00000160   Code   RO         5002    i.xTaskIncrementTick  tasks.o
    0x08017940   0x08017940   0x000000c4   Code   RO         5003    i.xTaskPriorityDisinherit  tasks.o
    0x08017a04   0x08017a04   0x000000c8   Code   RO         5004    i.xTaskPriorityInherit  tasks.o
    0x08017acc   0x08017acc   0x000000e8   Code   RO         5005    i.xTaskRemoveFromEventList  tasks.o
    0x08017bb4   0x08017bb4   0x00000134   Code   RO         5006    i.xTaskResumeAll    tasks.o
    0x08017ce8   0x08017ce8   0x00000068   Code   RO         5372    i.xTimerCreateTimerTask  timers.o
    0x08017d50   0x08017d50   0x00000014   Data   RO         6099    .constdata          memp.o
    0x08017d64   0x08017d64   0x00000014   Data   RO         6100    .constdata          memp.o
    0x08017d78   0x08017d78   0x00000014   Data   RO         6101    .constdata          memp.o
    0x08017d8c   0x08017d8c   0x00000014   Data   RO         6102    .constdata          memp.o
    0x08017da0   0x08017da0   0x00000014   Data   RO         6103    .constdata          memp.o
    0x08017db4   0x08017db4   0x00000014   Data   RO         6104    .constdata          memp.o
    0x08017dc8   0x08017dc8   0x00000014   Data   RO         6105    .constdata          memp.o
    0x08017ddc   0x08017ddc   0x00000014   Data   RO         6106    .constdata          memp.o
    0x08017df0   0x08017df0   0x00000014   Data   RO         6107    .constdata          memp.o
    0x08017e04   0x08017e04   0x00000014   Data   RO         6108    .constdata          memp.o
    0x08017e18   0x08017e18   0x00000014   Data   RO         6109    .constdata          memp.o
    0x08017e2c   0x08017e2c   0x00000014   Data   RO         6110    .constdata          memp.o
    0x08017e40   0x08017e40   0x00000014   Data   RO         6111    .constdata          memp.o
    0x08017e54   0x08017e54   0x00000014   Data   RO         6112    .constdata          memp.o
    0x08017e68   0x08017e68   0x00000038   Data   RO         6113    .constdata          memp.o
    0x08017ea0   0x08017ea0   0x00000054   Data   RO         6849    .constdata          tcp.o
    0x08017ef4   0x08017ef4   0x00000020   Data   RO         7415    .constdata          timeouts.o
    0x08017f14   0x08017f14   0x00000004   Data   RO         8062    .constdata          ip4_addr.o
    0x08017f18   0x08017f18   0x00000006   Data   RO         8199    .constdata          ethernet.o
    0x08017f1e   0x08017f1e   0x00000006   Data   RO         8200    .constdata          ethernet.o
    0x08017f24   0x08017f24   0x00000003   Data   RO         8472    .constdata          api_msg.o
    0x08017f27   0x08017f27   0x00000001   PAD
    0x08017f28   0x08017f28   0x00000044   Data   RO         8647    .constdata          err.o
    0x08017f6c   0x08017f6c   0x00000008   Data   RO         9306    .constdata          segger_sysview_freertos.o
    0x08017f74   0x08017f74   0x00000011   Data   RO         9418    .constdata          segger_rtt.o
    0x08017f85   0x08017f85   0x00000010   Data   RO         9619    .constdata          segger_rtt_printf.o
    0x08017f95   0x08017f95   0x0000001a   Data   RO         9730    .constdata          segger_sysview.o
    0x08017faf   0x08017faf   0x00000081   Data   RO        10135    .constdata          mc_w.l(ctype_o.o)
    0x08018030   0x08018030   0x00000004   Data   RO        10136    .constdata          mc_w.l(ctype_o.o)
    0x08018034   0x08018034   0x00000008   Data   RO         6114    .conststring        memp.o
    0x0801803c   0x0801803c   0x00000008   Data   RO         6115    .conststring        memp.o
    0x08018044   0x08018044   0x0000000f   Data   RO         6116    .conststring        memp.o
    0x08018053   0x08018053   0x00000001   PAD
    0x08018054   0x08018054   0x00000008   Data   RO         6117    .conststring        memp.o
    0x0801805c   0x0801805c   0x0000000a   Data   RO         6118    .conststring        memp.o
    0x08018066   0x08018066   0x00000002   PAD
    0x08018068   0x08018068   0x0000000a   Data   RO         6119    .conststring        memp.o
    0x08018072   0x08018072   0x00000002   PAD
    0x08018074   0x08018074   0x00000007   Data   RO         6120    .conststring        memp.o
    0x0801807b   0x0801807b   0x00000001   PAD
    0x0801807c   0x0801807c   0x00000008   Data   RO         6121    .conststring        memp.o
    0x08018084   0x08018084   0x0000000e   Data   RO         6122    .conststring        memp.o
    0x08018092   0x08018092   0x00000002   PAD
    0x08018094   0x08018094   0x00000010   Data   RO         6123    .conststring        memp.o
    0x080180a4   0x080180a4   0x0000000b   Data   RO         6124    .conststring        memp.o
    0x080180af   0x080180af   0x00000001   PAD
    0x080180b0   0x080180b0   0x0000000c   Data   RO         6125    .conststring        memp.o
    0x080180bc   0x080180bc   0x0000000d   Data   RO         6126    .conststring        memp.o
    0x080180c9   0x080180c9   0x00000003   PAD
    0x080180cc   0x080180cc   0x0000000a   Data   RO         6127    .conststring        memp.o
    0x080180d6   0x080180d6   0x00000002   PAD
    0x080180d8   0x080180d8   0x0000006d   Data   RO         6850    .conststring        tcp.o
    0x08018145   0x08018145   0x00000003   PAD
    0x08018148   0x08018148   0x0000012d   Data   RO         7264    .conststring        tcp_out.o
    0x08018275   0x08018275   0x00000003   PAD
    0x08018278   0x08018278   0x00000041   Data   RO         7702    .conststring        etharp.o
    0x080182b9   0x080182b9   0x00000003   PAD
    0x080182bc   0x080182bc   0x0000013c   Data   RO         7857    .conststring        ip4.o
    0x080183f8   0x080183f8   0x00000041   Data   RO         7945    .conststring        igmp.o
    0x08018439   0x08018439   0x00000003   PAD
    0x0801843c   0x0801843c   0x00000139   Data   RO         8648    .conststring        err.o
    0x08018575   0x08018575   0x00000003   PAD
    0x08018578   0x08018578   0x00000050   Data   RO         9307    .conststring        segger_sysview_freertos.o
    0x080185c8   0x080185c8   0x00000020   Data   RO        10500    Region$$Table       anon$$obj.o


    Execution Region RW_IRAM1 (Exec base: 0x20000000, Load base: 0x080185e8, Size: 0x0001ed20, Max: 0x00030000, ABSOLUTE, COMPRESSED[0x00000050])

    Exec Addr    Load Addr    Size         Type   Attr      Idx    E Section Name        Object

    0x20000000   COMPRESSED   0x00000004   Data   RW           16    .data               system_gd32f4xx.o
    0x20000004   COMPRESSED   0x00000014   Data   RW         2415    .data               gd32f4xx_enet.o
    0x20000018   COMPRESSED   0x00000014   Data   RW         3303    .data               main.o
    0x2000002c   COMPRESSED   0x0000000c   Data   RW         3687    .data               ethernetif.o
    0x20000038   COMPRESSED   0x00000008   Data   RW         3810    .data               sys_arch.o
    0x20000040   COMPRESSED   0x00000004   Data   RW         3811    .data               sys_arch.o
    0x20000044   COMPRESSED   0x00000004   Data   RW         4019    .data               eth_bsp_config.o
    0x20000048   COMPRESSED   0x0000000c   Data   RW         4301    .data               rtc.o
    0x20000054   COMPRESSED   0x00000040   Data   RW         5009    .data               tasks.o
    0x20000094   COMPRESSED   0x00000014   Data   RW         5379    .data               timers.o
    0x200000a8   COMPRESSED   0x00000020   Data   RW         5543    .data               heap_4.o
    0x200000c8   COMPRESSED   0x0000000c   Data   RW         5607    .data               port.o
    0x200000d4   COMPRESSED   0x00000010   Data   RW         5985    .data               mem.o
    0x200000e4   COMPRESSED   0x00000004   Data   RW         6128    .data               memp.o
    0x200000e8   COMPRESSED   0x00000004   Data   RW         6129    .data               memp.o
    0x200000ec   COMPRESSED   0x00000004   Data   RW         6130    .data               memp.o
    0x200000f0   COMPRESSED   0x00000004   Data   RW         6131    .data               memp.o
    0x200000f4   COMPRESSED   0x00000004   Data   RW         6132    .data               memp.o
    0x200000f8   COMPRESSED   0x00000004   Data   RW         6133    .data               memp.o
    0x200000fc   COMPRESSED   0x00000004   Data   RW         6134    .data               memp.o
    0x20000100   COMPRESSED   0x00000004   Data   RW         6135    .data               memp.o
    0x20000104   COMPRESSED   0x00000004   Data   RW         6136    .data               memp.o
    0x20000108   COMPRESSED   0x00000004   Data   RW         6137    .data               memp.o
    0x2000010c   COMPRESSED   0x00000004   Data   RW         6138    .data               memp.o
    0x20000110   COMPRESSED   0x00000004   Data   RW         6139    .data               memp.o
    0x20000114   COMPRESSED   0x00000004   Data   RW         6140    .data               memp.o
    0x20000118   COMPRESSED   0x00000004   Data   RW         6141    .data               memp.o
    0x2000011c   COMPRESSED   0x00000010   Data   RW         6274    .data               netif.o
    0x2000012c   COMPRESSED   0x00000001   Data   RW         6512    .data               pbuf.o
    0x2000012d   COMPRESSED   0x00000003   PAD
    0x20000130   COMPRESSED   0x00000020   Data   RW         6851    .data               tcp.o
    0x20000150   COMPRESSED   0x00000028   Data   RW         7168    .data               tcp_in.o
    0x20000178   COMPRESSED   0x0000000c   Data   RW         7417    .data               timeouts.o
    0x20000184   COMPRESSED   0x00000008   Data   RW         7520    .data               udp.o
    0x2000018c   COMPRESSED   0x00000001   Data   RW         7703    .data               etharp.o
    0x2000018d   COMPRESSED   0x00000003   PAD
    0x20000190   COMPRESSED   0x00000008   Data   RW         7858    .data               ip4.o
    0x20000198   COMPRESSED   0x00000008   Data   RW         7946    .data               igmp.o
    0x200001a0   COMPRESSED   0x00000008   Data   RW         8131    .data               ip4_frag.o
    0x200001a8   COMPRESSED   0x00000044   Data   RW         8649    .data               err.o
    0x200001ec   COMPRESSED   0x00000010   Data   RW         8837    .data               tcpip.o
    0x200001fc   COMPRESSED   0x00000004   Data   RW         9009    .data               sockets.o
    0x20000200   COMPRESSED   0x00000004   Data   RW         9308    .data               segger_sysview_freertos.o
    0x20000204   COMPRESSED   0x00000010   Data   RW         9733    .data               segger_sysview.o
    0x20000214   COMPRESSED   0x00000004   Data   RW        10459    .data               mc_w.l(stdout.o)
    0x20000218   COMPRESSED   0x00000004   Data   RW        10467    .data               mc_w.l(errno.o)
    0x2000021c        -       0x00003c64   Zero   RW         2413    .bss                gd32f4xx_enet.o
    0x20003e80        -       0x00000020   Zero   RW         3809    .bss                sys_arch.o
    0x20003ea0        -       0x00000080   Zero   RW         4078    .bss                netconf.o
    0x20003f20        -       0x00000c3c   Zero   RW         4233    .bss                tcp_server.o
    0x20004b5c        -       0x00000014   Zero   RW         4300    .bss                rtc.o
    0x20004b70        -       0x00000040   Zero   RW         4561    .bss                queue.o
    0x20004bb0        -       0x00000408   Zero   RW         5008    .bss                tasks.o
    0x20004fb8        -       0x00000520   Zero   RW         5378    .bss                timers.o
    0x200054d8        -       0x00002800   Zero   RW         5542    .bss                heap_4.o
    0x20007cd8        -       0x00000018   Zero   RW         5955    .bss                ip.o
    0x20007cf0        -       0x00002eec   Zero   RW         5984    .bss                mem.o
    0x2000abdc        -       0x000000a0   Zero   RW         6071    .bss                memp.o
    0x2000ac7c        -       0x00000010   Zero   RW         6072    .bss                memp.o
    0x2000ac8c        -       0x00000398   Zero   RW         6073    .bss                memp.o
    0x2000b024        -       0x00000010   Zero   RW         6074    .bss                memp.o
    0x2000b034        -       0x000000e0   Zero   RW         6075    .bss                memp.o
    0x2000b114        -       0x00000010   Zero   RW         6076    .bss                memp.o
    0x2000b124        -       0x00000320   Zero   RW         6077    .bss                memp.o
    0x2000b444        -       0x00000010   Zero   RW         6078    .bss                memp.o
    0x2000b454        -       0x000000a0   Zero   RW         6079    .bss                memp.o
    0x2000b4f4        -       0x00000010   Zero   RW         6080    .bss                memp.o
    0x2000b504        -       0x00000168   Zero   RW         6081    .bss                memp.o
    0x2000b66c        -       0x00000010   Zero   RW         6082    .bss                memp.o
    0x2000b67c        -       0x00000030   Zero   RW         6083    .bss                memp.o
    0x2000b6ac        -       0x00000010   Zero   RW         6084    .bss                memp.o
    0x2000b6bc        -       0x000000c0   Zero   RW         6085    .bss                memp.o
    0x2000b77c        -       0x00000010   Zero   RW         6086    .bss                memp.o
    0x2000b78c        -       0x00000068   Zero   RW         6087    .bss                memp.o
    0x2000b7f4        -       0x00000010   Zero   RW         6088    .bss                memp.o
    0x2000b804        -       0x00000034   Zero   RW         6089    .bss                memp.o
    0x2000b838        -       0x00000010   Zero   RW         6090    .bss                memp.o
    0x2000b848        -       0x00000080   Zero   RW         6091    .bss                memp.o
    0x2000b8c8        -       0x00000010   Zero   RW         6092    .bss                memp.o
    0x2000b8d8        -       0x000000c0   Zero   RW         6093    .bss                memp.o
    0x2000b998        -       0x00000010   Zero   RW         6094    .bss                memp.o
    0x2000b9a8        -       0x00000100   Zero   RW         6095    .bss                memp.o
    0x2000baa8        -       0x00000010   Zero   RW         6096    .bss                memp.o
    0x2000bab8        -       0x00011c10   Zero   RW         6097    .bss                memp.o
    0x2001d6c8        -       0x00000010   Zero   RW         6098    .bss                memp.o
    0x2001d6d8        -       0x00000080   Zero   RW         6273    .bss                netif.o
    0x2001d758        -       0x000001e0   Zero   RW         6740    .bss                stats.o
    0x2001d938        -       0x00000014   Zero   RW         7167    .bss                tcp_in.o
    0x2001d94c        -       0x000000f0   Zero   RW         7701    .bss                etharp.o
    0x2001da3c        -       0x00000010   Zero   RW         8061    .bss                ip4_addr.o
    0x2001da4c        -       0x00000070   Zero   RW         9007    .bss                sockets.o
    0x2001dabc        -       0x000000a0   Zero   RW         9305    .bss                segger_sysview_freertos.o
    0x2001db5c        -       0x000004b8   Zero   RW         9417    .bss                segger_rtt.o
    0x2001e014        -       0x0000050b   Zero   RW         9729    .bss                segger_sysview.o
    0x2001e51f   COMPRESSED   0x00000001   PAD
    0x2001e520        -       0x00000800   Zero   RW            1    STACK               startup_gd32f407_427.o


==============================================================================

Image component sizes


      Code (inc. data)   RO Data    RW Data    ZI Data      Debug   Object Name

      2108        824          0          0          0      32341   api_lib.o
      6554       2414          3          0          0      32727   api_msg.o
         8          0          0          0          0        927   cpld_ctrl.o
        34          0          0          0          0       1010   def.o
        72         24        381         68          0       2389   err.o
       606         28          0          4          0       8052   eth_bsp_config.o
      2976        962         65          1        240      11752   etharp.o
       468        140         12          0          0       2746   ethernet.o
       620        148          0         12          0      15115   ethernetif.o
         0          0          0          0          0      21252   event_groups.o
      1958        236          0         20      15460      17640   gd32f4xx_enet.o
       204          4          0          0          0       4390   gd32f4xx_exmc.o
         0          0          0          0          0      18200   gd32f4xx_fmc.o
       242          0          0          0          0       2456   gd32f4xx_gpio.o
        12          0          0          0          0       2721   gd32f4xx_it.o
       200         24          0          0          0       2100   gd32f4xx_misc.o
        16          4          0          0          0        538   gd32f4xx_pmu.o
       760         78          0          0          0       8180   gd32f4xx_rcu.o
       404         24          0          0          0       4434   gd32f4xx_rtc.o
        20          6          0          0          0        659   gd32f4xx_syscfg.o
       496         24          0         32      10240       4791   heap_4.o
      1264        320          0          0          0      12251   icmp.o
      2352        942         65          8          0      17655   igmp.o
       666         84          0          0          0      16515   inet_chksum.o
        42          0          0          0          0      16592   init.o
         0          0          0          0         24       3130   ip.o
      3304       1224        316          8          0       8270   ip4.o
       210          4          4          0         16      10790   ip4_addr.o
      3082       1012          0          8          0      12606   ip4_frag.o
       114          0          0          0          0       2837   list.o
      1446         78          0         20          0      60658   main.o
      1956        640          0         16      12012       8125   mem.o
       292         76        486         56      76540      11990   memp.o
        36          0          0          0          0       2384   netbuf.o
        92         20          0          0        128      12529   netconf.o
      2992       1270          0         16        128      20279   netif.o
      3488       1640          0          1          0      18538   pbuf.o
       798         82          0         12          0      13261   port.o
      2678         28          0          0         64      24853   queue.o
       204         32          0         12         20       2321   rtc.o
       900         48         17          0       1208      14730   segger_rtt.o
       932          6         16          0          0       6185   segger_rtt_printf.o
      2822        206         26         16       1291      37355   segger_sysview.o
       128         82          0          0          0       1158   segger_sysview_config_freertos.o
       246         30         88          4        160       4077   segger_sysview_freertos.o
      7796       3266          0          4        112      50024   sockets.o
        36          8        392          0       2048        908   startup_gd32f407_427.o
        20         10          0          0        480       5570   stats.o
       784        164          0         12         32      35288   sys_arch.o
       320         30          0          4          0     106879   system_gd32f4xx.o
      3286        204          0         64       1032      34772   tasks.o
     10464       5086        193         32          0      50158   tcp.o
      8432       2362          0         40         20      23687   tcp_in.o
     11646       5180        301          0          0      36758   tcp_out.o
       552         96          0          0       3132      19298   tcp_server.o
      1360        734          0         16          0       8570   tcpip.o
       736        324         32         12          0       7095   timeouts.o
       868         98          0         20       1312      33793   timers.o
      1492        404          0          8          0      15321   udp.o

    ----------------------------------------------------------------------
     95670      30730       2459        532     125700     961630   Object Totals
         0          0         32          0          0          0   (incl. Generated)
        76          0         30          6          1          0   (incl. Padding)

    ----------------------------------------------------------------------

      Code (inc. data)   RO Data    RW Data    ZI Data      Debug   Library Member Name

        86          0          0          0          0          0   __dczerorl2.o
        28          0          0          0          0         68   _chval.o
       158          0          0          0          0         92   _strtoul.o
        26          0          0          0          0         80   atoi.o
         8          4        133          0          0         68   ctype_o.o
         0          0          0          0          0          0   entry.o
         0          0          0          0          0          0   entry10a.o
         0          0          0          0          0          0   entry11a.o
         8          4          0          0          0          0   entry2.o
         4          0          0          0          0          0   entry5.o
         0          0          0          0          0          0   entry7b.o
         0          0          0          0          0          0   entry8b.o
         8          4          0          0          0          0   entry9a.o
         8          4          0          4          0         68   errno.o
        18          0          0          0          0         80   fputc.o
        30          0          0          0          0          0   handlers.o
        36          8          0          0          0         68   init.o
         0          0          0          0          0          0   iusesemip.o
        30          0          0          0          0         68   llshl.o
        32          0          0          0          0         68   llushr.o
        26          0          0          0          0         80   memcmp.o
        64          0          0          0          0         76   memmovea.o
        36          0          0          0          0        108   memseta.o
       736         56          0          0          0        184   printf5.o
         0          0          0          0          0          0   semi.o
         0          0          0          4          0          0   stdout.o
       112          0          0          0          0         88   strtol.o
        98          0          0          0          0         92   uldiv.o

    ----------------------------------------------------------------------
      1554         80        133          8          0       1288   Library Totals
         2          0          0          0          0          0   (incl. Padding)

    ----------------------------------------------------------------------

      Code (inc. data)   RO Data    RW Data    ZI Data      Debug   Library Name

      1552         80        133          8          0       1288   mc_w.l

    ----------------------------------------------------------------------
      1554         80        133          8          0       1288   Library Totals

    ----------------------------------------------------------------------

==============================================================================


      Code (inc. data)   RO Data    RW Data    ZI Data      Debug   

     97224      30810       2592        540     125700     909030   Grand Totals
     97224      30810       2592         80     125700     909030   ELF Image Totals (compressed)
     97224      30810       2592         80          0          0   ROM Totals

==============================================================================

    Total RO  Size (Code + RO Data)                99816 (  97.48kB)
    Total RW  Size (RW Data + ZI Data)            126240 ( 123.28kB)
    Total ROM Size (Code + RO Data + RW Data)      99896 (  97.55kB)

==============================================================================

