<html>
<body>
<pre>
<h1>礦ision Build Log</h1>
<h2>Tool Versions:</h2>
IDE-Version: μVision V5.30.0.0
Copyright (C) 2020 ARM Ltd and ARM Germany GmbH. All rights reserved.
License Information: z sy, hk, LIC=PE7DL-01Y3J-UH98H-W9CQL-4MU33-JG9MD
 
Tool Versions:
Toolchain:       MDK-ARM Plus  Version: 5.30.0.0
Toolchain Path:  C:\Keil_v5\ARM\ARMCC\Bin
C Compiler:      Armcc.exe V5.06 update 6 (build 750)
Assembler:       Armasm.exe V5.06 update 6 (build 750)
Linker/Locator:  ArmLink.exe V5.06 update 6 (build 750)
Library Manager: ArmAr.exe V5.06 update 6 (build 750)
Hex Converter:   FromElf.exe V5.06 update 6 (build 750)
CPU DLL:         SARMCM3.DLL V5.30.0.0
Dialog DLL:      DCM.DLL V1.17.3.0
Target DLL:      Segger\JL2CM3.dll V2.99.38.0
Dialog DLL:      TCM.DLL V1.42.0.0
 
<h2>Project:</h2>
C:\Users\13687\Desktop\Origin_Proj\GD32_STD\ConCtrl.uvprojx
Project File Date:  03/03/2023

<h2>Output:</h2>
*** Using Compiler 'V5.06 update 6 (build 750)', folder: 'C:\Keil_v5\ARM\ARMCC\Bin'
Rebuild target 'ConCtrl'
assembling startup_gd32f407_427.s...
compiling system_gd32f4xx.c...
compiling gd32f4xx_gpio.c...
compiling gd32f4xx_i2c.c...
compiling gd32f4xx_fmc.c...
compiling gd32f4xx_rcu.c...
compiling gd32f4xx_rtc.c...
compiling gd32f4xx_timer.c...
compiling gd32f4xx_syscfg.c...
compiling gd32f4xx_exmc.c...
compiling gd32f4xx_misc.c...
compiling gd32f4xx_dma.c...
compiling gd32f4xx_spi.c...
compiling gd32f4xx_pmu.c...
compiling gd32f4xx_enet.c...
compiling systick.c...
compiling gd32f4xx_it.c...
compiling eth_bsp_config.c...
Driver\BSP\eth_bsp_config.c(53): warning:  #177-D: variable "ahb_frequency"  was declared but never referenced
       uint32_t ahb_frequency = 0;
Driver\BSP\eth_bsp_config.c(119): warning:  #188-D: enumerated type mixed with another type
      enet_init_status = enet_init(ENET_AUTO_NEGOTIATION, ENET_NO_AUTOCHECKSUM, ENET_MAC_FRMF_FAR);
Driver\BSP\eth_bsp_config.c(119): warning:  #68-D: integer conversion resulted in a change of sign
      enet_init_status = enet_init(ENET_AUTO_NEGOTIATION, ENET_NO_AUTOCHECKSUM, ENET_MAC_FRMF_FAR);
Driver\BSP\eth_bsp_config.c: 3 warnings, 0 errors
compiling main.c...
Core\src\main.c(296): warning:  #550-D: variable "err"  was set but never used
  	ErrStatus err;
Core\src\main.c(350): warning:  #1-D: last line of file ends without a newline
  }
Core\src\main.c(322): warning:  #177-D: function "Eth_LoopBackReset"  was declared but never referenced
  static void Eth_LoopBackReset(void)
Core\src\main.c(294): warning:  #177-D: function "Eth_LoopBackSet"  was declared but never referenced
  static void Eth_LoopBackSet(void)
Core\src\main.c: 4 warnings, 0 errors
compiling ethernetif.c...
Lib\LWIP\src\arch\ethernetif.c(94): warning:  #177-D: variable "i"  was declared but never referenced
      uint32_t i;
Lib\LWIP\src\arch\ethernetif.c: 1 warning, 0 errors
compiling sys_arch.c...
Lib\LWIP\src\arch\sys_arch.c(112): warning:  #167-D: argument of type "sys_sem_t" is incompatible with parameter of type "sys_sem_t *"
               sys_sem_signal(*sem);  //新创建的信号量是无效的，需要释放一个信号量
Lib\LWIP\src\arch\sys_arch.c(411): warning:  #1-D: last line of file ends without a newline
   #endif /* !NO_SYS */
Lib\LWIP\src\arch\sys_arch.c: 2 warnings, 0 errors
compiling netconf.c...
compiling Cpld_Ctrl.c...
Core\src\Cpld_Ctrl.c(41): warning:  #550-D: variable "Read_Data"  was set but never used
  	uint8_t Read_Data;
Core\src\Cpld_Ctrl.c: 1 warning, 0 errors
compiling Tcp_Server.c...
..\..\Basical_Temple\GD32_STD\Core\src\Tcp_Server.c(120): warning:  #111-D: statement is unreachable
    if (recv_data)
..\..\Basical_Temple\GD32_STD\Core\src\Tcp_Server.c(123): warning:  #1-D: last line of file ends without a newline
  }
..\..\Basical_Temple\GD32_STD\Core\src\Tcp_Server.c(17): warning:  #177-D: variable "j"  was declared but never referenced
    uint16_t i = 0, j = 0;
..\..\Basical_Temple\GD32_STD\Core\src\Tcp_Server.c: 3 warnings, 0 errors
compiling croutine.c...
compiling list.c...
compiling event_groups.c...
compiling queue.c...
compiling stream_buffer.c...
compiling tasks.c...
compiling timers.c...
compiling heap_4.c...
compiling port.c...
compiling altcp.c...
compiling altcp_tcp.c...
compiling altcp_alloc.c...
compiling def.c...
compiling dns.c...
compiling inet_chksum.c...
compiling ip.c...
compiling init.c...
compiling mem.c...
compiling memp.c...
compiling netif.c...
compiling raw.c...
compiling pbuf.c...
compiling stats.c...
compiling sys.c...
compiling tcp.c...
compiling tcp_in.c...
compiling timeouts.c...
compiling dhcp.c...
compiling udp.c...
compiling autoip.c...
compiling tcp_out.c...
compiling etharp.c...
compiling icmp.c...
compiling ip4_addr.c...
compiling ip4.c...
compiling ip4_frag.c...
compiling ethernet.c...
compiling igmp.c...
compiling api_lib.c...
compiling api_msg.c...
compiling err.c...
compiling netifapi.c...
compiling netdb.c...
compiling netbuf.c...
compiling if_api.c...
compiling SEGGER_RTT_printf.c...
compiling SEGGER_RTT.c...
compiling SEGGER_SYSVIEW.c...
compiling tcpip.c...
compiling SEGGER_SYSVIEW_FreeRTOS.c...
compiling SEGGER_SYSVIEW_Config_FreeRTOS.c...
compiling sockets.c...
linking...
Program Size: Code=95928 RO-data=2592 RW-data=532 ZI-data=122548  
FromELF: creating hex file...
".\Objects\ConCtrl.axf" - 0 Error(s), 14 Warning(s).

<h2>Software Packages used:</h2>

Package Vendor: GigaDevice
                http://gd32mcu.com/data/documents/pack/GigaDevice.GD32F4xx_DFP.3.0.0.pack
                GigaDevice.GD32F4xx_DFP.3.0.0
                GigaDevice GD32F4xx Series Device Support and Examples

<h2>Collection of Component include folders:</h2>
  .\RTE\_ConCtrl
  C:\Users\13687\AppData\Local\Arm\Packs\GigaDevice\GD32F4xx_DFP\3.0.0\Device\F4XX\Include

<h2>Collection of Component Files used:</h2>
Build Time Elapsed:  00:00:11
</pre>
</body>
</html>
