<html>
<body>
<pre>
<h1>µVision Build Log</h1>
<h2>Tool Versions:</h2>
IDE-Version: ¦ÌVision V5.30.0.0
Copyright (C) 2020 ARM Ltd and ARM Germany GmbH. All rights reserved.
License Information: z sy, hk, LIC=PE7DL-01Y3J-UH98H-W9CQL-4MU33-JG9MD
 
Tool Versions:
Toolchain:       MDK-ARM Plus  Version: 5.30.0.0
Toolchain Path:  C:\Keil_v5\ARM\ARMCC\Bin
C Compiler:      Armcc.exe V5.06 update 6 (build 750)
Assembler:       Armasm.exe V5.06 update 6 (build 750)
Linker/Locator:  ArmLink.exe V5.06 update 6 (build 750)
Library Manager: ArmAr.exe V5.06 update 6 (build 750)
Hex Converter:   FromElf.exe V5.06 update 6 (build 750)
CPU DLL:         SARMCM3.DLL V5.30.0.0
Dialog DLL:      DCM.DLL V1.17.3.0
Target DLL:      Segger\JL2CM3.dll V2.99.38.0
Dialog DLL:      TCM.DLL V1.42.0.0
 
<h2>Project:</h2>
C:\Users\13687\Desktop\GD32F407_\GD32_STD\ConCtrl.uvprojx
Project File Date:  03/03/2023

<h2>Output:</h2>
*** Using Compiler 'V5.06 update 6 (build 750)', folder: 'C:\Keil_v5\ARM\ARMCC\Bin'
Build target 'ConCtrl'
compiling main.c...
Core\src\main.c(296): warning:  #550-D: variable "err"  was set but never used
  	ErrStatus err;
Core\src\main.c(350): warning:  #1-D: last line of file ends without a newline
  }
Core\src\main.c(322): warning:  #177-D: function "Eth_LoopBackReset"  was declared but never referenced
  static void Eth_LoopBackReset(void)
Core\src\main.c(294): warning:  #177-D: function "Eth_LoopBackSet"  was declared but never referenced
  static void Eth_LoopBackSet(void)
Core\src\main.c: 4 warnings, 0 errors
linking...
Program Size: Code=95940 RO-data=2592 RW-data=532 ZI-data=122548  
FromELF: creating hex file...
".\Objects\ConCtrl.axf" - 0 Error(s), 4 Warning(s).

<h2>Software Packages used:</h2>

Package Vendor: GigaDevice
                http://gd32mcu.com/data/documents/pack/GigaDevice.GD32F4xx_DFP.3.0.0.pack
                GigaDevice.GD32F4xx_DFP.3.0.0
                GigaDevice GD32F4xx Series Device Support and Examples

<h2>Collection of Component include folders:</h2>
  .\RTE\_ConCtrl
  C:\Users\13687\AppData\Local\Arm\Packs\GigaDevice\GD32F4xx_DFP\3.0.0\Device\F4XX\Include

<h2>Collection of Component Files used:</h2>
Build Time Elapsed:  00:00:03
</pre>
</body>
</html>
